Archive member included to satisfy reference by file (symbol)

c:/nxp/s32ds_arm_v2.2/s32ds/build_tools/gcc_v6.3/gcc-6.3-arm32-eabi/bin/../lib/gcc/arm-none-eabi/6.3.1/thumb/v7e-m/fpv4-sp/hard\libgcc.a(_aeabi_uldivmod.o)
                              ./SDK/platform/pal/src/timing/timing_pal.o (__aeabi_uldivmod)
c:/nxp/s32ds_arm_v2.2/s32ds/build_tools/gcc_v6.3/gcc-6.3-arm32-eabi/bin/../lib/gcc/arm-none-eabi/6.3.1/thumb/v7e-m/fpv4-sp/hard\libgcc.a(_udivmoddi4.o)
                              c:/nxp/s32ds_arm_v2.2/s32ds/build_tools/gcc_v6.3/gcc-6.3-arm32-eabi/bin/../lib/gcc/arm-none-eabi/6.3.1/thumb/v7e-m/fpv4-sp/hard\libgcc.a(_aeabi_uldivmod.o) (__udivmoddi4)
c:/nxp/s32ds_arm_v2.2/s32ds/build_tools/gcc_v6.3/gcc-6.3-arm32-eabi/bin/../lib/gcc/arm-none-eabi/6.3.1/thumb/v7e-m/fpv4-sp/hard\libgcc.a(_dvmd_tls.o)
                              c:/nxp/s32ds_arm_v2.2/s32ds/build_tools/gcc_v6.3/gcc-6.3-arm32-eabi/bin/../lib/gcc/arm-none-eabi/6.3.1/thumb/v7e-m/fpv4-sp/hard\libgcc.a(_aeabi_uldivmod.o) (__aeabi_ldiv0)
C:/NXP/S32DS_ARM_v2.2/S32DS/build_tools/gcc_v6.3/gcc-6.3-arm32-eabi/arm-none-eabi/newlib/lib/thumb/v7e-m/fpv4-sp/hard\libc_nano.a(lib_a-exit.o)
                              C:/NXP/S32DS_ARM_v2.2/S32DS/build_tools/gcc_v6.3/gcc-6.3-arm32-eabi/arm-none-eabi/newlib/lib/thumb/v7e-m/fpv4-sp/hard/crt0.o (exit)
C:/NXP/S32DS_ARM_v2.2/S32DS/build_tools/gcc_v6.3/gcc-6.3-arm32-eabi/arm-none-eabi/newlib/lib/thumb/v7e-m/fpv4-sp/hard\libc_nano.a(lib_a-impure.o)
                              C:/NXP/S32DS_ARM_v2.2/S32DS/build_tools/gcc_v6.3/gcc-6.3-arm32-eabi/arm-none-eabi/newlib/lib/thumb/v7e-m/fpv4-sp/hard\libc_nano.a(lib_a-exit.o) (_global_impure_ptr)
C:/NXP/S32DS_ARM_v2.2/S32DS/build_tools/gcc_v6.3/gcc-6.3-arm32-eabi/arm-none-eabi/newlib/lib/thumb/v7e-m/fpv4-sp/hard\libc_nano.a(lib_a-init.o)
                              C:/NXP/S32DS_ARM_v2.2/S32DS/build_tools/gcc_v6.3/gcc-6.3-arm32-eabi/arm-none-eabi/newlib/lib/thumb/v7e-m/fpv4-sp/hard/crt0.o (__libc_init_array)
C:/NXP/S32DS_ARM_v2.2/S32DS/build_tools/gcc_v6.3/gcc-6.3-arm32-eabi/arm-none-eabi/newlib/lib/thumb/v7e-m/fpv4-sp/hard\libc_nano.a(lib_a-memcpy-stub.o)
                              ./RTT/SEGGER_RTT.o (memcpy)
C:/NXP/S32DS_ARM_v2.2/S32DS/build_tools/gcc_v6.3/gcc-6.3-arm32-eabi/arm-none-eabi/newlib/lib/thumb/v7e-m/fpv4-sp/hard\libc_nano.a(lib_a-memset.o)
                              C:/NXP/S32DS_ARM_v2.2/S32DS/build_tools/gcc_v6.3/gcc-6.3-arm32-eabi/arm-none-eabi/newlib/lib/thumb/v7e-m/fpv4-sp/hard/crt0.o (memset)
C:/NXP/S32DS_ARM_v2.2/S32DS/build_tools/gcc_v6.3/gcc-6.3-arm32-eabi/arm-none-eabi/newlib/lib/thumb/v7e-m/fpv4-sp/hard\libc_nano.a(lib_a-strlen.o)
                              ./RTT/SEGGER_RTT.o (strlen)
C:/NXP/S32DS_ARM_v2.2/S32DS/build_tools/gcc_v6.3/gcc-6.3-arm32-eabi/arm-none-eabi/newlib/lib/thumb/v7e-m/fpv4-sp/hard\libnosys.a(_exit.o)
                              C:/NXP/S32DS_ARM_v2.2/S32DS/build_tools/gcc_v6.3/gcc-6.3-arm32-eabi/arm-none-eabi/newlib/lib/thumb/v7e-m/fpv4-sp/hard\libc_nano.a(lib_a-exit.o) (_exit)

Discarded input sections

 .text          0x00000000        0x0 c:/nxp/s32ds_arm_v2.2/s32ds/build_tools/gcc_v6.3/gcc-6.3-arm32-eabi/bin/../lib/gcc/arm-none-eabi/6.3.1/thumb/v7e-m/fpv4-sp/hard/crti.o
 .data          0x00000000        0x0 c:/nxp/s32ds_arm_v2.2/s32ds/build_tools/gcc_v6.3/gcc-6.3-arm32-eabi/bin/../lib/gcc/arm-none-eabi/6.3.1/thumb/v7e-m/fpv4-sp/hard/crti.o
 .bss           0x00000000        0x0 c:/nxp/s32ds_arm_v2.2/s32ds/build_tools/gcc_v6.3/gcc-6.3-arm32-eabi/bin/../lib/gcc/arm-none-eabi/6.3.1/thumb/v7e-m/fpv4-sp/hard/crti.o
 .text          0x00000000       0xa4 c:/nxp/s32ds_arm_v2.2/s32ds/build_tools/gcc_v6.3/gcc-6.3-arm32-eabi/bin/../lib/gcc/arm-none-eabi/6.3.1/thumb/v7e-m/fpv4-sp/hard/crtbegin.o
 .data          0x00000000        0x4 c:/nxp/s32ds_arm_v2.2/s32ds/build_tools/gcc_v6.3/gcc-6.3-arm32-eabi/bin/../lib/gcc/arm-none-eabi/6.3.1/thumb/v7e-m/fpv4-sp/hard/crtbegin.o
 .bss           0x00000000       0x1c c:/nxp/s32ds_arm_v2.2/s32ds/build_tools/gcc_v6.3/gcc-6.3-arm32-eabi/bin/../lib/gcc/arm-none-eabi/6.3.1/thumb/v7e-m/fpv4-sp/hard/crtbegin.o
 .init_array    0x00000000        0x4 c:/nxp/s32ds_arm_v2.2/s32ds/build_tools/gcc_v6.3/gcc-6.3-arm32-eabi/bin/../lib/gcc/arm-none-eabi/6.3.1/thumb/v7e-m/fpv4-sp/hard/crtbegin.o
 .fini_array    0x00000000        0x4 c:/nxp/s32ds_arm_v2.2/s32ds/build_tools/gcc_v6.3/gcc-6.3-arm32-eabi/bin/../lib/gcc/arm-none-eabi/6.3.1/thumb/v7e-m/fpv4-sp/hard/crtbegin.o
 .eh_frame      0x00000000        0x0 c:/nxp/s32ds_arm_v2.2/s32ds/build_tools/gcc_v6.3/gcc-6.3-arm32-eabi/bin/../lib/gcc/arm-none-eabi/6.3.1/thumb/v7e-m/fpv4-sp/hard/crtbegin.o
 .jcr           0x00000000        0x0 c:/nxp/s32ds_arm_v2.2/s32ds/build_tools/gcc_v6.3/gcc-6.3-arm32-eabi/bin/../lib/gcc/arm-none-eabi/6.3.1/thumb/v7e-m/fpv4-sp/hard/crtbegin.o
 .tm_clone_table
[...]
Memory Configuration

Name             Origin             Length             Attributes
m_interrupts     0x0000e000         0x00000400         xr
m_flash_config   0x0000e400         0x00000010         xr
m_text           0x0000e410         0x00042000         xr
m_data           0x1fff8000         0x00008000         rw
m_data_2         0x20000000         0x00007000         rw
*default*        0x00000000         0xffffffff

Linker script and memory map

LOAD c:/nxp/s32ds_arm_v2.2/s32ds/build_tools/gcc_v6.3/gcc-6.3-arm32-eabi/bin/../lib/gcc/arm-none-eabi/6.3.1/thumb/v7e-m/fpv4-sp/hard/crti.o
LOAD c:/nxp/s32ds_arm_v2.2/s32ds/build_tools/gcc_v6.3/gcc-6.3-arm32-eabi/bin/../lib/gcc/arm-none-eabi/6.3.1/thumb/v7e-m/fpv4-sp/hard/crtbegin.o
LOAD C:/NXP/S32DS_ARM_v2.2/S32DS/build_tools/gcc_v6.3/gcc-6.3-arm32-eabi/arm-none-eabi/newlib/lib/thumb/v7e-m/fpv4-sp/hard/crt0.o
LOAD ./Generated_Code/Cpu.o
LOAD ./Generated_Code/Flash1.o
LOAD ./Generated_Code/can_pal1.o
LOAD ./Generated_Code/can_pal2.o
LOAD ./Generated_Code/clockMan1.o
LOAD ./Generated_Code/dmaController1.o
LOAD ./Generated_Code/pin_mux.o
LOAD ./Generated_Code/pwrMan1.o
LOAD ./Generated_Code/timing_pal1.o
LOAD ./Generated_Code/uart_pal1.o
LOAD ./Project_Settings/Startup_Code/startup_S32K144.o
LOAD ./RTT/SEGGER_RTT.o
LOAD ./RTT/SEGGER_RTT_Syscalls_GCC.o
LOAD ./RTT/SEGGER_RTT_printf.o
LOAD ./SDK/platform/devices/S32K144/startup/system_S32K144.o
LOAD ./SDK/platform/devices/startup.o
LOAD ./SDK/platform/drivers/src/clock/S32K1xx/clock_S32K1xx.o
LOAD ./SDK/platform/drivers/src/edma/edma_driver.o
LOAD ./SDK/platform/drivers/src/edma/edma_hw_access.o
LOAD ./SDK/platform/drivers/src/edma/edma_irq.o
LOAD ./SDK/platform/drivers/src/flash/flash_driver.o
LOAD ./SDK/platform/drivers/src/flexcan/flexcan_driver.o
LOAD ./SDK/platform/drivers/src/flexcan/flexcan_hw_access.o
LOAD ./SDK/platform/drivers/src/flexcan/flexcan_irq.o
LOAD ./SDK/platform/drivers/src/ftm/ftm_common.o
LOAD ./SDK/platform/drivers/src/ftm/ftm_hw_access.o
LOAD ./SDK/platform/drivers/src/ftm/ftm_mc_driver.o
LOAD ./SDK/platform/drivers/src/ftm/ftm_oc_driver.o
LOAD ./SDK/platform/drivers/src/interrupt/interrupt_manager.o
LOAD ./SDK/platform/drivers/src/lpuart/lpuart_driver.o
LOAD ./SDK/platform/drivers/src/lpuart/lpuart_hw_access.o
LOAD ./SDK/platform/drivers/src/lpuart/lpuart_irq.o
LOAD ./SDK/platform/drivers/src/pins/pins_driver.o
LOAD ./SDK/platform/drivers/src/pins/pins_port_hw_access.o
LOAD ./SDK/platform/drivers/src/power/S32K1xx/power_manager_S32K1xx.o
LOAD ./SDK/platform/drivers/src/power/S32K1xx/power_smc_hw_access.o
LOAD ./SDK/platform/drivers/src/power/power_manager.o
LOAD ./SDK/platform/pal/src/can/can_pal.o
LOAD ./SDK/platform/pal/src/timing/timing_irq.o
LOAD ./SDK/platform/pal/src/timing/timing_pal.o
LOAD ./SDK/platform/pal/src/uart/uart_pal.o
LOAD ./SDK/rtos/FreeRTOS_S32K/Source/croutine.o
LOAD ./SDK/rtos/FreeRTOS_S32K/Source/event_groups.o
LOAD ./SDK/rtos/FreeRTOS_S32K/Source/list.o
LOAD ./SDK/rtos/FreeRTOS_S32K/Source/queue.o
LOAD ./SDK/rtos/FreeRTOS_S32K/Source/stream_buffer.o
LOAD ./SDK/rtos/FreeRTOS_S32K/Source/tasks.o
LOAD ./SDK/rtos/FreeRTOS_S32K/Source/timers.o
LOAD ./SDK/rtos/FreeRTOS_S32K/Source/portable/GCC/ARM_CM4F/port.o
LOAD ./SDK/rtos/FreeRTOS_S32K/Source/portable/MemMang/heap_2.o
LOAD ./SDK/rtos/osif/osif_freertos.o
LOAD ./Sources/app_main.o
LOAD ./Sources/bb_memory.o
LOAD ./Sources/can.o
LOAD ./Sources/can_app.o
LOAD ./Sources/can_queue.o
LOAD ./Sources/can_rx_task.o
LOAD ./Sources/can_tx_task.o
LOAD ./Sources/clock.o
LOAD ./Sources/core_main.o
LOAD ./Sources/diagnostic_task.o
LOAD ./Sources/gpio.o
LOAD ./Sources/internal_flash.o
LOAD ./Sources/internal_flash_app.o
LOAD ./Sources/main.o
LOAD ./Sources/operating_system.o
LOAD ./Sources/rr_nvic.o
LOAD ./Sources/timer.o
LOAD ./Sources/tork_update_app.o
LOAD ./Sources/uart.o
LOAD ./Sources/uart_queue.o
LOAD ./Sources/uart_rx_task.o
LOAD ./Sources/uart_state_machine.o
LOAD ./Sources/uart_tx_task.o
START GROUP
LOAD c:/nxp/s32ds_arm_v2.2/s32ds/build_tools/gcc_v6.3/gcc-6.3-arm32-eabi/bin/../lib/gcc/arm-none-eabi/6.3.1/thumb/v7e-m/fpv4-sp/hard\libgcc.a
LOAD C:/NXP/S32DS_ARM_v2.2/S32DS/build_tools/gcc_v6.3/gcc-6.3-arm32-eabi/arm-none-eabi/newlib/lib/thumb/v7e-m/fpv4-sp/hard\libc_nano.a
END GROUP
START GROUP
LOAD c:/nxp/s32ds_arm_v2.2/s32ds/build_tools/gcc_v6.3/gcc-6.3-arm32-eabi/bin/../lib/gcc/arm-none-eabi/6.3.1/thumb/v7e-m/fpv4-sp/hard\libgcc.a
LOAD C:/NXP/S32DS_ARM_v2.2/S32DS/build_tools/gcc_v6.3/gcc-6.3-arm32-eabi/arm-none-eabi/newlib/lib/thumb/v7e-m/fpv4-sp/hard\libc_nano.a
LOAD C:/NXP/S32DS_ARM_v2.2/S32DS/build_tools/gcc_v6.3/gcc-6.3-arm32-eabi/arm-none-eabi/newlib/lib/thumb/v7e-m/fpv4-sp/hard\libnosys.a
END GROUP
START GROUP
LOAD c:/nxp/s32ds_arm_v2.2/s32ds/build_tools/gcc_v6.3/gcc-6.3-arm32-eabi/bin/../lib/gcc/arm-none-eabi/6.3.1/thumb/v7e-m/fpv4-sp/hard\libgcc.a
LOAD C:/NXP/S32DS_ARM_v2.2/S32DS/build_tools/gcc_v6.3/gcc-6.3-arm32-eabi/arm-none-eabi/newlib/lib/thumb/v7e-m/fpv4-sp/hard\libc_nano.a
LOAD C:/NXP/S32DS_ARM_v2.2/S32DS/build_tools/gcc_v6.3/gcc-6.3-arm32-eabi/arm-none-eabi/newlib/lib/thumb/v7e-m/fpv4-sp/hard\libnosys.a
END GROUP
LOAD c:/nxp/s32ds_arm_v2.2/s32ds/build_tools/gcc_v6.3/gcc-6.3-arm32-eabi/bin/../lib/gcc/arm-none-eabi/6.3.1/thumb/v7e-m/fpv4-sp/hard/crtend.o
LOAD c:/nxp/s32ds_arm_v2.2/s32ds/build_tools/gcc_v6.3/gcc-6.3-arm32-eabi/bin/../lib/gcc/arm-none-eabi/6.3.1/thumb/v7e-m/fpv4-sp/hard/crtn.o
                0x00000400                HEAP_SIZE = DEFINED (__heap_size__)?__heap_size__:0x400
                0x00000400                STACK_SIZE = DEFINED (__stack_size__)?__stack_size__:0x400
                0x00000400                M_VECTOR_RAM_SIZE = DEFINED (__flash_vector_table__)?0x0:0x400

.interrupts     0x0000e000      0x400
                0x0000e000                __VECTOR_TABLE = .
                0x0000e000                __interrupts_start__ = .
                0x0000e000                . = ALIGN (0x4)
 *(.isr_vector)
 .isr_vector    0x0000e000      0x400 ./Project_Settings/Startup_Code/startup_S32K144.o
                0x0000e000                __isr_vector
                0x0000e400                __interrupts_end__ = .
                0x0000e400                . = ALIGN (0x4)

.flash_config   0x0000e400       0x10
                0x0000e400                . = ALIGN (0x4)
 *(.FlashConfig)
 .FlashConfig   0x0000e400       0x10 ./Project_Settings/Startup_Code/startup_S32K144.o
                0x0000e410                . = ALIGN (0x4)

.text           0x0000e410     0x82a8
                0x0000e410                . = ALIGN (0x4)
 *(.text)
 .text          0x0000e410       0x4c ./Project_Settings/Startup_Code/startup_S32K144.o
                0x0000e410                Reset_Handler
                0x0000e458                DebugMon_Handler
                0x0000e458                Reserved88_IRQHandler
                0x0000e458                HardFault_Handler
                0x0000e458                Reserved86_IRQHandler
                0x0000e458                Reserved103_IRQHandler
                0x0000e458                FTM2_Ovf_Reload_IRQHandler
                0x0000e458                Reserved50_IRQHandler
                0x0000e458                FTFC_Fault_IRQHandler
                0x0000e458                FTM0_Ch6_Ch7_IRQHandler
                0x0000e458                Reserved114_IRQHandler
                0x0000e458                NMI_Handler
                0x0000e458                Reserved89_IRQHandler
                0x0000e458                ERM_double_fault_IRQHandler
                0x0000e458                Reserved59_IRQHandler
                0x0000e458                LPIT0_Ch0_IRQHandler
                0x0000e458                Reserved99_IRQHandler
                0x0000e458                FTM3_Ch6_Ch7_IRQHandler
                0x0000e458                LPIT0_Ch3_IRQHandler
                0x0000e458                Reserved92_IRQHandler
                0x0000e458                FTM0_Ch4_Ch5_IRQHandler
                0x0000e458                FTM3_Ch0_Ch1_IRQHandler
                0x0000e458                SWI_IRQHandler
                0x0000e458                ADC0_IRQHandler
                0x0000e458                FTM2_Ch4_Ch5_IRQHandler
                0x0000e458                UsageFault_Handler
                0x0000e458                FTM0_Ovf_Reload_IRQHandler
                0x0000e458                DefaultISR
                0x0000e458                Reserved58_IRQHandler
                0x0000e458                FTM1_Ch2_Ch3_IRQHandler
                0x0000e458                Reserved82_IRQHandler
                0x0000e458                LPI2C0_Slave_IRQHandler
                0x0000e458                Reserved71_IRQHandler
                0x0000e458                PORTD_IRQHandler
                0x0000e458                Reserved69_IRQHandler
                0x0000e458                PORTB_IRQHandler
                0x0000e458                Reserved70_IRQHandler
                0x0000e458                ADC1_IRQHandler
                0x0000e458                FTM2_Ch2_Ch3_IRQHandler
                0x0000e458                Reserved53_IRQHandler
                0x0000e458                RTC_IRQHandler
                0x0000e458                PDB0_IRQHandler
                0x0000e458                Reserved54_IRQHandler
                0x0000e458                FTM2_Ch6_Ch7_IRQHandler
                0x0000e458                FTM3_Ch2_Ch3_IRQHandler
                0x0000e458                FTM2_Ch0_Ch1_IRQHandler
                0x0000e458                LPSPI1_IRQHandler
                0x0000e458                LPUART1_RxTx_IRQHandler
                0x0000e458                RTC_Seconds_IRQHandler
                0x0000e458                Reserved72_IRQHandler
                0x0000e458                Reserved110_IRQHandler
                0x0000e458                Reserved107_IRQHandler
                0x0000e458                Read_Collision_IRQHandler
                0x0000e458                FTFC_IRQHandler
                0x0000e458                FTM1_Ch6_Ch7_IRQHandler
                0x0000e458                Reserved105_IRQHandler
                0x0000e458                LPIT0_Ch1_IRQHandler
                0x0000e458                FTM1_Ch4_Ch5_IRQHandler
                0x0000e458                FTM3_Ovf_Reload_IRQHandler
                0x0000e458                LPUART2_RxTx_IRQHandler
                0x0000e458                LPSPI0_IRQHandler
                0x0000e458                WDOG_EWM_IRQHandler
                0x0000e458                MemManage_Handler
                0x0000e458                Reserved90_IRQHandler
                0x0000e458                Reserved83_IRQHandler
                0x0000e458                FTM0_Fault_IRQHandler
                0x0000e458                Reserved48_IRQHandler
                0x0000e458                ERM_single_fault_IRQHandler
                0x0000e458                FTM2_Fault_IRQHandler
                0x0000e458                FTM0_Ch2_Ch3_IRQHandler
                0x0000e458                FTM0_Ch0_Ch1_IRQHandler
                0x0000e458                FTM3_Fault_IRQHandler
                0x0000e458                RCM_IRQHandler
                0x0000e458                Reserved100_IRQHandler
                0x0000e458                Reserved91_IRQHandler
                0x0000e458                SCG_IRQHandler
                0x0000e458                PDB1_IRQHandler
                0x0000e458                Reserved81_IRQHandler
                0x0000e458                Reserved46_IRQHandler
                0x0000e458                Reserved45_IRQHandler
                0x0000e458                Reserved112_IRQHandler
                0x0000e458                LPI2C0_Master_IRQHandler
                0x0000e458                FTM1_Fault_IRQHandler
                0x0000e458                Reserved106_IRQHandler
                0x0000e458                LVD_LVW_IRQHandler
                0x0000e458                LPIT0_Ch2_IRQHandler
                0x0000e458                PORTA_IRQHandler
                0x0000e458                MCM_IRQHandler
                0x0000e458                LPSPI2_IRQHandler
                0x0000e458                FTM3_Ch4_Ch5_IRQHandler
                0x0000e458                PORTE_IRQHandler
                0x0000e458                LPUART0_RxTx_IRQHandler
                0x0000e458                LPTMR0_IRQHandler
                0x0000e458                BusFault_Handler
                0x0000e458                Reserved87_IRQHandler
                0x0000e458                FTM1_Ovf_Reload_IRQHandler
                0x0000e458                Reserved93_IRQHandler
                0x0000e458                CMP0_IRQHandler
                0x0000e458                Reserved52_IRQHandler
                0x0000e458                PORTC_IRQHandler
                0x0000e458                FTM1_Ch0_Ch1_IRQHandler
                0x0000e458                FLEXIO_IRQHandler
                0x0000e458                Reserved113_IRQHandler
 *(.text*)
 .text.SystemInit
                0x0000e45c       0x3c ./SDK/platform/devices/S32K144/startup/system_S32K144.o
                0x0000e45c                SystemInit
 .text.SystemSoftwareReset
                0x0000e498       0x18 ./SDK/platform/devices/S32K144/startup/system_S32K144.o
                0x0000e498                SystemSoftwareReset
 .text.init_data_bss
                0x0000e4b0       0xd8 ./SDK/platform/devices/startup.o
                0x0000e4b0                init_data_bss
 .text.CLOCK_SYS_GetCurrentRunMode
                0x0000e588       0x24 ./SDK/platform/drivers/src/clock/S32K1xx/clock_S32K1xx.o
 .text.CLOCK_SYS_GetSysOscFreq
                0x0000e5ac       0x1c ./SDK/platform/drivers/src/clock/S32K1xx/clock_S32K1xx.o
 .text.CLOCK_SYS_ConfigureSOSC
                0x0000e5c8      0x12c ./SDK/platform/drivers/src/clock/S32K1xx/clock_S32K1xx.o
 .text.CLOCK_SYS_GetSircFreq
                0x0000e6f4       0x2c ./SDK/platform/drivers/src/clock/S32K1xx/clock_S32K1xx.o
 .text.CLOCK_SYS_ConfigureSIRC
                0x0000e720       0xc4 ./SDK/platform/drivers/src/clock/S32K1xx/clock_S32K1xx.o
 .text.CLOCK_SYS_GetFircFreq
                0x0000e7e4       0x20 ./SDK/platform/drivers/src/clock/S32K1xx/clock_S32K1xx.o
 .text.CLOCK_SYS_ConfigureFIRC
                0x0000e804       0xb4 ./SDK/platform/drivers/src/clock/S32K1xx/clock_S32K1xx.o
 .text.CLOCK_SYS_GetSysPllFreq
                0x0000e8b8       0x44 ./SDK/platform/drivers/src/clock/S32K1xx/clock_S32K1xx.o
 .text.CLOCK_SYS_ConfigureSPLL
                0x0000e8fc      0x104 ./SDK/platform/drivers/src/clock/S32K1xx/clock_S32K1xx.o
 .text.CLOCK_SYS_SetSystemClockConfig
                0x0000ea00      0x1e4 ./SDK/platform/drivers/src/clock/S32K1xx/clock_S32K1xx.o
 .text.CLOCK_SYS_TransitionSystemClock
                0x0000ebe4       0x3c ./SDK/platform/drivers/src/clock/S32K1xx/clock_S32K1xx.o
 .text.CLOCK_SYS_GetSystemClockFreq
                0x0000ec20       0x78 ./SDK/platform/drivers/src/clock/S32K1xx/clock_S32K1xx.o
 .text.CLOCK_SYS_GetScgClkOutFreq
                0x0000ec98       0x44 ./SDK/platform/drivers/src/clock/S32K1xx/clock_S32K1xx.o
 .text.CLOCK_SYS_GetSysAsyncFreq
                0x0000ecdc       0xd4 ./SDK/platform/drivers/src/clock/S32K1xx/clock_S32K1xx.o
 .text.CLOCK_SYS_GetSimRtcClkFreq
                0x0000edb0       0x50 ./SDK/platform/drivers/src/clock/S32K1xx/clock_S32K1xx.o
 .text.CLOCK_SYS_GetPeripheralClock
                0x0000ee00       0x78 ./SDK/platform/drivers/src/clock/S32K1xx/clock_S32K1xx.o
 .text.CLOCK_SYS_GetLpoFreq
                0x0000ee78       0x4c ./SDK/platform/drivers/src/clock/S32K1xx/clock_S32K1xx.o
 .text.CLOCK_SYS_GetSimClkOutFreq
                0x0000eec4       0x98 ./SDK/platform/drivers/src/clock/S32K1xx/clock_S32K1xx.o
 .text.CLOCK_DRV_Init
                0x0000ef5c      0x598 ./SDK/platform/drivers/src/clock/S32K1xx/clock_S32K1xx.o
                0x0000ef5c                CLOCK_DRV_Init
 .text.CLOCK_DRV_GetFreq
                0x0000f4f4      0x3b0 ./SDK/platform/drivers/src/clock/S32K1xx/clock_S32K1xx.o
                0x0000f4f4                CLOCK_DRV_GetFreq
 .text.CLOCK_SYS_Init
                0x0000f8a4       0x1c ./SDK/platform/drivers/src/clock/S32K1xx/clock_S32K1xx.o
                0x0000f8a4                CLOCK_SYS_Init
 .text.CLOCK_SYS_UpdateConfiguration
                0x0000f8c0       0xe8 ./SDK/platform/drivers/src/clock/S32K1xx/clock_S32K1xx.o
                0x0000f8c0                CLOCK_SYS_UpdateConfiguration
 .text.CLOCK_SYS_GetFreq
                0x0000f9a8        0x8 ./SDK/platform/drivers/src/clock/S32K1xx/clock_S32K1xx.o
                0x0000f9a8                CLOCK_SYS_GetFreq
 .text.EDMA_DRV_InstallCallback
                0x0000f9b0       0x20 ./SDK/platform/drivers/src/edma/edma_driver.o
                0x0000f9b0                EDMA_DRV_InstallCallback
 .text.EDMA_DRV_IRQHandler
                0x0000f9d0       0x2c ./SDK/platform/drivers/src/edma/edma_driver.o
                0x0000f9d0                EDMA_DRV_IRQHandler
 .text.EDMA_DRV_ErrorIRQHandler
                0x0000f9fc       0x3c ./SDK/platform/drivers/src/edma/edma_driver.o
                0x0000f9fc                EDMA_DRV_ErrorIRQHandler
 .text.EDMA_DRV_ConfigSingleBlockTransfer
                0x0000fa38      0x148 ./SDK/platform/drivers/src/edma/edma_driver.o
                0x0000fa38                EDMA_DRV_ConfigSingleBlockTransfer
 .text.EDMA_DRV_ConfigMultiBlockTransfer
                0x0000fb80       0x64 ./SDK/platform/drivers/src/edma/edma_driver.o
                0x0000fb80                EDMA_DRV_ConfigMultiBlockTransfer
 .text.EDMA_DRV_StartChannel
                0x0000fbe4       0x18 ./SDK/platform/drivers/src/edma/edma_driver.o
                0x0000fbe4                EDMA_DRV_StartChannel
 .text.EDMA_DRV_StopChannel
                0x0000fbfc       0x18 ./SDK/platform/drivers/src/edma/edma_driver.o
                0x0000fbfc                EDMA_DRV_StopChannel
 .text.EDMA_DRV_SetSrcAddr
                0x0000fc14       0x14 ./SDK/platform/drivers/src/edma/edma_driver.o
                0x0000fc14                EDMA_DRV_SetSrcAddr
 .text.EDMA_DRV_SetDestAddr
                0x0000fc28       0x16 ./SDK/platform/drivers/src/edma/edma_driver.o
                0x0000fc28                EDMA_DRV_SetDestAddr
 *fill*         0x0000fc3e        0x2 
 .text.EDMA_DRV_SetMajorLoopIterationCount
                0x0000fc40       0x14 ./SDK/platform/drivers/src/edma/edma_driver.o
                0x0000fc40                EDMA_DRV_SetMajorLoopIterationCount
 .text.EDMA_DRV_DisableRequestsOnTransferComplete
                0x0000fc54       0x38 ./SDK/platform/drivers/src/edma/edma_driver.o
                0x0000fc54                EDMA_DRV_DisableRequestsOnTransferComplete
 .text.EDMA_DRV_GetDmaRegBaseAddr
                0x0000fc8c        0x8 ./SDK/platform/drivers/src/edma/edma_driver.o
                0x0000fc8c                EDMA_DRV_GetDmaRegBaseAddr
 .text.EDMA_SetDmaRequestCmd
                0x0000fc94        0xa ./SDK/platform/drivers/src/edma/edma_hw_access.o
                0x0000fc94                EDMA_SetDmaRequestCmd
 .text.EDMA_TCDClearReg
                0x0000fc9e       0x4a ./SDK/platform/drivers/src/edma/edma_hw_access.o
                0x0000fc9e                EDMA_TCDClearReg
 .text.EDMA_TCDSetAttribute
                0x0000fce8       0x30 ./SDK/platform/drivers/src/edma/edma_hw_access.o
                0x0000fce8                EDMA_TCDSetAttribute
 .text.EDMA_TCDSetNbytes
                0x0000fd18       0x5c ./SDK/platform/drivers/src/edma/edma_hw_access.o
                0x0000fd18                EDMA_TCDSetNbytes
 .text.EDMA_TCDSetMajorCount
                0x0000fd74       0x5e ./SDK/platform/drivers/src/edma/edma_hw_access.o
                0x0000fd74                EDMA_TCDSetMajorCount
 .text.DMA0_IRQHandler
                0x0000fdd2        0xa ./SDK/platform/drivers/src/edma/edma_irq.o
                0x0000fdd2                DMA0_IRQHandler
 .text.DMA1_IRQHandler
                0x0000fddc        0xa ./SDK/platform/drivers/src/edma/edma_irq.o
                0x0000fddc                DMA1_IRQHandler
 .text.DMA2_IRQHandler
                0x0000fde6        0xa ./SDK/platform/drivers/src/edma/edma_irq.o
                0x0000fde6                DMA2_IRQHandler
 .text.DMA3_IRQHandler
                0x0000fdf0        0xa ./SDK/platform/drivers/src/edma/edma_irq.o
                0x0000fdf0                DMA3_IRQHandler
 .text.DMA4_IRQHandler
                0x0000fdfa        0xa ./SDK/platform/drivers/src/edma/edma_irq.o
                0x0000fdfa                DMA4_IRQHandler
 .text.DMA5_IRQHandler
                0x0000fe04        0xa ./SDK/platform/drivers/src/edma/edma_irq.o
                0x0000fe04                DMA5_IRQHandler
 .text.DMA6_IRQHandler
                0x0000fe0e        0xa ./SDK/platform/drivers/src/edma/edma_irq.o
                0x0000fe0e                DMA6_IRQHandler
 .text.DMA7_IRQHandler
                0x0000fe18        0xa ./SDK/platform/drivers/src/edma/edma_irq.o
                0x0000fe18                DMA7_IRQHandler
 .text.DMA8_IRQHandler
                0x0000fe22        0xa ./SDK/platform/drivers/src/edma/edma_irq.o
                0x0000fe22                DMA8_IRQHandler
 .text.DMA9_IRQHandler
                0x0000fe2c        0xa ./SDK/platform/drivers/src/edma/edma_irq.o
                0x0000fe2c                DMA9_IRQHandler
 .text.DMA10_IRQHandler
                0x0000fe36        0xa ./SDK/platform/drivers/src/edma/edma_irq.o
                0x0000fe36                DMA10_IRQHandler
 .text.DMA11_IRQHandler
                0x0000fe40        0xa ./SDK/platform/drivers/src/edma/edma_irq.o
                0x0000fe40                DMA11_IRQHandler
 .text.DMA12_IRQHandler
                0x0000fe4a        0xa ./SDK/platform/drivers/src/edma/edma_irq.o
                0x0000fe4a                DMA12_IRQHandler
 .text.DMA13_IRQHandler
                0x0000fe54        0xa ./SDK/platform/drivers/src/edma/edma_irq.o
                0x0000fe54                DMA13_IRQHandler
 .text.DMA14_IRQHandler
                0x0000fe5e        0xa ./SDK/platform/drivers/src/edma/edma_irq.o
                0x0000fe5e                DMA14_IRQHandler
 .text.DMA15_IRQHandler
                0x0000fe68        0xa ./SDK/platform/drivers/src/edma/edma_irq.o
                0x0000fe68                DMA15_IRQHandler
 .text.DMA_Error_IRQHandler
                0x0000fe72       0x28 ./SDK/platform/drivers/src/edma/edma_irq.o
                0x0000fe72                DMA_Error_IRQHandler
 *fill*         0x0000fe9a        0x2 
 .text.FLASH_DRV_Init
                0x0000fe9c       0xcc ./SDK/platform/drivers/src/flash/flash_driver.o
                0x0000fe9c                FLASH_DRV_Init
 .text.FLEXCAN_StartSendData
                0x0000ff68       0xb8 ./SDK/platform/drivers/src/flexcan/flexcan_driver.o
 .text.FLEXCAN_StartRxMessageBufferData
                0x00010020       0x8c ./SDK/platform/drivers/src/flexcan/flexcan_driver.o
 .text.FLEXCAN_StartRxMessageFifoData
                0x000100ac      0x114 ./SDK/platform/drivers/src/flexcan/flexcan_driver.o
 .text.FLEXCAN_CompleteRxMessageFifoData
                0x000101c0       0xb0 ./SDK/platform/drivers/src/flexcan/flexcan_driver.o
 .text.FLEXCAN_CompleteRxFifoDataDMA
                0x00010270       0x30 ./SDK/platform/drivers/src/flexcan/flexcan_driver.o
 .text.FLEXCAN_CompleteTransfer
                0x000102a0       0x48 ./SDK/platform/drivers/src/flexcan/flexcan_driver.o
 .text.FLEXCAN_DRV_SetRxMaskType
                0x000102e8       0x30 ./SDK/platform/drivers/src/flexcan/flexcan_driver.o
                0x000102e8                FLEXCAN_DRV_SetRxMaskType
 .text.FLEXCAN_DRV_SetRxIndividualMask
                0x00010318      0x118 ./SDK/platform/drivers/src/flexcan/flexcan_driver.o
                0x00010318                FLEXCAN_DRV_SetRxIndividualMask
 .text.FLEXCAN_DRV_Init
                0x00010430      0x2c8 ./SDK/platform/drivers/src/flexcan/flexcan_driver.o
                0x00010430                FLEXCAN_DRV_Init
 .text.FLEXCAN_DRV_ConfigTxMb
                0x000106f8       0x40 ./SDK/platform/drivers/src/flexcan/flexcan_driver.o
                0x000106f8                FLEXCAN_DRV_ConfigTxMb
 .text.FLEXCAN_DRV_Send
                0x00010738       0x34 ./SDK/platform/drivers/src/flexcan/flexcan_driver.o
                0x00010738                FLEXCAN_DRV_Send
 .text.FLEXCAN_DRV_ConfigRxMb
                0x0001076c       0x68 ./SDK/platform/drivers/src/flexcan/flexcan_driver.o
                0x0001076c                FLEXCAN_DRV_ConfigRxMb
 .text.FLEXCAN_DRV_ConfigRxFifo
                0x000107d4       0x28 ./SDK/platform/drivers/src/flexcan/flexcan_driver.o
                0x000107d4                FLEXCAN_DRV_ConfigRxFifo
 .text.FLEXCAN_DRV_Receive
                0x000107fc        0xa ./SDK/platform/drivers/src/flexcan/flexcan_driver.o
                0x000107fc                FLEXCAN_DRV_Receive
 .text.FLEXCAN_DRV_RxFifo
                0x00010806        0xa ./SDK/platform/drivers/src/flexcan/flexcan_driver.o
                0x00010806                FLEXCAN_DRV_RxFifo
 .text.FLEXCAN_Error_IRQHandler
                0x00010810       0x28 ./SDK/platform/drivers/src/flexcan/flexcan_driver.o
                0x00010810                FLEXCAN_Error_IRQHandler
 .text.FLEXCAN_WakeUpHandler
                0x00010838       0x6c ./SDK/platform/drivers/src/flexcan/flexcan_driver.o
                0x00010838                FLEXCAN_WakeUpHandler
 .text.FLEXCAN_IRQHandler
                0x000108a4      0x1c8 ./SDK/platform/drivers/src/flexcan/flexcan_driver.o
                0x000108a4                FLEXCAN_IRQHandler
 .text.FLEXCAN_DRV_InstallEventCallback
                0x00010a6c       0x14 ./SDK/platform/drivers/src/flexcan/flexcan_driver.o
                0x00010a6c                FLEXCAN_DRV_InstallEventCallback
 .text.FLEXCAN_DRV_GetWMB
                0x00010a80       0x3c ./SDK/platform/drivers/src/flexcan/flexcan_driver.o
                0x00010a80                FLEXCAN_DRV_GetWMB
 .text.FLEXCAN_ComputePayloadSize
                0x00010abc       0x36 ./SDK/platform/drivers/src/flexcan/flexcan_hw_access.o
 *fill*         0x00010af2        0x2 
 .text.FLEXCAN_GetRxFifoMask
                0x00010af4       0x60 ./SDK/platform/drivers/src/flexcan/flexcan_hw_access.o
                0x00010af4                FLEXCAN_GetRxFifoMask
 .text.FLEXCAN_GetMaxMbNum
                0x00010b54       0x2c ./SDK/platform/drivers/src/flexcan/flexcan_hw_access.o
                0x00010b54                FLEXCAN_GetMaxMbNum
 .text.FLEXCAN_Enable
                0x00010b80       0x2a ./SDK/platform/drivers/src/flexcan/flexcan_hw_access.o
                0x00010b80                FLEXCAN_Enable
 .text.FLEXCAN_Disable
                0x00010baa       0x18 ./SDK/platform/drivers/src/flexcan/flexcan_hw_access.o
                0x00010baa                FLEXCAN_Disable
 *fill*         0x00010bc2        0x2 
 .text.FLEXCAN_Init
                0x00010bc4       0x68 ./SDK/platform/drivers/src/flexcan/flexcan_hw_access.o
                0x00010bc4                FLEXCAN_Init
 .text.FLEXCAN_EnableRxFifo
                0x00010c2c       0x54 ./SDK/platform/drivers/src/flexcan/flexcan_hw_access.o
                0x00010c2c                FLEXCAN_EnableRxFifo
 .text.FLEXCAN_SetRxFifoFilter
                0x00010c80      0x1d8 ./SDK/platform/drivers/src/flexcan/flexcan_hw_access.o
                0x00010c80                FLEXCAN_SetRxFifoFilter
 .text.FLEXCAN_SetMsgBuffIntCmd
                0x00010e58       0x3c ./SDK/platform/drivers/src/flexcan/flexcan_hw_access.o
                0x00010e58                FLEXCAN_SetMsgBuffIntCmd
 .text.FLEXCAN_ExitFreezeMode
                0x00010e94       0x1a ./SDK/platform/drivers/src/flexcan/flexcan_hw_access.o
                0x00010e94                FLEXCAN_ExitFreezeMode
 .text.FLEXCAN_EnterFreezeMode
                0x00010eae       0x40 ./SDK/platform/drivers/src/flexcan/flexcan_hw_access.o
                0x00010eae                FLEXCAN_EnterFreezeMode
 *fill*         0x00010eee        0x2 
 .text.FLEXCAN_ClearErrIntStatusFlag
                0x00010ef0       0x14 ./SDK/platform/drivers/src/flexcan/flexcan_hw_access.o
                0x00010ef0                FLEXCAN_ClearErrIntStatusFlag
 .text.FLEXCAN_ReadRxFifo
                0x00010f04       0x56 ./SDK/platform/drivers/src/flexcan/flexcan_hw_access.o
                0x00010f04                FLEXCAN_ReadRxFifo
 .text.FLEXCAN_SetOperationMode
                0x00010f5a       0x5e ./SDK/platform/drivers/src/flexcan/flexcan_hw_access.o
                0x00010f5a                FLEXCAN_SetOperationMode
 .text.FLEXCAN_SetPayloadSize
                0x00010fb8       0x1a ./SDK/platform/drivers/src/flexcan/flexcan_hw_access.o
                0x00010fb8                FLEXCAN_SetPayloadSize
 .text.FLEXCAN_GetPayloadSize
                0x00010fd2       0x20 ./SDK/platform/drivers/src/flexcan/flexcan_hw_access.o
                0x00010fd2                FLEXCAN_GetPayloadSize
 .text.FLEXCAN_GetMsgBuffRegion
                0x00010ff2       0x30 ./SDK/platform/drivers/src/flexcan/flexcan_hw_access.o
                0x00010ff2                FLEXCAN_GetMsgBuffRegion
 *fill*         0x00011022        0x2 
 .text.FLEXCAN_SetTxMsgBuff
                0x00011024      0x180 ./SDK/platform/drivers/src/flexcan/flexcan_hw_access.o
                0x00011024                FLEXCAN_SetTxMsgBuff
 .text.FLEXCAN_SetRxMsgBuff
                0x000111a4       0xc8 ./SDK/platform/drivers/src/flexcan/flexcan_hw_access.o
                0x000111a4                FLEXCAN_SetRxMsgBuff
 .text.FLEXCAN_GetMsgBuff
                0x0001126c       0x96 ./SDK/platform/drivers/src/flexcan/flexcan_hw_access.o
                0x0001126c                FLEXCAN_GetMsgBuff
 .text.FLEXCAN_LockRxMsgBuff
                0x00011302        0xa ./SDK/platform/drivers/src/flexcan/flexcan_hw_access.o
                0x00011302                FLEXCAN_LockRxMsgBuff
 .text.FLEXCAN_SetMaxMsgBuffNum
                0x0001130c       0x9c ./SDK/platform/drivers/src/flexcan/flexcan_hw_access.o
                0x0001130c                FLEXCAN_SetMaxMsgBuffNum
 .text.CAN0_ORed_IRQHandler
                0x000113a8        0xa ./SDK/platform/drivers/src/flexcan/flexcan_irq.o
                0x000113a8                CAN0_ORed_IRQHandler
 .text.CAN0_Error_IRQHandler
                0x000113b2        0xa ./SDK/platform/drivers/src/flexcan/flexcan_irq.o
                0x000113b2                CAN0_Error_IRQHandler
 .text.CAN0_Wake_Up_IRQHandler
                0x000113bc        0xa ./SDK/platform/drivers/src/flexcan/flexcan_irq.o
                0x000113bc                CAN0_Wake_Up_IRQHandler
 .text.CAN0_ORed_0_15_MB_IRQHandler
                0x000113c6        0xa ./SDK/platform/drivers/src/flexcan/flexcan_irq.o
                0x000113c6                CAN0_ORed_0_15_MB_IRQHandler
 .text.CAN0_ORed_16_31_MB_IRQHandler
                0x000113d0        0xa ./SDK/platform/drivers/src/flexcan/flexcan_irq.o
                0x000113d0                CAN0_ORed_16_31_MB_IRQHandler
 .text.CAN1_ORed_IRQHandler
                0x000113da        0xa ./SDK/platform/drivers/src/flexcan/flexcan_irq.o
                0x000113da                CAN1_ORed_IRQHandler
 .text.CAN1_Error_IRQHandler
                0x000113e4        0xa ./SDK/platform/drivers/src/flexcan/flexcan_irq.o
                0x000113e4                CAN1_Error_IRQHandler
 .text.CAN1_ORed_0_15_MB_IRQHandler
                0x000113ee        0xa ./SDK/platform/drivers/src/flexcan/flexcan_irq.o
                0x000113ee                CAN1_ORed_0_15_MB_IRQHandler
 .text.CAN2_ORed_IRQHandler
                0x000113f8        0xa ./SDK/platform/drivers/src/flexcan/flexcan_irq.o
                0x000113f8                CAN2_ORed_IRQHandler
 .text.CAN2_Error_IRQHandler
                0x00011402        0xa ./SDK/platform/drivers/src/flexcan/flexcan_irq.o
                0x00011402                CAN2_Error_IRQHandler
 .text.CAN2_ORed_0_15_MB_IRQHandler
                0x0001140c        0xa ./SDK/platform/drivers/src/flexcan/flexcan_irq.o
                0x0001140c                CAN2_ORed_0_15_MB_IRQHandler
 *fill*         0x00011416        0x2 
 .text.FTM_DRV_SetSync
                0x00011418      0x1bc ./SDK/platform/drivers/src/ftm/ftm_common.o
                0x00011418                FTM_DRV_SetSync
 .text.FTM_DRV_EnableInterrupts
                0x000115d4       0xa8 ./SDK/platform/drivers/src/ftm/ftm_common.o
                0x000115d4                FTM_DRV_EnableInterrupts
 .text.FTM_DRV_DisableInterrupts
                0x0001167c       0xa4 ./SDK/platform/drivers/src/ftm/ftm_common.o
                0x0001167c                FTM_DRV_DisableInterrupts
 .text.FTM_DRV_GetFrequency
                0x00011720       0x80 ./SDK/platform/drivers/src/ftm/ftm_common.o
                0x00011720                FTM_DRV_GetFrequency
 .text.FTM_DRV_Init
                0x000117a0       0xdc ./SDK/platform/drivers/src/ftm/ftm_common.o
                0x000117a0                FTM_DRV_Init
 .text.FTM_DRV_InitModule
                0x0001187c       0x18 ./SDK/platform/drivers/src/ftm/ftm_hw_access.o
                0x0001187c                FTM_DRV_InitModule
 .text.FTM_DRV_Reset
                0x00011894       0x66 ./SDK/platform/drivers/src/ftm/ftm_hw_access.o
                0x00011894                FTM_DRV_Reset
 .text.FTM_DRV_SetChnTriggerCmd
                0x000118fa       0x32 ./SDK/platform/drivers/src/ftm/ftm_hw_access.o
                0x000118fa                FTM_DRV_SetChnTriggerCmd
 .text.FTM_DRV_InitOutputCompare
                0x0001192c      0x15c ./SDK/platform/drivers/src/ftm/ftm_oc_driver.o
                0x0001192c                FTM_DRV_InitOutputCompare
 .text.FTM_DRV_UpdateOutputCompareChannel
                0x00011a88       0x44 ./SDK/platform/drivers/src/ftm/ftm_oc_driver.o
                0x00011a88                FTM_DRV_UpdateOutputCompareChannel
 .text.INT_SYS_InstallHandler
                0x00011acc       0x40 ./SDK/platform/drivers/src/interrupt/interrupt_manager.o
                0x00011acc                INT_SYS_InstallHandler
 .text.INT_SYS_EnableIRQ
                0x00011b0c       0x18 ./SDK/platform/drivers/src/interrupt/interrupt_manager.o
                0x00011b0c                INT_SYS_EnableIRQ
 .text.INT_SYS_DisableIRQ
                0x00011b24       0x1c ./SDK/platform/drivers/src/interrupt/interrupt_manager.o
                0x00011b24                INT_SYS_DisableIRQ
 .text.INT_SYS_EnableIRQGlobal
                0x00011b40       0x1c ./SDK/platform/drivers/src/interrupt/interrupt_manager.o
                0x00011b40                INT_SYS_EnableIRQGlobal
 .text.INT_SYS_DisableIRQGlobal
                0x00011b5c       0x10 ./SDK/platform/drivers/src/interrupt/interrupt_manager.o
                0x00011b5c                INT_SYS_DisableIRQGlobal
 .text.INT_SYS_SetPriority
                0x00011b6c       0x58 ./SDK/platform/drivers/src/interrupt/interrupt_manager.o
                0x00011b6c                INT_SYS_SetPriority
 .text.LPUART_DRV_StartSendDataUsingInt
                0x00011bc4       0x4c ./SDK/platform/drivers/src/lpuart/lpuart_driver.o
 .text.LPUART_DRV_StartSendDataUsingDma
                0x00011c10       0x80 ./SDK/platform/drivers/src/lpuart/lpuart_driver.o
 .text.LPUART_DRV_CompleteSendDataUsingInt
                0x00011c90       0x64 ./SDK/platform/drivers/src/lpuart/lpuart_driver.o
 .text.LPUART_DRV_StopTxDma
                0x00011cf4       0x64 ./SDK/platform/drivers/src/lpuart/lpuart_driver.o
 .text.LPUART_DRV_TxDmaCallback
                0x00011d58       0x74 ./SDK/platform/drivers/src/lpuart/lpuart_driver.o
 .text.LPUART_DRV_PutData
                0x00011dcc       0x44 ./SDK/platform/drivers/src/lpuart/lpuart_driver.o
 .text.LPUART_DRV_StartReceiveDataUsingInt
                0x00011e10       0x54 ./SDK/platform/drivers/src/lpuart/lpuart_driver.o
 .text.LPUART_DRV_StartReceiveDataUsingDma
                0x00011e64       0x9c ./SDK/platform/drivers/src/lpuart/lpuart_driver.o
 .text.LPUART_DRV_CompleteReceiveDataUsingInt
                0x00011f00       0x64 ./SDK/platform/drivers/src/lpuart/lpuart_driver.o
 .text.LPUART_DRV_StopRxDma
                0x00011f64       0x64 ./SDK/platform/drivers/src/lpuart/lpuart_driver.o
 .text.LPUART_DRV_RxDmaCallback
                0x00011fc8       0xa4 ./SDK/platform/drivers/src/lpuart/lpuart_driver.o
 .text.LPUART_DRV_GetData
                0x0001206c       0x5c ./SDK/platform/drivers/src/lpuart/lpuart_driver.o
 .text.LPUART_DRV_InstallRxCallback
                0x000120c8       0x14 ./SDK/platform/drivers/src/lpuart/lpuart_driver.o
                0x000120c8                LPUART_DRV_InstallRxCallback
 .text.LPUART_DRV_InstallTxCallback
                0x000120dc       0x14 ./SDK/platform/drivers/src/lpuart/lpuart_driver.o
                0x000120dc                LPUART_DRV_InstallTxCallback
 .text.LPUART_DRV_SendDataBlocking
                0x000120f0       0x5c ./SDK/platform/drivers/src/lpuart/lpuart_driver.o
                0x000120f0                LPUART_DRV_SendDataBlocking
 .text.LPUART_DRV_ReceiveData
                0x0001214c       0x24 ./SDK/platform/drivers/src/lpuart/lpuart_driver.o
                0x0001214c                LPUART_DRV_ReceiveData
 .text.LPUART_DRV_SetBaudRate
                0x00012170       0xf0 ./SDK/platform/drivers/src/lpuart/lpuart_driver.o
                0x00012170                LPUART_DRV_SetBaudRate
 .text.LPUART_DRV_Init
                0x00012260       0xe0 ./SDK/platform/drivers/src/lpuart/lpuart_driver.o
                0x00012260                LPUART_DRV_Init
 .text.LPUART_DRV_IRQHandler
                0x00012340      0x2a8 ./SDK/platform/drivers/src/lpuart/lpuart_driver.o
                0x00012340                LPUART_DRV_IRQHandler
 .text.LPUART_Init
                0x000125e8       0x24 ./SDK/platform/drivers/src/lpuart/lpuart_hw_access.o
                0x000125e8                LPUART_Init
 .text.LPUART_SetBitCountPerChar
                0x0001260c       0x30 ./SDK/platform/drivers/src/lpuart/lpuart_hw_access.o
                0x0001260c                LPUART_SetBitCountPerChar
 .text.LPUART_SetParityMode
                0x0001263c       0x1e ./SDK/platform/drivers/src/lpuart/lpuart_hw_access.o
                0x0001263c                LPUART_SetParityMode
 .text.LPUART_Putchar9
                0x0001265a       0x16 ./SDK/platform/drivers/src/lpuart/lpuart_hw_access.o
                0x0001265a                LPUART_Putchar9
 .text.LPUART_Putchar10
                0x00012670       0x22 ./SDK/platform/drivers/src/lpuart/lpuart_hw_access.o
                0x00012670                LPUART_Putchar10
 .text.LPUART_Getchar9
                0x00012692       0x12 ./SDK/platform/drivers/src/lpuart/lpuart_hw_access.o
                0x00012692                LPUART_Getchar9
 .text.LPUART_Getchar10
                0x000126a4       0x1e ./SDK/platform/drivers/src/lpuart/lpuart_hw_access.o
                0x000126a4                LPUART_Getchar10
 .text.LPUART_SetIntMode
                0x000126c2       0x70 ./SDK/platform/drivers/src/lpuart/lpuart_hw_access.o
                0x000126c2                LPUART_SetIntMode
 .text.LPUART_GetIntMode
                0x00012732       0x4a ./SDK/platform/drivers/src/lpuart/lpuart_hw_access.o
                0x00012732                LPUART_GetIntMode
 .text.LPUART_GetStatusFlag
                0x0001277c       0x48 ./SDK/platform/drivers/src/lpuart/lpuart_hw_access.o
                0x0001277c                LPUART_GetStatusFlag
 .text.LPUART_SetErrorInterrupts
                0x000127c4       0x40 ./SDK/platform/drivers/src/lpuart/lpuart_hw_access.o
                0x000127c4                LPUART_SetErrorInterrupts
 .text.LPUART0_IrqHandler
                0x00012804        0xa ./SDK/platform/drivers/src/lpuart/lpuart_irq.o
                0x00012804                LPUART0_IrqHandler
 .text.LPUART1_IrqHandler
                0x0001280e        0xa ./SDK/platform/drivers/src/lpuart/lpuart_irq.o
                0x0001280e                LPUART1_IrqHandler
 .text.LPUART2_IrqHandler
                0x00012818        0xa ./SDK/platform/drivers/src/lpuart/lpuart_irq.o
                0x00012818                LPUART2_IrqHandler
 .text.PINS_DRV_Init
                0x00012822       0x20 ./SDK/platform/drivers/src/pins/pins_driver.o
                0x00012822                PINS_DRV_Init
 *fill*         0x00012842        0x2 
 .text.PINS_GetAdcInterleaveVal
                0x00012844       0x70 ./SDK/platform/drivers/src/pins/pins_port_hw_access.o
 .text.PINS_Init
                0x000128b4      0x114 ./SDK/platform/drivers/src/pins/pins_port_hw_access.o
                0x000128b4                PINS_Init
 .text.CAN_FindFlexCANState
                0x000129c8       0x24 ./SDK/platform/pal/src/can/can_pal.o
 .text.CAN_InternalCallback
                0x000129ec       0x6c ./SDK/platform/pal/src/can/can_pal.o
 .text.CAN_Init
                0x00012a58      0x11c ./SDK/platform/pal/src/can/can_pal.o
                0x00012a58                CAN_Init
 .text.CAN_ConfigTxBuff
                0x00012b74       0x74 ./SDK/platform/pal/src/can/can_pal.o
                0x00012b74                CAN_ConfigTxBuff
 .text.CAN_ConfigRxBuff
                0x00012be8       0x7c ./SDK/platform/pal/src/can/can_pal.o
                0x00012be8                CAN_ConfigRxBuff
 .text.CAN_Send
                0x00012c64       0x7c ./SDK/platform/pal/src/can/can_pal.o
                0x00012c64                CAN_Send
 .text.CAN_Receive
                0x00012ce0       0x48 ./SDK/platform/pal/src/can/can_pal.o
                0x00012ce0                CAN_Receive
 .text.CAN_SetRxFilter
                0x00012d28       0x28 ./SDK/platform/pal/src/can/can_pal.o
                0x00012d28                CAN_SetRxFilter
 .text.CAN_InstallEventCallback
                0x00012d50       0x40 ./SDK/platform/pal/src/can/can_pal.o
                0x00012d50                CAN_InstallEventCallback
 .text.FTM0_Ch0_Ch1_IrqHandler
                0x00012d90       0x40 ./SDK/platform/pal/src/timing/timing_irq.o
                0x00012d90                FTM0_Ch0_Ch1_IrqHandler
 .text.FTM0_Ch2_Ch3_IrqHandler
                0x00012dd0       0x40 ./SDK/platform/pal/src/timing/timing_irq.o
                0x00012dd0                FTM0_Ch2_Ch3_IrqHandler
 .text.FTM0_Ch4_Ch5_IrqHandler
                0x00012e10       0x40 ./SDK/platform/pal/src/timing/timing_irq.o
                0x00012e10                FTM0_Ch4_Ch5_IrqHandler
 .text.FTM0_Ch6_Ch7_IrqHandler
                0x00012e50       0x40 ./SDK/platform/pal/src/timing/timing_irq.o
                0x00012e50                FTM0_Ch6_Ch7_IrqHandler
 .text.FTM1_Ch0_Ch1_IrqHandler
                0x00012e90       0x40 ./SDK/platform/pal/src/timing/timing_irq.o
                0x00012e90                FTM1_Ch0_Ch1_IrqHandler
 .text.FTM1_Ch2_Ch3_IrqHandler
                0x00012ed0       0x40 ./SDK/platform/pal/src/timing/timing_irq.o
                0x00012ed0                FTM1_Ch2_Ch3_IrqHandler
 .text.FTM1_Ch4_Ch5_IrqHandler
                0x00012f10       0x40 ./SDK/platform/pal/src/timing/timing_irq.o
                0x00012f10                FTM1_Ch4_Ch5_IrqHandler
 .text.FTM1_Ch6_Ch7_IrqHandler
                0x00012f50       0x40 ./SDK/platform/pal/src/timing/timing_irq.o
                0x00012f50                FTM1_Ch6_Ch7_IrqHandler
 .text.FTM2_Ch0_Ch1_IrqHandler
                0x00012f90       0x40 ./SDK/platform/pal/src/timing/timing_irq.o
                0x00012f90                FTM2_Ch0_Ch1_IrqHandler
 .text.FTM2_Ch2_Ch3_IrqHandler
                0x00012fd0       0x40 ./SDK/platform/pal/src/timing/timing_irq.o
                0x00012fd0                FTM2_Ch2_Ch3_IrqHandler
 .text.FTM2_Ch4_Ch5_IrqHandler
                0x00013010       0x40 ./SDK/platform/pal/src/timing/timing_irq.o
                0x00013010                FTM2_Ch4_Ch5_IrqHandler
 .text.FTM2_Ch6_Ch7_IrqHandler
                0x00013050       0x40 ./SDK/platform/pal/src/timing/timing_irq.o
                0x00013050                FTM2_Ch6_Ch7_IrqHandler
 .text.FTM3_Ch0_Ch1_IrqHandler
                0x00013090       0x40 ./SDK/platform/pal/src/timing/timing_irq.o
                0x00013090                FTM3_Ch0_Ch1_IrqHandler
 .text.FTM3_Ch2_Ch3_IrqHandler
                0x000130d0       0x40 ./SDK/platform/pal/src/timing/timing_irq.o
                0x000130d0                FTM3_Ch2_Ch3_IrqHandler
 .text.FTM3_Ch4_Ch5_IrqHandler
                0x00013110       0x40 ./SDK/platform/pal/src/timing/timing_irq.o
                0x00013110                FTM3_Ch4_Ch5_IrqHandler
 .text.FTM3_Ch6_Ch7_IrqHandler
                0x00013150       0x40 ./SDK/platform/pal/src/timing/timing_irq.o
                0x00013150                FTM3_Ch6_Ch7_IrqHandler
 .text.TIMING_Init
                0x00013190      0x17c ./SDK/platform/pal/src/timing/timing_pal.o
                0x00013190                TIMING_Init
 .text.TIMING_StartChannel
                0x0001330c       0x84 ./SDK/platform/pal/src/timing/timing_pal.o
                0x0001330c                TIMING_StartChannel
 .text.TIMING_Ftm_IrqHandler
                0x00013390       0xf0 ./SDK/platform/pal/src/timing/timing_pal.o
                0x00013390                TIMING_Ftm_IrqHandler
 .text.UART_Init
                0x00013480       0xb0 ./SDK/platform/pal/src/uart/uart_pal.o
                0x00013480                UART_Init
 .text.UART_SendDataBlocking
                0x00013530       0x12 ./SDK/platform/pal/src/uart/uart_pal.o
                0x00013530                UART_SendDataBlocking
 .text.UART_ReceiveData
                0x00013542       0x12 ./SDK/platform/pal/src/uart/uart_pal.o
                0x00013542                UART_ReceiveData
 .text.vListInitialise
                0x00013554       0x16 ./SDK/rtos/FreeRTOS_S32K/Source/list.o
                0x00013554                vListInitialise
 .text.vListInitialiseItem
                0x0001356a        0x6 ./SDK/rtos/FreeRTOS_S32K/Source/list.o
                0x0001356a                vListInitialiseItem
 .text.vListInsertEnd
                0x00013570       0x18 ./SDK/rtos/FreeRTOS_S32K/Source/list.o
                0x00013570                vListInsertEnd
 .text.vListInsert
                0x00013588       0x34 ./SDK/rtos/FreeRTOS_S32K/Source/list.o
                0x00013588                vListInsert
 .text.uxListRemove
                0x000135bc       0x26 ./SDK/rtos/FreeRTOS_S32K/Source/list.o
                0x000135bc                uxListRemove
 .text.prvIsQueueEmpty
                0x000135e2       0x16 ./SDK/rtos/FreeRTOS_S32K/Source/queue.o
 .text.prvCopyDataToQueue
                0x000135f8       0x76 ./SDK/rtos/FreeRTOS_S32K/Source/queue.o
 .text.prvCopyDataFromQueue
                0x0001366e       0x24 ./SDK/rtos/FreeRTOS_S32K/Source/queue.o
 .text.prvUnlockQueue
                0x00013692       0x82 ./SDK/rtos/FreeRTOS_S32K/Source/queue.o
 .text.xQueueGenericReset
                0x00013714       0x80 ./SDK/rtos/FreeRTOS_S32K/Source/queue.o
                0x00013714                xQueueGenericReset
 .text.xQueueGenericCreate
                0x00013794       0x44 ./SDK/rtos/FreeRTOS_S32K/Source/queue.o
                0x00013794                xQueueGenericCreate
 .text.xQueueCreateCountingSemaphore
                0x000137d8       0x40 ./SDK/rtos/FreeRTOS_S32K/Source/queue.o
                0x000137d8                xQueueCreateCountingSemaphore
 .text.xQueueGenericSend
                0x00013818      0x188 ./SDK/rtos/FreeRTOS_S32K/Source/queue.o
                0x00013818                xQueueGenericSend
 .text.xQueueGenericSendFromISR
                0x000139a0       0xd6 ./SDK/rtos/FreeRTOS_S32K/Source/queue.o
                0x000139a0                xQueueGenericSendFromISR
 .text.xQueueGiveFromISR
                0x00013a76       0xb2 ./SDK/rtos/FreeRTOS_S32K/Source/queue.o
                0x00013a76                xQueueGiveFromISR
 .text.xQueueReceive
                0x00013b28      0x158 ./SDK/rtos/FreeRTOS_S32K/Source/queue.o
                0x00013b28                xQueueReceive
 .text.xQueueSemaphoreTake
                0x00013c80      0x1a8 ./SDK/rtos/FreeRTOS_S32K/Source/queue.o
                0x00013c80                xQueueSemaphoreTake
 .text.vQueueDelete
                0x00013e28       0x1c ./SDK/rtos/FreeRTOS_S32K/Source/queue.o
                0x00013e28                vQueueDelete
 .text.vQueueWaitForMessageRestricted
                0x00013e44       0x4e ./SDK/rtos/FreeRTOS_S32K/Source/queue.o
                0x00013e44                vQueueWaitForMessageRestricted
 *fill*         0x00013e92        0x2 
 .text.prvResetNextTaskUnblockTime
                0x00013e94       0x2c ./SDK/rtos/FreeRTOS_S32K/Source/tasks.o
 .text.prvIdleTask
                0x00013ec0       0x70 ./SDK/rtos/FreeRTOS_S32K/Source/tasks.o
 .text.prvAddCurrentTaskToDelayedList
                0x00013f30       0xa0 ./SDK/rtos/FreeRTOS_S32K/Source/tasks.o
 .text.xTaskCreate
                0x00013fd0      0x1cc ./SDK/rtos/FreeRTOS_S32K/Source/tasks.o
                0x00013fd0                xTaskCreate
 .text.vTaskStartScheduler
                0x0001419c       0x84 ./SDK/rtos/FreeRTOS_S32K/Source/tasks.o
                0x0001419c                vTaskStartScheduler
 .text.vTaskSuspendAll
                0x00014220       0x10 ./SDK/rtos/FreeRTOS_S32K/Source/tasks.o
                0x00014220                vTaskSuspendAll
 .text.xTaskGetTickCount
                0x00014230        0xc ./SDK/rtos/FreeRTOS_S32K/Source/tasks.o
                0x00014230                xTaskGetTickCount
 .text.xTaskIncrementTick
                0x0001423c      0x128 ./SDK/rtos/FreeRTOS_S32K/Source/tasks.o
                0x0001423c                xTaskIncrementTick
 .text.xTaskResumeAll
                0x00014364      0x100 ./SDK/rtos/FreeRTOS_S32K/Source/tasks.o
                0x00014364                xTaskResumeAll
 .text.vTaskDelay
                0x00014464       0x4c ./SDK/rtos/FreeRTOS_S32K/Source/tasks.o
                0x00014464                vTaskDelay
 .text.vTaskSwitchContext
                0x000144b0       0x94 ./SDK/rtos/FreeRTOS_S32K/Source/tasks.o
                0x000144b0                vTaskSwitchContext
 .text.vTaskPlaceOnEventList
                0x00014544       0x30 ./SDK/rtos/FreeRTOS_S32K/Source/tasks.o
                0x00014544                vTaskPlaceOnEventList
 .text.vTaskPlaceOnEventListRestricted
                0x00014574       0x3c ./SDK/rtos/FreeRTOS_S32K/Source/tasks.o
                0x00014574                vTaskPlaceOnEventListRestricted
 .text.xTaskRemoveFromEventList
                0x000145b0       0x88 ./SDK/rtos/FreeRTOS_S32K/Source/tasks.o
                0x000145b0                xTaskRemoveFromEventList
 .text.vTaskInternalSetTimeOutState
                0x00014638       0x18 ./SDK/rtos/FreeRTOS_S32K/Source/tasks.o
                0x00014638                vTaskInternalSetTimeOutState
 .text.xTaskCheckForTimeOut
                0x00014650       0x9c ./SDK/rtos/FreeRTOS_S32K/Source/tasks.o
                0x00014650                xTaskCheckForTimeOut
 .text.vTaskMissedYield
                0x000146ec        0xc ./SDK/rtos/FreeRTOS_S32K/Source/tasks.o
                0x000146ec                vTaskMissedYield
 .text.xTaskGetSchedulerState
                0x000146f8       0x20 ./SDK/rtos/FreeRTOS_S32K/Source/tasks.o
                0x000146f8                xTaskGetSchedulerState
 .text.xTaskPriorityInherit
                0x00014718       0xb8 ./SDK/rtos/FreeRTOS_S32K/Source/tasks.o
                0x00014718                xTaskPriorityInherit
 .text.xTaskPriorityDisinherit
                0x000147d0       0xb0 ./SDK/rtos/FreeRTOS_S32K/Source/tasks.o
                0x000147d0                xTaskPriorityDisinherit
 .text.vTaskPriorityDisinheritAfterTimeout
                0x00014880       0xc0 ./SDK/rtos/FreeRTOS_S32K/Source/tasks.o
                0x00014880                vTaskPriorityDisinheritAfterTimeout
 .text.pvTaskIncrementMutexHeldCount
                0x00014940       0x1c ./SDK/rtos/FreeRTOS_S32K/Source/tasks.o
                0x00014940                pvTaskIncrementMutexHeldCount
 .text.prvInsertTimerInActiveList
                0x0001495c       0x48 ./SDK/rtos/FreeRTOS_S32K/Source/timers.o
 .text.prvCheckForValidListAndQueue
                0x000149a4       0x50 ./SDK/rtos/FreeRTOS_S32K/Source/timers.o
 .text.xTimerCreateTimerTask
                0x000149f4       0x4c ./SDK/rtos/FreeRTOS_S32K/Source/timers.o
                0x000149f4                xTimerCreateTimerTask
 .text.xTimerGenericCommand
                0x00014a40       0x60 ./SDK/rtos/FreeRTOS_S32K/Source/timers.o
                0x00014a40                xTimerGenericCommand
 .text.prvSampleTimeNow
                0x00014aa0       0xa8 ./SDK/rtos/FreeRTOS_S32K/Source/timers.o
 .text.prvTimerTask
                0x00014b48      0x1c8 ./SDK/rtos/FreeRTOS_S32K/Source/timers.o
 .text.prvTaskExitError
                0x00014d10       0x40 ./SDK/rtos/FreeRTOS_S32K/Source/portable/GCC/ARM_CM4F/port.o
 .text.prvPortStartFirstTask
                0x00014d50       0x28 ./SDK/rtos/FreeRTOS_S32K/Source/portable/GCC/ARM_CM4F/port.o
 .text.vPortEnableVFP
                0x00014d78       0x14 ./SDK/rtos/FreeRTOS_S32K/Source/portable/GCC/ARM_CM4F/port.o
 .text.pxPortInitialiseStack
                0x00014d8c       0x2c ./SDK/rtos/FreeRTOS_S32K/Source/portable/GCC/ARM_CM4F/port.o
                0x00014d8c                pxPortInitialiseStack
 *fill*         0x00014db8        0x8 
 .text.SVC_Handler
                0x00014dc0       0x24 ./SDK/rtos/FreeRTOS_S32K/Source/portable/GCC/ARM_CM4F/port.o
                0x00014dc0                SVC_Handler
 .text.vPortEnterCritical
                0x00014de4       0x44 ./SDK/rtos/FreeRTOS_S32K/Source/portable/GCC/ARM_CM4F/port.o
                0x00014de4                vPortEnterCritical
 .text.vPortExitCritical
                0x00014e28       0x2c ./SDK/rtos/FreeRTOS_S32K/Source/portable/GCC/ARM_CM4F/port.o
                0x00014e28                vPortExitCritical
 *fill*         0x00014e54        0xc 
 .text.PendSV_Handler
                0x00014e60       0x64 ./SDK/rtos/FreeRTOS_S32K/Source/portable/GCC/ARM_CM4F/port.o
                0x00014e60                PendSV_Handler
 .text.SysTick_Handler
                0x00014ec4       0x2c ./SDK/rtos/FreeRTOS_S32K/Source/portable/GCC/ARM_CM4F/port.o
                0x00014ec4                SysTick_Handler
 .text.vPortSetupTimerInterrupt
                0x00014ef0       0x28 ./SDK/rtos/FreeRTOS_S32K/Source/portable/GCC/ARM_CM4F/port.o
                0x00014ef0                vPortSetupTimerInterrupt
 .text.xPortStartScheduler
                0x00014f18      0x118 ./SDK/rtos/FreeRTOS_S32K/Source/portable/GCC/ARM_CM4F/port.o
                0x00014f18                xPortStartScheduler
 .text.vPortValidateInterruptPriority
                0x00015030       0x5c ./SDK/rtos/FreeRTOS_S32K/Source/portable/GCC/ARM_CM4F/port.o
                0x00015030                vPortValidateInterruptPriority
 .text.pvPortMalloc
                0x0001508c       0xc8 ./SDK/rtos/FreeRTOS_S32K/Source/portable/MemMang/heap_2.o
                0x0001508c                pvPortMalloc
 .text.vPortFree
                0x00015154       0x44 ./SDK/rtos/FreeRTOS_S32K/Source/portable/MemMang/heap_2.o
                0x00015154                vPortFree
 .text.OSIF_SemaWait
                0x00015198       0x34 ./SDK/rtos/osif/osif_freertos.o
                0x00015198                OSIF_SemaWait
 .text.OSIF_SemaPost
                0x000151cc       0x58 ./SDK/rtos/osif/osif_freertos.o
                0x000151cc                OSIF_SemaPost
 .text.OSIF_SemaCreate
                0x00015224       0x14 ./SDK/rtos/osif/osif_freertos.o
                0x00015224                OSIF_SemaCreate
 .text.OSIF_SemaDestroy
                0x00015238        0xc ./SDK/rtos/osif/osif_freertos.o
                0x00015238                OSIF_SemaDestroy
 .text.app_main
                0x00015244       0x1c ./Sources/app_main.o
                0x00015244                app_main
 .text.CAN_eventHandler
                0x00015260       0xe8 ./Sources/can.o
                0x00015260                CAN_eventHandler
 .text.can_init
                0x00015348       0xec ./Sources/can.o
                0x00015348                can_init
 .text.can_data_push
                0x00015434      0x100 ./Sources/can_app.o
                0x00015434                can_data_push
 .text.uart_send_received_can_data
                0x00015534       0x18 ./Sources/can_app.o
                0x00015534                uart_send_received_can_data
 .text.uart_send_single_can_msg
                0x0001554c       0x5a ./Sources/can_app.o
                0x0001554c                uart_send_single_can_msg
 *fill*         0x000155a6        0x2 
 .text.can_rx_array_queue_put
                0x000155a8       0x7c ./Sources/can_queue.o
                0x000155a8                can_rx_array_queue_put
 .text.can_rx_array_queue_get
                0x00015624       0x5c ./Sources/can_queue.o
                0x00015624                can_rx_array_queue_get
 .text.can_rx_array_queue_size
                0x00015680       0x2c ./Sources/can_queue.o
                0x00015680                can_rx_array_queue_size
 .text.can_queue_init
                0x000156ac       0x24 ./Sources/can_queue.o
                0x000156ac                can_queue_init
 .text.can_comm_rx_task_v
                0x000156d0       0x30 ./Sources/can_rx_task.o
                0x000156d0                can_comm_rx_task_v
 .text.can_comm_tx_task_v
                0x00015700       0x78 ./Sources/can_tx_task.o
                0x00015700                can_comm_tx_task_v
 .text.clock_init_u8
                0x00015778       0x28 ./Sources/clock.o
                0x00015778                clock_init_u8
 .text.core_main_u8
                0x000157a0       0x38 ./Sources/core_main.o
                0x000157a0                core_main_u8
 .text.rtos_init_u8
                0x000157d8        0x8 ./Sources/core_main.o
                0x000157d8                rtos_init_u8
 .text.rtos_run
                0x000157e0        0x8 ./Sources/core_main.o
                0x000157e0                rtos_run
 .text.diagnostic_task_v
                0x000157e8       0x1c ./Sources/diagnostic_task.o
                0x000157e8                diagnostic_task_v
 .text.gpio_init_u8
                0x00015804       0x14 ./Sources/gpio.o
                0x00015804                gpio_init_u8
 .text.internal_flash_init
                0x00015818       0x1c ./Sources/internal_flash.o
                0x00015818                internal_flash_init
 .text.internal_flash_app_init
                0x00015834        0x8 ./Sources/internal_flash_app.o
                0x00015834                internal_flash_app_init
 .text.main     0x0001583c       0x18 ./Sources/main.o
                0x0001583c                main
 .text.operating_system_init_u8
                0x00015854      0x1b0 ./Sources/operating_system.o
                0x00015854                operating_system_init_u8
 .text.operating_system_start_scheduler_v
                0x00015a04        0x8 ./Sources/operating_system.o
                0x00015a04                operating_system_start_scheduler_v
 .text.nvic_init_v
                0x00015a0c       0x78 ./Sources/rr_nvic.o
                0x00015a0c                nvic_init_v
 .text.nvic_enable_all_Interrupts_v
                0x00015a84       0x3c ./Sources/rr_nvic.o
                0x00015a84                nvic_enable_all_Interrupts_v
 .text.nvic_disable_all_Interrupts_v
                0x00015ac0       0x2c ./Sources/rr_nvic.o
                0x00015ac0                nvic_disable_all_Interrupts_v
 .text.timer_init_u8
                0x00015aec       0x30 ./Sources/timer.o
                0x00015aec                timer_init_u8
 .text.timer_start_base_v
                0x00015b1c       0x48 ./Sources/timer.o
                0x00015b1c                timer_start_base_v
 .text.timer_pal_chan0_callback_1000ms_v
                0x00015b64       0x20 ./Sources/timer.o
                0x00015b64                timer_pal_chan0_callback_1000ms_v
 .text.timer_pal_chan1_callback_5000ms_v
                0x00015b84       0x78 ./Sources/timer.o
                0x00015b84                timer_pal_chan1_callback_5000ms_v
 .text.tork_update_app_process_can_msg
                0x00015bfc      0x110 ./Sources/tork_update_app.o
                0x00015bfc                tork_update_app_process_can_msg
 .text.tork_update_app_uart_cmd_send_v
                0x00015d0c       0x42 ./Sources/tork_update_app.o
                0x00015d0c                tork_update_app_uart_cmd_send_v
 *fill*         0x00015d4e        0x2 
 .text.uart_rx_data_queue
                0x00015d50       0x1c ./Sources/uart.o
                0x00015d50                uart_rx_data_queue
 .text.uart_init
                0x00015d6c       0x20 ./Sources/uart.o
                0x00015d6c                uart_init
 .text.uart_tx_data
                0x00015d8c       0x1c ./Sources/uart.o
                0x00015d8c                uart_tx_data
 .text.uart0_rx_callback
                0x00015da8       0x3c ./Sources/uart.o
                0x00015da8                uart0_rx_callback
 .text.bootloader_app_uart_cmd_ack_send_v
                0x00015de4       0x46 ./Sources/uart_rx_task.o
                0x00015de4                bootloader_app_uart_cmd_ack_send_v
 *fill*         0x00015e2a        0x2 
 .text.uart_rx_task_v
                0x00015e2c       0x68 ./Sources/uart_rx_task.o
                0x00015e2c                uart_rx_task_v
 .text.send_heartbeat
                0x00015e94       0x44 ./Sources/uart_state_machine.o
                0x00015e94                send_heartbeat
 .text.execute_command
                0x00015ed8       0xe0 ./Sources/uart_state_machine.o
                0x00015ed8                execute_command
 .text.process_uart_data
                0x00015fb8      0x110 ./Sources/uart_state_machine.o
                0x00015fb8                process_uart_data
 .text.uart_tx_task_v
                0x000160c8      0x194 ./Sources/uart_tx_task.o
                0x000160c8                uart_tx_task_v
 .text.memcpy   0x0001625c       0x16 C:/NXP/S32DS_ARM_v2.2/S32DS/build_tools/gcc_v6.3/gcc-6.3-arm32-eabi/arm-none-eabi/newlib/lib/thumb/v7e-m/fpv4-sp/hard\libc_nano.a(lib_a-memcpy-stub.o)
                0x0001625c                memcpy
 .text.memset   0x00016272       0x10 C:/NXP/S32DS_ARM_v2.2/S32DS/build_tools/gcc_v6.3/gcc-6.3-arm32-eabi/arm-none-eabi/newlib/lib/thumb/v7e-m/fpv4-sp/hard\libc_nano.a(lib_a-memset.o)
                0x00016272                memset
 *(.rodata)
 *(.rodata*)
 *fill*         0x00016282        0x2 
 .rodata.internal_flash_config_st
                0x00016284       0x14 ./Generated_Code/Flash1.o
                0x00016284                internal_flash_config_st
 .rodata.can_pal1_Config0
                0x00016298       0x34 ./Generated_Code/can_pal1.o
                0x00016298                can_pal1_Config0
 .rodata.can_pal1_instance
                0x000162cc        0x8 ./Generated_Code/can_pal1.o
                0x000162cc                can_pal1_instance
 .rodata.timing_pal1_instance
                0x000162d4        0x8 ./Generated_Code/timing_pal1.o
                0x000162d4                timing_pal1_instance
 .rodata.uart_pal1_Config0
                0x000162dc       0x20 ./Generated_Code/uart_pal1.o
                0x000162dc                uart_pal1_Config0
 .rodata.uart_pal1_instance
                0x000162fc        0x8 ./Generated_Code/uart_pal1.o
                0x000162fc                uart_pal1_instance
 .rodata.clockNameMappings
                0x00016304       0x9e ./SDK/platform/drivers/src/clock/S32K1xx/clock_S32K1xx.o
                0x00016304                clockNameMappings
 *fill*         0x000163a2        0x2 
 .rodata.maxSysClksInHSRUN.7598
                0x000163a4       0x54 ./SDK/platform/drivers/src/clock/S32K1xx/clock_S32K1xx.o
 .rodata.maxSysClksInRUN.7597
                0x000163f8       0x54 ./SDK/platform/drivers/src/clock/S32K1xx/clock_S32K1xx.o
 .rodata.maxSysClksInVLPR.7596
                0x0001644c       0x54 ./SDK/platform/drivers/src/clock/S32K1xx/clock_S32K1xx.o
 .rodata.peripheralFeaturesList
                0x000164a0       0x4f ./SDK/platform/drivers/src/clock/S32K1xx/clock_S32K1xx.o
                0x000164a0                peripheralFeaturesList
 *fill*         0x000164ef        0x1 
 .rodata.g_flexcanBase
                0x000164f0        0xc ./SDK/platform/drivers/src/flexcan/flexcan_driver.o
 .rodata.g_flexcanBusOffIrqId
                0x000164fc        0x3 ./SDK/platform/drivers/src/flexcan/flexcan_driver.o
 *fill*         0x000164ff        0x1 
 .rodata.g_flexcanErrorIrqId
                0x00016500        0x3 ./SDK/platform/drivers/src/flexcan/flexcan_driver.o
 *fill*         0x00016503        0x1 
 .rodata.g_flexcanOredMessageBufferIrqId
                0x00016504        0x6 ./SDK/platform/drivers/src/flexcan/flexcan_driver.o
 *fill*         0x0001650a        0x2 
 .rodata.g_flexcanWakeUpIrqId
                0x0001650c        0x3 ./SDK/platform/drivers/src/flexcan/flexcan_driver.o
 *fill*         0x0001650f        0x1 
 .rodata.payload_code.7574
                0x00016510       0x41 ./SDK/platform/drivers/src/flexcan/flexcan_hw_access.o
 *fill*         0x00016551        0x3 
 .rodata.g_ftmBase
                0x00016554       0x10 ./SDK/platform/drivers/src/ftm/ftm_common.o
                0x00016554                g_ftmBase
 .rodata.g_ftmExtClockSel
                0x00016564        0x8 ./SDK/platform/drivers/src/ftm/ftm_common.o
 .rodata.g_ftmFaultIrqId
                0x0001656c        0x4 ./SDK/platform/drivers/src/ftm/ftm_common.o
                0x0001656c                g_ftmFaultIrqId
 .rodata.g_ftmIrqId
                0x00016570       0x20 ./SDK/platform/drivers/src/ftm/ftm_common.o
                0x00016570                g_ftmIrqId
 .rodata.g_ftmOverflowIrqId
                0x00016590        0x4 ./SDK/platform/drivers/src/ftm/ftm_common.o
                0x00016590                g_ftmOverflowIrqId
 .rodata.g_ftmReloadIrqId
                0x00016594        0x4 ./SDK/platform/drivers/src/ftm/ftm_common.o
                0x00016594                g_ftmReloadIrqId
 .rodata.s_lpuartBase
                0x00016598        0xc ./SDK/platform/drivers/src/lpuart/lpuart_driver.o
 .rodata.s_lpuartClkNames
                0x000165a4        0x3 ./SDK/platform/drivers/src/lpuart/lpuart_driver.o
 *fill*         0x000165a7        0x1 
 .rodata.s_lpuartRxTxIrqId
                0x000165a8        0x3 ./SDK/platform/drivers/src/lpuart/lpuart_driver.o
 *fill*         0x000165ab        0x1 
 .rodata.s_timingOverFtmIsr
                0x000165ac       0x80 ./SDK/platform/pal/src/timing/timing_irq.o
                0x000165ac                s_timingOverFtmIsr
 .rodata.ftmBase
                0x0001662c       0x10 ./SDK/platform/pal/src/timing/timing_pal.o
                0x0001662c                ftmBase
 .rodata.s_ftmIrq
                0x0001663c       0x20 ./SDK/platform/pal/src/timing/timing_pal.o
 .rodata.vTaskStartScheduler.str1.4
                0x0001665c        0x5 ./SDK/rtos/FreeRTOS_S32K/Source/tasks.o
 *fill*         0x00016661        0x3 
 .rodata.xTimerCreateTimerTask.str1.4
                0x00016664        0x8 ./SDK/rtos/FreeRTOS_S32K/Source/timers.o
 .rodata.operating_system_init_u8.str1.4
                0x0001666c       0x44 ./Sources/operating_system.o
                                 0x43 (size before relaxing)
 *(.init)
 .init          0x000166b0        0x4 c:/nxp/s32ds_arm_v2.2/s32ds/build_tools/gcc_v6.3/gcc-6.3-arm32-eabi/bin/../lib/gcc/arm-none-eabi/6.3.1/thumb/v7e-m/fpv4-sp/hard/crti.o
                0x000166b0                _init
 *(.fini)
 .fini          0x000166b4        0x4 c:/nxp/s32ds_arm_v2.2/s32ds/build_tools/gcc_v6.3/gcc-6.3-arm32-eabi/bin/../lib/gcc/arm-none-eabi/6.3.1/thumb/v7e-m/fpv4-sp/hard/crti.o
                0x000166b4                _fini
 *(.eh_frame)
                0x000166b8                . = ALIGN (0x4)

.glue_7         0x000166b8        0x0
 .glue_7        0x000166b8        0x0 linker stubs

.glue_7t        0x000166b8        0x0
 .glue_7t       0x000166b8        0x0 linker stubs

.vfp11_veneer   0x000166b8        0x0
 .vfp11_veneer  0x000166b8        0x0 linker stubs

.v4_bx          0x000166b8        0x0
 .v4_bx         0x000166b8        0x0 linker stubs

.iplt           0x000166b8        0x0
 .iplt          0x000166b8        0x0 c:/nxp/s32ds_arm_v2.2/s32ds/build_tools/gcc_v6.3/gcc-6.3-arm32-eabi/bin/../lib/gcc/arm-none-eabi/6.3.1/thumb/v7e-m/fpv4-sp/hard/crtbegin.o

.rel.dyn        0x000166b8        0x0
 .rel.iplt      0x000166b8        0x0 c:/nxp/s32ds_arm_v2.2/s32ds/build_tools/gcc_v6.3/gcc-6.3-arm32-eabi/bin/../lib/gcc/arm-none-eabi/6.3.1/thumb/v7e-m/fpv4-sp/hard/crtbegin.o

.ARM            0x000166b8        0x0
                0x000166b8                __exidx_start = .
 *(.ARM.exidx*)
                0x000166b8                __exidx_end = .
                0x000166b8                __etext = .
                0x000166b8                __DATA_ROM = .

.interrupts_ram
                0x1fff8000      0x400
                0x1fff8000                . = ALIGN (0x4)
                0x1fff8000                __VECTOR_RAM__ = .
                0x1fff8000                __RAM_START = .
                0x1fff8000                __interrupts_ram_start__ = .
 *(.m_interrupts_ram)
                0x1fff8400                . = (. + M_VECTOR_RAM_SIZE)
 *fill*         0x1fff8000      0x400 
                0x1fff8400                . = ALIGN (0x4)
                0x1fff8400                __interrupts_ram_end__ = .
                0x1fff8000                __VECTOR_RAM = DEFINED (__flash_vector_table__)?ORIGIN (m_interrupts):__VECTOR_RAM__
                0x00000400                __RAM_VECTOR_TABLE_SIZE = DEFINED (__flash_vector_table__)?0x0:(__interrupts_ram_end__ - __interrupts_ram_start__)

.data           0x1fff8400     0x1294 load address 0x000166b8
                0x1fff8400                . = ALIGN (0x4)
                0x1fff8400                __DATA_RAM = .
                0x1fff8400                __data_start__ = .
 *(.data)
 *(.data*)
 .data.clockMan1_InitConfig0
                0x1fff8400       0x78 ./Generated_Code/clockMan1.o
                0x1fff8400                clockMan1_InitConfig0
 .data.g_clockManConfigsArr
                0x1fff8478        0x4 ./Generated_Code/clockMan1.o
                0x1fff8478                g_clockManConfigsArr
 .data.peripheralClockConfig0
                0x1fff847c       0x50 ./Generated_Code/clockMan1.o
                0x1fff847c                peripheralClockConfig0
 .data.g_pin_mux_InitConfigArr
                0x1fff84cc       0x60 ./Generated_Code/pin_mux.o
                0x1fff84cc                g_pin_mux_InitConfigArr
 .data.timing_pal1_InitConfig
                0x1fff852c        0xc ./Generated_Code/timing_pal1.o
                0x1fff852c                timing_pal1_InitConfig
 .data.timing_pal1_channelConfigs
                0x1fff8538       0x18 ./Generated_Code/timing_pal1.o
                0x1fff8538                timing_pal1_channelConfigs
 .data.timing_pal1_ftmExtension
                0x1fff8550        0x4 ./Generated_Code/timing_pal1.o
                0x1fff8550                timing_pal1_ftmExtension
 .data.peripheralClockConfig.7360
                0x1fff8554       0xa0 ./SDK/platform/drivers/src/clock/S32K1xx/clock_S32K1xx.o
 .data.g_lpuartIsr
                0x1fff85f4        0xc ./SDK/platform/drivers/src/lpuart/lpuart_irq.o
                0x1fff85f4                g_lpuartIsr
 .data.uxCriticalNesting
                0x1fff8600        0x4 ./SDK/rtos/FreeRTOS_S32K/Source/portable/GCC/ARM_CM4F/port.o
 .data.xFreeBytesRemaining
                0x1fff8604        0x4 ./SDK/rtos/FreeRTOS_S32K/Source/portable/MemMang/heap_2.o
 .data.can_data
                0x1fff8608     0x1070 ./Sources/can_app.o
                0x1fff8608                can_data
 .data.nvic_init_st
                0x1fff9678       0x18 ./Sources/rr_nvic.o
                0x1fff9678                nvic_init_st
 .data.uart_receive_counter_u16
                0x1fff9690        0x2 ./Sources/uart.o
                0x1fff9690                uart_receive_counter_u16
                0x1fff9694                . = ALIGN (0x4)
 *fill*         0x1fff9692        0x2 
                0x1fff9694                __data_end__ = .
                0x0001794c                __DATA_END = (__DATA_ROM + (__data_end__ - __data_start__))
                0x0001794c                __CODE_ROM = __DATA_END

.igot.plt       0x1fff9694        0x0 load address 0x0001794c
 .igot.plt      0x1fff9694        0x0 c:/nxp/s32ds_arm_v2.2/s32ds/build_tools/gcc_v6.3/gcc-6.3-arm32-eabi/bin/../lib/gcc/arm-none-eabi/6.3.1/thumb/v7e-m/fpv4-sp/hard/crtbegin.o

m_data          0x1fff9694     0x1780 load address 0x0001794c
 m_data         0x1fff9694     0x1780 ./Sources/can_queue.o

m_data_2        0x1fffae14     0x1780 load address 0x000190cc
 m_data_2       0x1fffae14     0x1780 ./Sources/can_queue.o

.code           0x1fffc594        0x0 load address 0x0001794c
                0x1fffc594                . = ALIGN (0x4)
                0x1fffc594                __CODE_RAM = .
                0x1fffc594                __code_start__ = .
                0x1fffc594                __code_ram_start__ = .
 *(.code_ram)
                0x1fffc594                . = ALIGN (0x4)
                0x1fffc594                __code_end__ = .
                0x1fffc594                __code_ram_end__ = .
                0x0001794c                __CODE_END = (__CODE_ROM + (__code_end__ - __code_start__))
                0x0001794c                __CUSTOM_ROM = __CODE_END

.customSectionBlock
                0x20000000        0x0 load address 0x0001794c
                0x20000000                __customSection_start__ = .
 *(.customSection)
                0x20000000                __customSection_end__ = .
                0x0001794c                __CUSTOM_END = (__CUSTOM_ROM + (__customSection_end__ - __customSection_start__))

.bss            0x20000000     0x5d74
                0x20000000                . = ALIGN (0x4)
                0x20000000                __BSS_START = .
                0x20000000                __bss_start__ = .
 *(.bss)
 *(.bss*)
 .bss.g_clockManCallbacksArr
                0x20000000        0x4 ./Generated_Code/clockMan1.o
                0x20000000                g_clockManCallbacksArr
 .bss.g_RtcClkInFreq
                0x20000004        0x4 ./SDK/platform/drivers/src/clock/S32K1xx/clock_S32K1xx.o
                0x20000004                g_RtcClkInFreq
 .bss.g_TClkFreq
                0x20000008        0xc ./SDK/platform/drivers/src/clock/S32K1xx/clock_S32K1xx.o
                0x20000008                g_TClkFreq
 .bss.g_clockState
                0x20000014       0x10 ./SDK/platform/drivers/src/clock/S32K1xx/clock_S32K1xx.o
 .bss.g_xtal0ClkFreq
                0x20000024        0x4 ./SDK/platform/drivers/src/clock/S32K1xx/clock_S32K1xx.o
                0x20000024                g_xtal0ClkFreq
 .bss.s_virtEdmaState
                0x20000028        0x4 ./SDK/platform/drivers/src/edma/edma_driver.o
 .bss.g_flexcanStatePtr
                0x2000002c        0xc ./SDK/platform/drivers/src/flexcan/flexcan_driver.o
 .bss.ftmStatePtr
                0x20000038       0x10 ./SDK/platform/drivers/src/ftm/ftm_common.o
                0x20000038                ftmStatePtr
 .bss.g_interruptDisableCount
                0x20000048        0x4 ./SDK/platform/drivers/src/interrupt/interrupt_manager.o
 .bss.s_lpuartStatePtr
                0x2000004c        0xc ./SDK/platform/drivers/src/lpuart/lpuart_driver.o
 .bss.s_flexcanRxFifoState
                0x20000058        0x4 ./SDK/platform/pal/src/can/can_pal.o
 .bss.s_flexcanState
                0x2000005c      0x328 ./SDK/platform/pal/src/can/can_pal.o
 .bss.s_flexcanStateInstanceMapping
                0x20000384        0x8 ./SDK/platform/pal/src/can/can_pal.o
 .bss.s_flexcanStateIsAllocated
                0x2000038c        0x2 ./SDK/platform/pal/src/can/can_pal.o
 *fill*         0x2000038e        0x2 
 .bss.s_hwObjConfigs
                0x20000390      0x100 ./SDK/platform/pal/src/can/can_pal.o
 .bss.userCallbacks
                0x20000490        0x8 ./SDK/platform/pal/src/can/can_pal.o
 .bss.ftmState.7463
                0x20000498      0x180 ./SDK/platform/pal/src/timing/timing_pal.o
 .bss.g_ftmChannelRunning
                0x20000618       0x20 ./SDK/platform/pal/src/timing/timing_pal.o
                0x20000618                g_ftmChannelRunning
 .bss.s_ftmState
                0x20000638      0x300 ./SDK/platform/pal/src/timing/timing_pal.o
 .bss.s_lpuartState
                0x20000938       0x38 ./SDK/platform/pal/src/uart/uart_pal.o
 .bss.s_lpuartStateInstanceMapping
                0x20000970        0x1 ./SDK/platform/pal/src/uart/uart_pal.o
 *fill*         0x20000971        0x3 
 .bss.s_lpuartStateIsAllocated
                0x20000974        0x1 ./SDK/platform/pal/src/uart/uart_pal.o
 *fill*         0x20000975        0x3 
 .bss.pxCurrentTCB
                0x20000978        0x4 ./SDK/rtos/FreeRTOS_S32K/Source/tasks.o
                0x20000978                pxCurrentTCB
 .bss.pxDelayedTaskList
                0x2000097c        0x4 ./SDK/rtos/FreeRTOS_S32K/Source/tasks.o
 .bss.pxOverflowDelayedTaskList
                0x20000980        0x4 ./SDK/rtos/FreeRTOS_S32K/Source/tasks.o
 .bss.pxReadyTasksLists
                0x20000984       0xa0 ./SDK/rtos/FreeRTOS_S32K/Source/tasks.o
 .bss.uxCurrentNumberOfTasks
                0x20000a24        0x4 ./SDK/rtos/FreeRTOS_S32K/Source/tasks.o
 .bss.uxDeletedTasksWaitingCleanUp
                0x20000a28        0x4 ./SDK/rtos/FreeRTOS_S32K/Source/tasks.o
 .bss.uxPendedTicks
                0x20000a2c        0x4 ./SDK/rtos/FreeRTOS_S32K/Source/tasks.o
 .bss.uxSchedulerSuspended
                0x20000a30        0x4 ./SDK/rtos/FreeRTOS_S32K/Source/tasks.o
 .bss.uxTaskNumber
                0x20000a34        0x4 ./SDK/rtos/FreeRTOS_S32K/Source/tasks.o
 .bss.uxTopReadyPriority
                0x20000a38        0x4 ./SDK/rtos/FreeRTOS_S32K/Source/tasks.o
 .bss.xDelayedTaskList1
                0x20000a3c       0x14 ./SDK/rtos/FreeRTOS_S32K/Source/tasks.o
 .bss.xDelayedTaskList2
                0x20000a50       0x14 ./SDK/rtos/FreeRTOS_S32K/Source/tasks.o
 .bss.xIdleTaskHandle
                0x20000a64        0x4 ./SDK/rtos/FreeRTOS_S32K/Source/tasks.o
 .bss.xNextTaskUnblockTime
                0x20000a68        0x4 ./SDK/rtos/FreeRTOS_S32K/Source/tasks.o
 .bss.xNumOfOverflows
                0x20000a6c        0x4 ./SDK/rtos/FreeRTOS_S32K/Source/tasks.o
 .bss.xPendingReadyList
                0x20000a70       0x14 ./SDK/rtos/FreeRTOS_S32K/Source/tasks.o
 .bss.xSchedulerRunning
                0x20000a84        0x4 ./SDK/rtos/FreeRTOS_S32K/Source/tasks.o
 .bss.xSuspendedTaskList
                0x20000a88       0x14 ./SDK/rtos/FreeRTOS_S32K/Source/tasks.o
 .bss.xTasksWaitingTermination
                0x20000a9c       0x14 ./SDK/rtos/FreeRTOS_S32K/Source/tasks.o
 .bss.xTickCount
                0x20000ab0        0x4 ./SDK/rtos/FreeRTOS_S32K/Source/tasks.o
 .bss.xYieldPending
                0x20000ab4        0x4 ./SDK/rtos/FreeRTOS_S32K/Source/tasks.o
 .bss.pxCurrentTimerList
                0x20000ab8        0x4 ./SDK/rtos/FreeRTOS_S32K/Source/timers.o
 .bss.pxOverflowTimerList
                0x20000abc        0x4 ./SDK/rtos/FreeRTOS_S32K/Source/timers.o
 .bss.xActiveTimerList1
                0x20000ac0       0x14 ./SDK/rtos/FreeRTOS_S32K/Source/timers.o
 .bss.xActiveTimerList2
                0x20000ad4       0x14 ./SDK/rtos/FreeRTOS_S32K/Source/timers.o
 .bss.xLastTime.6385
                0x20000ae8        0x4 ./SDK/rtos/FreeRTOS_S32K/Source/timers.o
 .bss.xTimerQueue
                0x20000aec        0x4 ./SDK/rtos/FreeRTOS_S32K/Source/timers.o
 .bss.xTimerTaskHandle
                0x20000af0        0x4 ./SDK/rtos/FreeRTOS_S32K/Source/timers.o
 .bss.ucMaxSysCallPriority
                0x20000af4        0x1 ./SDK/rtos/FreeRTOS_S32K/Source/portable/GCC/ARM_CM4F/port.o
 *fill*         0x20000af5        0x3 
 .bss.ulMaxPRIGROUPValue
                0x20000af8        0x4 ./SDK/rtos/FreeRTOS_S32K/Source/portable/GCC/ARM_CM4F/port.o
 .bss.ucHeap    0x20000afc     0x4e20 ./SDK/rtos/FreeRTOS_S32K/Source/portable/MemMang/heap_2.o
 .bss.xEnd      0x2000591c        0x8 ./SDK/rtos/FreeRTOS_S32K/Source/portable/MemMang/heap_2.o
 .bss.xHeapHasBeenInitialised.6103
                0x20005924        0x4 ./SDK/rtos/FreeRTOS_S32K/Source/portable/MemMang/heap_2.o
 .bss.xStart    0x20005928        0x8 ./SDK/rtos/FreeRTOS_S32K/Source/portable/MemMang/heap_2.o
 .bss.can_tx_buff_config
                0x20005930        0x5 ./Sources/can.o
                0x20005930                can_tx_buff_config
 *fill*         0x20005935        0x3 
 .bss.can_tx_buff_config1
                0x20005938        0x5 ./Sources/can.o
                0x20005938                can_tx_buff_config1
 .bss.last_can_command_ack_pending
                0x2000593d        0x1 ./Sources/can.o
                0x2000593d                last_can_command_ack_pending
 *fill*         0x2000593e        0x2 
 .bss.message_can
                0x20005940       0x4c ./Sources/can.o
                0x20005940                message_can
 .bss.can_uart_tx_queue_data_st
                0x2000598c        0x2 ./Sources/can_app.o
                0x2000598c                can_uart_tx_queue_data_st
 *fill*         0x2000598e        0x2 
 .bss.i.9641    0x20005990        0x4 ./Sources/can_app.o
 .bss.total_uart_length_u16
                0x20005994        0x2 ./Sources/can_app.o
                0x20005994                total_uart_length_u16
 *fill*         0x20005996        0x2 
 .bss.can_tx_queue_gst
                0x20005998        0xd ./Sources/can_tx_task.o
                0x20005998                can_tx_queue_gst
 .bss.jmp_cmd_sent_u8
                0x200059a5        0x1 ./Sources/can_tx_task.o
                0x200059a5                jmp_cmd_sent_u8
 *fill*         0x200059a6        0x2 
 .bss.flashSSDConfig
                0x200059a8       0x1c ./Sources/internal_flash.o
                0x200059a8                flashSSDConfig
 .bss.exit_code
                0x200059c4        0x4 ./Sources/main.o
                0x200059c4                exit_code
 .bss.can_rx_intrupt_Semaphore
                0x200059c8        0x4 ./Sources/operating_system.o
                0x200059c8                can_rx_intrupt_Semaphore
 .bss.os_can_rx_task_handle_ge
                0x200059cc        0x4 ./Sources/operating_system.o
                0x200059cc                os_can_rx_task_handle_ge
 .bss.os_can_tx_queue_handler_ge
                0x200059d0        0x4 ./Sources/operating_system.o
                0x200059d0                os_can_tx_queue_handler_ge
 .bss.os_can_tx_task_handle_ge
                0x200059d4        0x4 ./Sources/operating_system.o
                0x200059d4                os_can_tx_task_handle_ge
 .bss.os_diagnostic_task_handle_ge
                0x200059d8        0x4 ./Sources/operating_system.o
                0x200059d8                os_diagnostic_task_handle_ge
 .bss.os_tork_ble_data_queue_handler_ge
                0x200059dc        0x4 ./Sources/operating_system.o
                0x200059dc                os_tork_ble_data_queue_handler_ge
 .bss.os_uart_rx_queue_handler_ge
                0x200059e0        0x4 ./Sources/operating_system.o
                0x200059e0                os_uart_rx_queue_handler_ge
 .bss.os_uart_rx_task_handle_ge
                0x200059e4        0x4 ./Sources/operating_system.o
                0x200059e4                os_uart_rx_task_handle_ge
 .bss.os_uart_tx_queue_handler_ge
                0x200059e8        0x4 ./Sources/operating_system.o
                0x200059e8                os_uart_tx_queue_handler_ge
 .bss.os_uart_tx_task_handle_ge
                0x200059ec        0x4 ./Sources/operating_system.o
                0x200059ec                os_uart_tx_task_handle_ge
 .bss.uart_rx_intrupt_Semaphore
                0x200059f0        0x4 ./Sources/operating_system.o
                0x200059f0                uart_rx_intrupt_Semaphore
 .bss.uart_tx_intrupt_Semaphore
                0x200059f4        0x4 ./Sources/operating_system.o
                0x200059f4                uart_tx_intrupt_Semaphore
 .bss.nvic_num_of_slots_configured_gu8
                0x200059f8        0x1 ./Sources/rr_nvic.o
                0x200059f8                nvic_num_of_slots_configured_gu8
 *fill*         0x200059f9        0x3 
 .bss.ftm_tim_sys_freq_u32
                0x200059fc       0x10 ./Sources/timer.o
                0x200059fc                ftm_tim_sys_freq_u32
 .bss.n58_communication_start_vu8
                0x20005a0c        0x1 ./Sources/timer.o
                0x20005a0c                n58_communication_start_vu8
 .bss.timer_10s_counter_u8.9327
                0x20005a0d        0x1 ./Sources/timer.o
 .bss.timer_5s_counter_u8.9326
                0x20005a0e        0x1 ./Sources/timer.o
 .bss.deac_heart_beat
                0x20005a0f        0x1 ./Sources/tork_update_app.o
                0x20005a0f                deac_heart_beat
 .bss.tork_bldr_state_e.9640
                0x20005a10        0x1 ./Sources/tork_update_app.o
 *fill*         0x20005a11        0x3 
 .bss.uart_received_data_au8
                0x20005a14      0x20d ./Sources/uart.o
                0x20005a14                uart_received_data_au8
 *fill*         0x20005c21        0x3 
 .bss.queue_received_uart_ack_gst
                0x20005c24        0x2 ./Sources/uart_rx_task.o
                0x20005c24                queue_received_uart_ack_gst
 .bss.bootloader_enable_command_received_u8
                0x20005c26        0x1 ./Sources/uart_state_machine.o
                0x20005c26                bootloader_enable_command_received_u8
 .bss.crc_byte_1.9698
                0x20005c27        0x1 ./Sources/uart_state_machine.o
 .bss.data_process_state.9694
                0x20005c28        0x1 ./Sources/uart_state_machine.o
 .bss.heart_beat_flag
                0x20005c29        0x1 ./Sources/uart_state_machine.o
                0x20005c29                heart_beat_flag
 .bss.last_uart_command_ack_pending
                0x20005c2a        0x1 ./Sources/uart_state_machine.o
                0x20005c2a                last_uart_command_ack_pending
 .bss.len_byte1.9696
                0x20005c2b        0x1 ./Sources/uart_state_machine.o
 .bss.len_counter.9702
                0x20005c2c        0x2 ./Sources/uart_state_machine.o
 *fill*         0x20005c2e        0x2 
 .bss.uart_rx_data.9695
                0x20005c30      0x13c ./Sources/uart_state_machine.o
 .bss.can_mst_try_u8
                0x20005d6c        0x1 ./Sources/uart_tx_task.o
                0x20005d6c                can_mst_try_u8
 .bss.heart_beat_mst_try_u8
                0x20005d6d        0x1 ./Sources/uart_tx_task.o
                0x20005d6d                heart_beat_mst_try_u8
 *fill*         0x20005d6e        0x2 
 .bss.queue_received_uart_send_gst
                0x20005d70        0x2 ./Sources/uart_tx_task.o
                0x20005d70                queue_received_uart_send_gst
 *(COMMON)
                0x20005d74                . = ALIGN (0x4)
 *fill*         0x20005d72        0x2 
                0x20005d74                __bss_end__ = .
                0x20005d74                __BSS_END = .

.heap           0x20005d74      0x404
                0x20005d78                . = ALIGN (0x8)
 *fill*         0x20005d74        0x4 
                0x20005d78                __end__ = .
                0x20005d78                __heap_start__ = .
                [!provide]                PROVIDE (end, .)
                [!provide]                PROVIDE (_end, .)
                [!provide]                PROVIDE (__end, .)
                0x20005d78                __HeapBase = .
                0x20006178                . = (. + HEAP_SIZE)
 *fill*         0x20005d78      0x400 
                0x20006178                __HeapLimit = .
                0x20006178                __heap_limit = .
                0x20006178                __heap_end__ = .
                0x20007000                __StackTop = (ORIGIN (m_data_2) + LENGTH (m_data_2))
                0x20006c00                __StackLimit = (__StackTop - STACK_SIZE)
                0x20007000                PROVIDE (__stack, __StackTop)
                0x20007000                __RAM_END = __StackTop

.stack          0x20006c00      0x400
                0x20006c00                . = ALIGN (0x8)
                0x20006c00                __stack_start__ = .
                0x20007000                . = (. + STACK_SIZE)
 *fill*         0x20006c00      0x400 
                0x20007000                __stack_end__ = .

.ARM.attributes
                0x00000000       0x30
 *(.ARM.attributes)
 .ARM.attributes
                0x00000000       0x22 c:/nxp/s32ds_arm_v2.2/s32ds/build_tools/gcc_v6.3/gcc-6.3-arm32-eabi/bin/../lib/gcc/arm-none-eabi/6.3.1/thumb/v7e-m/fpv4-sp/hard/crti.o
 .ARM.attributes
                0x00000022       0x39 ./Generated_Code/Flash1.o
 .ARM.attributes
                0x0000005b       0x39 ./Generated_Code/can_pal1.o
 .ARM.attributes
                0x00000094       0x39 ./Generated_Code/clockMan1.o
 .ARM.attributes
                0x000000cd       0x39 ./Generated_Code/pin_mux.o
 .ARM.attributes
                0x00000106       0x39 ./Generated_Code/timing_pal1.o
 .ARM.attributes
                0x0000013f       0x39 ./Generated_Code/uart_pal1.o
 .ARM.attributes
                0x00000178       0x1f ./Project_Settings/Startup_Code/startup_S32K144.o
 .ARM.attributes
                0x00000197       0x39 ./SDK/platform/devices/S32K144/startup/system_S32K144.o
 .ARM.attributes
                0x000001d0       0x39 ./SDK/platform/devices/startup.o
 .ARM.attributes
                0x00000209       0x39 ./SDK/platform/drivers/src/clock/S32K1xx/clock_S32K1xx.o
 .ARM.attributes
                0x00000242       0x39 ./SDK/platform/drivers/src/edma/edma_driver.o
 .ARM.attributes
                0x0000027b       0x39 ./SDK/platform/drivers/src/edma/edma_hw_access.o
 .ARM.attributes
                0x000002b4       0x39 ./SDK/platform/drivers/src/edma/edma_irq.o
 .ARM.attributes
                0x000002ed       0x39 ./SDK/platform/drivers/src/flash/flash_driver.o
 .ARM.attributes
                0x00000326       0x39 ./SDK/platform/drivers/src/flexcan/flexcan_driver.o
 .ARM.attributes
                0x0000035f       0x39 ./SDK/platform/drivers/src/flexcan/flexcan_hw_access.o
 .ARM.attributes
                0x00000398       0x39 ./SDK/platform/drivers/src/flexcan/flexcan_irq.o
 .ARM.attributes
                0x000003d1       0x39 ./SDK/platform/drivers/src/ftm/ftm_common.o
 .ARM.attributes
                0x0000040a       0x39 ./SDK/platform/drivers/src/ftm/ftm_hw_access.o
 .ARM.attributes
                0x00000443       0x39 ./SDK/platform/drivers/src/ftm/ftm_oc_driver.o
 .ARM.attributes
                0x0000047c       0x39 ./SDK/platform/drivers/src/interrupt/interrupt_manager.o
 .ARM.attributes
                0x000004b5       0x39 ./SDK/platform/drivers/src/lpuart/lpuart_driver.o
 .ARM.attributes
                0x000004ee       0x39 ./SDK/platform/drivers/src/lpuart/lpuart_hw_access.o
 .ARM.attributes
                0x00000527       0x39 ./SDK/platform/drivers/src/lpuart/lpuart_irq.o
 .ARM.attributes
                0x00000560       0x39 ./SDK/platform/drivers/src/pins/pins_driver.o
 .ARM.attributes
                0x00000599       0x39 ./SDK/platform/drivers/src/pins/pins_port_hw_access.o
 .ARM.attributes
                0x000005d2       0x39 ./SDK/platform/pal/src/can/can_pal.o
 .ARM.attributes
                0x0000060b       0x39 ./SDK/platform/pal/src/timing/timing_irq.o
 .ARM.attributes
                0x00000644       0x39 ./SDK/platform/pal/src/timing/timing_pal.o
 .ARM.attributes
                0x0000067d       0x39 ./SDK/platform/pal/src/uart/uart_pal.o
 .ARM.attributes
                0x000006b6       0x39 ./SDK/rtos/FreeRTOS_S32K/Source/list.o
 .ARM.attributes
                0x000006ef       0x39 ./SDK/rtos/FreeRTOS_S32K/Source/queue.o
 .ARM.attributes
                0x00000728       0x39 ./SDK/rtos/FreeRTOS_S32K/Source/tasks.o
 .ARM.attributes
                0x00000761       0x39 ./SDK/rtos/FreeRTOS_S32K/Source/timers.o
 .ARM.attributes
                0x0000079a       0x39 ./SDK/rtos/FreeRTOS_S32K/Source/portable/GCC/ARM_CM4F/port.o
 .ARM.attributes
                0x000007d3       0x39 ./SDK/rtos/FreeRTOS_S32K/Source/portable/MemMang/heap_2.o
 .ARM.attributes
                0x0000080c       0x39 ./SDK/rtos/osif/osif_freertos.o
 .ARM.attributes
                0x00000845       0x39 ./Sources/app_main.o
 .ARM.attributes
                0x0000087e       0x39 ./Sources/can.o
 .ARM.attributes
                0x000008b7       0x39 ./Sources/can_app.o
 .ARM.attributes
                0x000008f0       0x39 ./Sources/can_queue.o
 .ARM.attributes
                0x00000929       0x39 ./Sources/can_rx_task.o
 .ARM.attributes
                0x00000962       0x39 ./Sources/can_tx_task.o
 .ARM.attributes
                0x0000099b       0x39 ./Sources/clock.o
 .ARM.attributes
                0x000009d4       0x39 ./Sources/core_main.o
 .ARM.attributes
                0x00000a0d       0x39 ./Sources/diagnostic_task.o
 .ARM.attributes
                0x00000a46       0x39 ./Sources/gpio.o
 .ARM.attributes
                0x00000a7f       0x39 ./Sources/internal_flash.o
 .ARM.attributes
                0x00000ab8       0x39 ./Sources/internal_flash_app.o
 .ARM.attributes
                0x00000af1       0x39 ./Sources/main.o
 .ARM.attributes
                0x00000b2a       0x39 ./Sources/operating_system.o
 .ARM.attributes