Archive member included to satisfy reference by file (symbol)

c:/nxp/s32ds_arm_v2.2/s32ds/build_tools/gcc_v6.3/gcc-6.3-arm32-eabi/bin/../lib/gcc/arm-none-eabi/6.3.1/thumb/v7e-m/fpv4-sp/hard\libgcc.a(_aeabi_uldivmod.o)
                              ./SDK/platform/pal/src/timing/timing_pal.o (__aeabi_uldivmod)
c:/nxp/s32ds_arm_v2.2/s32ds/build_tools/gcc_v6.3/gcc-6.3-arm32-eabi/bin/../lib/gcc/arm-none-eabi/6.3.1/thumb/v7e-m/fpv4-sp/hard\libgcc.a(_udivmoddi4.o)
                              c:/nxp/s32ds_arm_v2.2/s32ds/build_tools/gcc_v6.3/gcc-6.3-arm32-eabi/bin/../lib/gcc/arm-none-eabi/6.3.1/thumb/v7e-m/fpv4-sp/hard\libgcc.a(_aeabi_uldivmod.o) (__udivmoddi4)
c:/nxp/s32ds_arm_v2.2/s32ds/build_tools/gcc_v6.3/gcc-6.3-arm32-eabi/bin/../lib/gcc/arm-none-eabi/6.3.1/thumb/v7e-m/fpv4-sp/hard\libgcc.a(_dvmd_tls.o)
                              c:/nxp/s32ds_arm_v2.2/s32ds/build_tools/gcc_v6.3/gcc-6.3-arm32-eabi/bin/../lib/gcc/arm-none-eabi/6.3.1/thumb/v7e-m/fpv4-sp/hard\libgcc.a(_aeabi_uldivmod.o) (__aeabi_ldiv0)
C:/NXP/S32DS_ARM_v2.2/S32DS/build_tools/gcc_v6.3/gcc-6.3-arm32-eabi/arm-none-eabi/newlib/lib/thumb/v7e-m/fpv4-sp/hard\libc_nano.a(lib_a-exit.o)
                              C:/NXP/S32DS_ARM_v2.2/S32DS/build_tools/gcc_v6.3/gcc-6.3-arm32-eabi/arm-none-eabi/newlib/lib/thumb/v7e-m/fpv4-sp/hard/crt0.o (exit)
C:/NXP/S32DS_ARM_v2.2/S32DS/build_tools/gcc_v6.3/gcc-6.3-arm32-eabi/arm-none-eabi/newlib/lib/thumb/v7e-m/fpv4-sp/hard\libc_nano.a(lib_a-impure.o)
                              C:/NXP/S32DS_ARM_v2.2/S32DS/build_tools/gcc_v6.3/gcc-6.3-arm32-eabi/arm-none-eabi/newlib/lib/thumb/v7e-m/fpv4-sp/hard\libc_nano.a(lib_a-exit.o) (_global_impure_ptr)
C:/NXP/S32DS_ARM_v2.2/S32DS/build_tools/gcc_v6.3/gcc-6.3-arm32-eabi/arm-none-eabi/newlib/lib/thumb/v7e-m/fpv4-sp/hard\libc_nano.a(lib_a-init.o)
                              C:/NXP/S32DS_ARM_v2.2/S32DS/build_tools/gcc_v6.3/gcc-6.3-arm32-eabi/arm-none-eabi/newlib/lib/thumb/v7e-m/fpv4-sp/hard/crt0.o (__libc_init_array)
C:/NXP/S32DS_ARM_v2.2/S32DS/build_tools/gcc_v6.3/gcc-6.3-arm32-eabi/arm-none-eabi/newlib/lib/thumb/v7e-m/fpv4-sp/hard\libc_nano.a(lib_a-memcpy-stub.o)
                              ./RTT/SEGGER_RTT.o (memcpy)
C:/NXP/S32DS_ARM_v2.2/S32DS/build_tools/gcc_v6.3/gcc-6.3-arm32-eabi/arm-none-eabi/newlib/lib/thumb/v7e-m/fpv4-sp/hard\libc_nano.a(lib_a-memset.o)
                              C:/NXP/S32DS_ARM_v2.2/S32DS/build_tools/gcc_v6.3/gcc-6.3-arm32-eabi/arm-none-eabi/newlib/lib/thumb/v7e-m/fpv4-sp/hard/crt0.o (memset)
C:/NXP/S32DS_ARM_v2.2/S32DS/build_tools/gcc_v6.3/gcc-6.3-arm32-eabi/arm-none-eabi/newlib/lib/thumb/v7e-m/fpv4-sp/hard\libc_nano.a(lib_a-strlen.o)
                              ./RTT/SEGGER_RTT.o (strlen)
C:/NXP/S32DS_ARM_v2.2/S32DS/build_tools/gcc_v6.3/gcc-6.3-arm32-eabi/arm-none-eabi/newlib/lib/thumb/v7e-m/fpv4-sp/hard\libnosys.a(_exit.o)
                              C:/NXP/S32DS_ARM_v2.2/S32DS/build_tools/gcc_v6.3/gcc-6.3-arm32-eabi/arm-none-eabi/newlib/lib/thumb/v7e-m/fpv4-sp/hard\libc_nano.a(lib_a-exit.o) (_exit)

Discarded input sections

 .text          0x00000000        0x0 c:/nxp/s32ds_arm_v2.2/s32ds/build_tools/gcc_v6.3/gcc-6.3-arm32-eabi/bin/../lib/gcc/arm-none-eabi/6.3.1/thumb/v7e-m/fpv4-sp/hard/crti.o
 .data          0x00000000        0x0 c:/nxp/s32ds_arm_v2.2/s32ds/build_tools/gcc_v6.3/gcc-6.3-arm32-eabi/bin/../lib/gcc/arm-none-eabi/6.3.1/thumb/v7e-m/fpv4-sp/hard/crti.o
 .bss           0x00000000        0x0 c:/nxp/s32ds_arm_v2.2/s32ds/build_tools/gcc_v6.3/gcc-6.3-arm32-eabi/bin/../lib/gcc/arm-none-eabi/6.3.1/thumb/v7e-m/fpv4-sp/hard/crti.o
 .text          0x00000000       0xa4 c:/nxp/s32ds_arm_v2.2/s32ds/build_tools/gcc_v6.3/gcc-6.3-arm32-eabi/bin/../lib/gcc/arm-none-eabi/6.3.1/thumb/v7e-m/fpv4-sp/hard/crtbegin.o
 .data          0x00000000        0x4 c:/nxp/s32ds_arm_v2.2/s32ds/build_tools/gcc_v6.3/gcc-6.3-arm32-eabi/bin/../lib/gcc/arm-none-eabi/6.3.1/thumb/v7e-m/fpv4-sp/hard/crtbegin.o
 .bss           0x00000000       0x1c c:/nxp/s32ds_arm_v2.2/s32ds/build_tools/gcc_v6.3/gcc-6.3-arm32-eabi/bin/../lib/gcc/arm-none-eabi/6.3.1/thumb/v7e-m/fpv4-sp/hard/crtbegin.o
 .init_array    0x00000000        0x4 c:/nxp/s32ds_arm_v2.2/s32ds/build_tools/gcc_v6.3/gcc-6.3-arm32-eabi/bin/../lib/gcc/arm-none-eabi/6.3.1/thumb/v7e-m/fpv4-sp/hard/crtbegin.o
 .fini_array    0x00000000        0x4 c:/nxp/s32ds_arm_v2.2/s32ds/build_tools/gcc_v6.3/gcc-6.3-arm32-eabi/bin/../lib/gcc/arm-none-eabi/6.3.1/thumb/v7e-m/fpv4-sp/hard/crtbegin.o
 .eh_frame      0x00000000        0x0 c:/nxp/s32ds_arm_v2.2/s32ds/build_tools/gcc_v6.3/gcc-6.3-arm32-eabi/bin/../lib/gcc/arm-none-eabi/6.3.1/thumb/v7e-m/fpv4-sp/hard/crtbegin.o
 .jcr           0x00000000        0x0 c:/nxp/s32ds_arm_v2.2/s32ds/build_tools/gcc_v6.3/gcc-6.3-arm32-eabi/bin/../lib/gcc/arm-none-eabi/6.3.1/thumb/v7e-m/fpv4-sp/hard/crtbegin.o
 .tm_clone_table
[...]
Memory Configuration

Name             Origin             Length             Attributes
m_interrupts     0x0000e000         0x00000400         xr
m_flash_config   0x0000e400         0x00000010         xr
m_text           0x0000e410         0x00042000         xr
m_data           0x1fff8000         0x00008000         rw
m_data_2         0x20000000         0x00007000         rw
*default*        0x00000000         0xffffffff

Linker script and memory map

LOAD c:/nxp/s32ds_arm_v2.2/s32ds/build_tools/gcc_v6.3/gcc-6.3-arm32-eabi/bin/../lib/gcc/arm-none-eabi/6.3.1/thumb/v7e-m/fpv4-sp/hard/crti.o
LOAD c:/nxp/s32ds_arm_v2.2/s32ds/build_tools/gcc_v6.3/gcc-6.3-arm32-eabi/bin/../lib/gcc/arm-none-eabi/6.3.1/thumb/v7e-m/fpv4-sp/hard/crtbegin.o
LOAD C:/NXP/S32DS_ARM_v2.2/S32DS/build_tools/gcc_v6.3/gcc-6.3-arm32-eabi/arm-none-eabi/newlib/lib/thumb/v7e-m/fpv4-sp/hard/crt0.o
LOAD ./Generated_Code/Cpu.o
LOAD ./Generated_Code/Flash1.o
LOAD ./Generated_Code/can_pal1.o
LOAD ./Generated_Code/clockMan1.o
LOAD ./Generated_Code/dmaController1.o
LOAD ./Generated_Code/pin_mux.o
LOAD ./Generated_Code/pwrMan1.o
LOAD ./Generated_Code/timing_pal1.o
LOAD ./Generated_Code/uart_pal1.o
LOAD ./Project_Settings/Startup_Code/startup_S32K144.o
LOAD ./RTT/SEGGER_RTT.o
LOAD ./RTT/SEGGER_RTT_Syscalls_GCC.o
LOAD ./RTT/SEGGER_RTT_printf.o
LOAD ./SDK/platform/devices/S32K144/startup/system_S32K144.o
LOAD ./SDK/platform/devices/startup.o
LOAD ./SDK/platform/drivers/src/clock/S32K1xx/clock_S32K1xx.o
LOAD ./SDK/platform/drivers/src/edma/edma_driver.o
LOAD ./SDK/platform/drivers/src/edma/edma_hw_access.o
LOAD ./SDK/platform/drivers/src/edma/edma_irq.o
LOAD ./SDK/platform/drivers/src/flash/flash_driver.o
LOAD ./SDK/platform/drivers/src/flexcan/flexcan_driver.o
LOAD ./SDK/platform/drivers/src/flexcan/flexcan_hw_access.o
LOAD ./SDK/platform/drivers/src/flexcan/flexcan_irq.o
LOAD ./SDK/platform/drivers/src/ftm/ftm_common.o
LOAD ./SDK/platform/drivers/src/ftm/ftm_hw_access.o
LOAD ./SDK/platform/drivers/src/ftm/ftm_mc_driver.o
LOAD ./SDK/platform/drivers/src/ftm/ftm_oc_driver.o
LOAD ./SDK/platform/drivers/src/interrupt/interrupt_manager.o
LOAD ./SDK/platform/drivers/src/lpuart/lpuart_driver.o
LOAD ./SDK/platform/drivers/src/lpuart/lpuart_hw_access.o
LOAD ./SDK/platform/drivers/src/lpuart/lpuart_irq.o
LOAD ./SDK/platform/drivers/src/pins/pins_driver.o
LOAD ./SDK/platform/drivers/src/pins/pins_port_hw_access.o
LOAD ./SDK/platform/drivers/src/power/S32K1xx/power_manager_S32K1xx.o
LOAD ./SDK/platform/drivers/src/power/S32K1xx/power_smc_hw_access.o
LOAD ./SDK/platform/drivers/src/power/power_manager.o
LOAD ./SDK/platform/pal/src/can/can_pal.o
LOAD ./SDK/platform/pal/src/timing/timing_irq.o
LOAD ./SDK/platform/pal/src/timing/timing_pal.o
LOAD ./SDK/platform/pal/src/uart/uart_pal.o
LOAD ./SDK/rtos/FreeRTOS_S32K/Source/croutine.o
LOAD ./SDK/rtos/FreeRTOS_S32K/Source/event_groups.o
LOAD ./SDK/rtos/FreeRTOS_S32K/Source/list.o
LOAD ./SDK/rtos/FreeRTOS_S32K/Source/queue.o
LOAD ./SDK/rtos/FreeRTOS_S32K/Source/stream_buffer.o
LOAD ./SDK/rtos/FreeRTOS_S32K/Source/tasks.o
LOAD ./SDK/rtos/FreeRTOS_S32K/Source/timers.o
LOAD ./SDK/rtos/FreeRTOS_S32K/Source/portable/GCC/ARM_CM4F/port.o
LOAD ./SDK/rtos/FreeRTOS_S32K/Source/portable/MemMang/heap_2.o
LOAD ./SDK/rtos/osif/osif_freertos.o
LOAD ./Sources/app_main.o
LOAD ./Sources/bb_memory.o
LOAD ./Sources/can.o
LOAD ./Sources/can_app.o
LOAD ./Sources/can_queue.o
LOAD ./Sources/can_rx_task.o
LOAD ./Sources/can_tx_task.o
LOAD ./Sources/clock.o
LOAD ./Sources/core_main.o
LOAD ./Sources/diagnostic_task.o
LOAD ./Sources/gpio.o
LOAD ./Sources/internal_flash.o
LOAD ./Sources/internal_flash_app.o
LOAD ./Sources/main.o
LOAD ./Sources/operating_system.o
LOAD ./Sources/rr_nvic.o
LOAD ./Sources/timer.o
LOAD ./Sources/uart.o
LOAD ./Sources/uart_queue.o
LOAD ./Sources/uart_rx_task.o
LOAD ./Sources/uart_state_machine.o
LOAD ./Sources/uart_tx_task.o
START GROUP
LOAD c:/nxp/s32ds_arm_v2.2/s32ds/build_tools/gcc_v6.3/gcc-6.3-arm32-eabi/bin/../lib/gcc/arm-none-eabi/6.3.1/thumb/v7e-m/fpv4-sp/hard\libgcc.a
LOAD C:/NXP/S32DS_ARM_v2.2/S32DS/build_tools/gcc_v6.3/gcc-6.3-arm32-eabi/arm-none-eabi/newlib/lib/thumb/v7e-m/fpv4-sp/hard\libc_nano.a
END GROUP
START GROUP
LOAD c:/nxp/s32ds_arm_v2.2/s32ds/build_tools/gcc_v6.3/gcc-6.3-arm32-eabi/bin/../lib/gcc/arm-none-eabi/6.3.1/thumb/v7e-m/fpv4-sp/hard\libgcc.a
LOAD C:/NXP/S32DS_ARM_v2.2/S32DS/build_tools/gcc_v6.3/gcc-6.3-arm32-eabi/arm-none-eabi/newlib/lib/thumb/v7e-m/fpv4-sp/hard\libc_nano.a
LOAD C:/NXP/S32DS_ARM_v2.2/S32DS/build_tools/gcc_v6.3/gcc-6.3-arm32-eabi/arm-none-eabi/newlib/lib/thumb/v7e-m/fpv4-sp/hard\libnosys.a
END GROUP
START GROUP
LOAD c:/nxp/s32ds_arm_v2.2/s32ds/build_tools/gcc_v6.3/gcc-6.3-arm32-eabi/bin/../lib/gcc/arm-none-eabi/6.3.1/thumb/v7e-m/fpv4-sp/hard\libgcc.a
LOAD C:/NXP/S32DS_ARM_v2.2/S32DS/build_tools/gcc_v6.3/gcc-6.3-arm32-eabi/arm-none-eabi/newlib/lib/thumb/v7e-m/fpv4-sp/hard\libc_nano.a
LOAD C:/NXP/S32DS_ARM_v2.2/S32DS/build_tools/gcc_v6.3/gcc-6.3-arm32-eabi/arm-none-eabi/newlib/lib/thumb/v7e-m/fpv4-sp/hard\libnosys.a
END GROUP
LOAD c:/nxp/s32ds_arm_v2.2/s32ds/build_tools/gcc_v6.3/gcc-6.3-arm32-eabi/bin/../lib/gcc/arm-none-eabi/6.3.1/thumb/v7e-m/fpv4-sp/hard/crtend.o
LOAD c:/nxp/s32ds_arm_v2.2/s32ds/build_tools/gcc_v6.3/gcc-6.3-arm32-eabi/bin/../lib/gcc/arm-none-eabi/6.3.1/thumb/v7e-m/fpv4-sp/hard/crtn.o
                0x00000400                HEAP_SIZE = DEFINED (__heap_size__)?__heap_size__:0x400
                0x00000400                STACK_SIZE = DEFINED (__stack_size__)?__stack_size__:0x400
                0x00000400                M_VECTOR_RAM_SIZE = DEFINED (__flash_vector_table__)?0x0:0x400

.interrupts     0x0000e000      0x400
                0x0000e000                __VECTOR_TABLE = .
                0x0000e000                __interrupts_start__ = .
                0x0000e000                . = ALIGN (0x4)
 *(.isr_vector)
 .isr_vector    0x0000e000      0x400 ./Project_Settings/Startup_Code/startup_S32K144.o
                0x0000e000                __isr_vector
                0x0000e400                __interrupts_end__ = .
                0x0000e400                . = ALIGN (0x4)

.flash_config   0x0000e400       0x10
                0x0000e400                . = ALIGN (0x4)
 *(.FlashConfig)
 .FlashConfig   0x0000e400       0x10 ./Project_Settings/Startup_Code/startup_S32K144.o
                0x0000e410                . = ALIGN (0x4)

.text           0x0000e410     0x7cd4
                0x0000e410                . = ALIGN (0x4)
 *(.text)
 .text          0x0000e410       0x4c ./Project_Settings/Startup_Code/startup_S32K144.o
                0x0000e410                Reset_Handler
                0x0000e458                DebugMon_Handler
                0x0000e458                Reserved88_IRQHandler
                0x0000e458                HardFault_Handler
                0x0000e458                Reserved86_IRQHandler
                0x0000e458                Reserved103_IRQHandler
                0x0000e458                FTM2_Ovf_Reload_IRQHandler
                0x0000e458                Reserved50_IRQHandler
                0x0000e458                FTFC_Fault_IRQHandler
                0x0000e458                FTM0_Ch6_Ch7_IRQHandler
                0x0000e458                Reserved114_IRQHandler
                0x0000e458                NMI_Handler
                0x0000e458                Reserved89_IRQHandler
                0x0000e458                ERM_double_fault_IRQHandler
                0x0000e458                Reserved59_IRQHandler
                0x0000e458                LPIT0_Ch0_IRQHandler
                0x0000e458                Reserved99_IRQHandler
                0x0000e458                FTM3_Ch6_Ch7_IRQHandler
                0x0000e458                LPIT0_Ch3_IRQHandler
                0x0000e458                Reserved92_IRQHandler
                0x0000e458                FTM0_Ch4_Ch5_IRQHandler
                0x0000e458                FTM3_Ch0_Ch1_IRQHandler
                0x0000e458                SWI_IRQHandler
                0x0000e458                ADC0_IRQHandler
                0x0000e458                FTM2_Ch4_Ch5_IRQHandler
                0x0000e458                UsageFault_Handler
                0x0000e458                FTM0_Ovf_Reload_IRQHandler
                0x0000e458                DefaultISR
                0x0000e458                Reserved58_IRQHandler
                0x0000e458                FTM1_Ch2_Ch3_IRQHandler
                0x0000e458                Reserved82_IRQHandler
                0x0000e458                LPI2C0_Slave_IRQHandler
                0x0000e458                Reserved71_IRQHandler
                0x0000e458                PORTD_IRQHandler
                0x0000e458                Reserved69_IRQHandler
                0x0000e458                PORTB_IRQHandler
                0x0000e458                Reserved70_IRQHandler
                0x0000e458                ADC1_IRQHandler
                0x0000e458                FTM2_Ch2_Ch3_IRQHandler
                0x0000e458                Reserved53_IRQHandler
                0x0000e458                RTC_IRQHandler
                0x0000e458                PDB0_IRQHandler
                0x0000e458                Reserved54_IRQHandler
                0x0000e458                FTM2_Ch6_Ch7_IRQHandler
                0x0000e458                FTM3_Ch2_Ch3_IRQHandler
                0x0000e458                FTM2_Ch0_Ch1_IRQHandler
                0x0000e458                LPSPI1_IRQHandler
                0x0000e458                LPUART1_RxTx_IRQHandler
                0x0000e458                RTC_Seconds_IRQHandler
                0x0000e458                Reserved72_IRQHandler
                0x0000e458                Reserved110_IRQHandler
                0x0000e458                Reserved107_IRQHandler
                0x0000e458                Read_Collision_IRQHandler
                0x0000e458                FTFC_IRQHandler
                0x0000e458                FTM1_Ch6_Ch7_IRQHandler
                0x0000e458                Reserved105_IRQHandler
                0x0000e458                LPIT0_Ch1_IRQHandler
                0x0000e458                FTM1_Ch4_Ch5_IRQHandler
                0x0000e458                FTM3_Ovf_Reload_IRQHandler
                0x0000e458                LPUART2_RxTx_IRQHandler
                0x0000e458                LPSPI0_IRQHandler
                0x0000e458                WDOG_EWM_IRQHandler
                0x0000e458                MemManage_Handler
                0x0000e458                Reserved90_IRQHandler
                0x0000e458                Reserved83_IRQHandler
                0x0000e458                FTM0_Fault_IRQHandler
                0x0000e458                Reserved48_IRQHandler
                0x0000e458                ERM_single_fault_IRQHandler
                0x0000e458                FTM2_Fault_IRQHandler
                0x0000e458                FTM0_Ch2_Ch3_IRQHandler
                0x0000e458                FTM0_Ch0_Ch1_IRQHandler
                0x0000e458                FTM3_Fault_IRQHandler
                0x0000e458                RCM_IRQHandler
                0x0000e458                Reserved100_IRQHandler
                0x0000e458                Reserved91_IRQHandler
                0x0000e458                SCG_IRQHandler
                0x0000e458                PDB1_IRQHandler
                0x0000e458                Reserved81_IRQHandler
                0x0000e458                Reserved46_IRQHandler
                0x0000e458                Reserved45_IRQHandler
                0x0000e458                Reserved112_IRQHandler
                0x0000e458                LPI2C0_Master_IRQHandler
                0x0000e458                FTM1_Fault_IRQHandler
                0x0000e458                Reserved106_IRQHandler
                0x0000e458                LVD_LVW_IRQHandler
                0x0000e458                LPIT0_Ch2_IRQHandler
                0x0000e458                PORTA_IRQHandler
                0x0000e458                MCM_IRQHandler
                0x0000e458                LPSPI2_IRQHandler
                0x0000e458                FTM3_Ch4_Ch5_IRQHandler
                0x0000e458                PORTE_IRQHandler
                0x0000e458                LPUART0_RxTx_IRQHandler
                0x0000e458                LPTMR0_IRQHandler
                0x0000e458                BusFault_Handler
                0x0000e458                Reserved87_IRQHandler
                0x0000e458                FTM1_Ovf_Reload_IRQHandler
                0x0000e458                Reserved93_IRQHandler
                0x0000e458                CMP0_IRQHandler
                0x0000e458                Reserved52_IRQHandler
                0x0000e458                PORTC_IRQHandler
                0x0000e458                FTM1_Ch0_Ch1_IRQHandler
                0x0000e458                FLEXIO_IRQHandler
                0x0000e458                Reserved113_IRQHandler
 *(.text*)
 .text.SystemInit
                0x0000e45c       0x3c ./SDK/platform/devices/S32K144/startup/system_S32K144.o
                0x0000e45c                SystemInit
 .text.init_data_bss
                0x0000e498       0xd8 ./SDK/platform/devices/startup.o
                0x0000e498                init_data_bss
 .text.CLOCK_SYS_GetCurrentRunMode
                0x0000e570       0x24 ./SDK/platform/drivers/src/clock/S32K1xx/clock_S32K1xx.o
 .text.CLOCK_SYS_GetSysOscFreq
                0x0000e594       0x1c ./SDK/platform/drivers/src/clock/S32K1xx/clock_S32K1xx.o
 .text.CLOCK_SYS_ConfigureSOSC
                0x0000e5b0      0x12c ./SDK/platform/drivers/src/clock/S32K1xx/clock_S32K1xx.o
 .text.CLOCK_SYS_GetSircFreq
                0x0000e6dc       0x2c ./SDK/platform/drivers/src/clock/S32K1xx/clock_S32K1xx.o
 .text.CLOCK_SYS_ConfigureSIRC
                0x0000e708       0xc4 ./SDK/platform/drivers/src/clock/S32K1xx/clock_S32K1xx.o
 .text.CLOCK_SYS_GetFircFreq
                0x0000e7cc       0x20 ./SDK/platform/drivers/src/clock/S32K1xx/clock_S32K1xx.o
 .text.CLOCK_SYS_ConfigureFIRC
                0x0000e7ec       0xb4 ./SDK/platform/drivers/src/clock/S32K1xx/clock_S32K1xx.o
 .text.CLOCK_SYS_GetSysPllFreq
                0x0000e8a0       0x44 ./SDK/platform/drivers/src/clock/S32K1xx/clock_S32K1xx.o
 .text.CLOCK_SYS_ConfigureSPLL
                0x0000e8e4      0x104 ./SDK/platform/drivers/src/clock/S32K1xx/clock_S32K1xx.o
 .text.CLOCK_SYS_SetSystemClockConfig
                0x0000e9e8      0x1e4 ./SDK/platform/drivers/src/clock/S32K1xx/clock_S32K1xx.o
 .text.CLOCK_SYS_TransitionSystemClock
                0x0000ebcc       0x3c ./SDK/platform/drivers/src/clock/S32K1xx/clock_S32K1xx.o
 .text.CLOCK_SYS_GetSystemClockFreq
                0x0000ec08       0x78 ./SDK/platform/drivers/src/clock/S32K1xx/clock_S32K1xx.o
 .text.CLOCK_SYS_GetScgClkOutFreq
                0x0000ec80       0x44 ./SDK/platform/drivers/src/clock/S32K1xx/clock_S32K1xx.o
 .text.CLOCK_SYS_GetSysAsyncFreq
                0x0000ecc4       0xd4 ./SDK/platform/drivers/src/clock/S32K1xx/clock_S32K1xx.o
 .text.CLOCK_SYS_GetSimRtcClkFreq
                0x0000ed98       0x50 ./SDK/platform/drivers/src/clock/S32K1xx/clock_S32K1xx.o
 .text.CLOCK_SYS_GetPeripheralClock
                0x0000ede8       0x78 ./SDK/platform/drivers/src/clock/S32K1xx/clock_S32K1xx.o
 .text.CLOCK_SYS_GetLpoFreq
                0x0000ee60       0x4c ./SDK/platform/drivers/src/clock/S32K1xx/clock_S32K1xx.o
 .text.CLOCK_SYS_GetSimClkOutFreq
                0x0000eeac       0x98 ./SDK/platform/drivers/src/clock/S32K1xx/clock_S32K1xx.o
 .text.CLOCK_DRV_Init
                0x0000ef44      0x598 ./SDK/platform/drivers/src/clock/S32K1xx/clock_S32K1xx.o
                0x0000ef44                CLOCK_DRV_Init
 .text.CLOCK_DRV_GetFreq
                0x0000f4dc      0x3b0 ./SDK/platform/drivers/src/clock/S32K1xx/clock_S32K1xx.o
                0x0000f4dc                CLOCK_DRV_GetFreq
 .text.CLOCK_SYS_Init
                0x0000f88c       0x1c ./SDK/platform/drivers/src/clock/S32K1xx/clock_S32K1xx.o
                0x0000f88c                CLOCK_SYS_Init
 .text.CLOCK_SYS_UpdateConfiguration
                0x0000f8a8       0xe8 ./SDK/platform/drivers/src/clock/S32K1xx/clock_S32K1xx.o
                0x0000f8a8                CLOCK_SYS_UpdateConfiguration
 .text.CLOCK_SYS_GetFreq
                0x0000f990        0x8 ./SDK/platform/drivers/src/clock/S32K1xx/clock_S32K1xx.o
                0x0000f990                CLOCK_SYS_GetFreq
 .text.EDMA_DRV_InstallCallback
                0x0000f998       0x20 ./SDK/platform/drivers/src/edma/edma_driver.o
                0x0000f998                EDMA_DRV_InstallCallback
 .text.EDMA_DRV_IRQHandler
                0x0000f9b8       0x2c ./SDK/platform/drivers/src/edma/edma_driver.o
                0x0000f9b8                EDMA_DRV_IRQHandler
 .text.EDMA_DRV_ErrorIRQHandler
                0x0000f9e4       0x3c ./SDK/platform/drivers/src/edma/edma_driver.o
                0x0000f9e4                EDMA_DRV_ErrorIRQHandler
 .text.EDMA_DRV_ConfigSingleBlockTransfer
                0x0000fa20      0x148 ./SDK/platform/drivers/src/edma/edma_driver.o
                0x0000fa20                EDMA_DRV_ConfigSingleBlockTransfer
 .text.EDMA_DRV_ConfigMultiBlockTransfer
                0x0000fb68       0x64 ./SDK/platform/drivers/src/edma/edma_driver.o
                0x0000fb68                EDMA_DRV_ConfigMultiBlockTransfer
 .text.EDMA_DRV_StartChannel
                0x0000fbcc       0x18 ./SDK/platform/drivers/src/edma/edma_driver.o
                0x0000fbcc                EDMA_DRV_StartChannel
 .text.EDMA_DRV_StopChannel
                0x0000fbe4       0x18 ./SDK/platform/drivers/src/edma/edma_driver.o
                0x0000fbe4                EDMA_DRV_StopChannel
 .text.EDMA_DRV_SetSrcAddr
                0x0000fbfc       0x14 ./SDK/platform/drivers/src/edma/edma_driver.o
                0x0000fbfc                EDMA_DRV_SetSrcAddr
 .text.EDMA_DRV_SetDestAddr
                0x0000fc10       0x16 ./SDK/platform/drivers/src/edma/edma_driver.o
                0x0000fc10                EDMA_DRV_SetDestAddr
 *fill*         0x0000fc26        0x2 
 .text.EDMA_DRV_SetMajorLoopIterationCount
                0x0000fc28       0x14 ./SDK/platform/drivers/src/edma/edma_driver.o
                0x0000fc28                EDMA_DRV_SetMajorLoopIterationCount
 .text.EDMA_DRV_DisableRequestsOnTransferComplete
                0x0000fc3c       0x38 ./SDK/platform/drivers/src/edma/edma_driver.o
                0x0000fc3c                EDMA_DRV_DisableRequestsOnTransferComplete
 .text.EDMA_DRV_GetDmaRegBaseAddr
                0x0000fc74        0x8 ./SDK/platform/drivers/src/edma/edma_driver.o
                0x0000fc74                EDMA_DRV_GetDmaRegBaseAddr
 .text.EDMA_SetDmaRequestCmd
                0x0000fc7c        0xa ./SDK/platform/drivers/src/edma/edma_hw_access.o
                0x0000fc7c                EDMA_SetDmaRequestCmd
 .text.EDMA_TCDClearReg
                0x0000fc86       0x4a ./SDK/platform/drivers/src/edma/edma_hw_access.o
                0x0000fc86                EDMA_TCDClearReg
 .text.EDMA_TCDSetAttribute
                0x0000fcd0       0x30 ./SDK/platform/drivers/src/edma/edma_hw_access.o
                0x0000fcd0                EDMA_TCDSetAttribute
 .text.EDMA_TCDSetNbytes
                0x0000fd00       0x5c ./SDK/platform/drivers/src/edma/edma_hw_access.o
                0x0000fd00                EDMA_TCDSetNbytes
 .text.EDMA_TCDSetMajorCount
                0x0000fd5c       0x5e ./SDK/platform/drivers/src/edma/edma_hw_access.o
                0x0000fd5c                EDMA_TCDSetMajorCount
 .text.DMA0_IRQHandler
                0x0000fdba        0xa ./SDK/platform/drivers/src/edma/edma_irq.o
                0x0000fdba                DMA0_IRQHandler
 .text.DMA1_IRQHandler
                0x0000fdc4        0xa ./SDK/platform/drivers/src/edma/edma_irq.o
                0x0000fdc4                DMA1_IRQHandler
 .text.DMA2_IRQHandler
                0x0000fdce        0xa ./SDK/platform/drivers/src/edma/edma_irq.o
                0x0000fdce                DMA2_IRQHandler
 .text.DMA3_IRQHandler
                0x0000fdd8        0xa ./SDK/platform/drivers/src/edma/edma_irq.o
                0x0000fdd8                DMA3_IRQHandler
 .text.DMA4_IRQHandler
                0x0000fde2        0xa ./SDK/platform/drivers/src/edma/edma_irq.o
                0x0000fde2                DMA4_IRQHandler
 .text.DMA5_IRQHandler
                0x0000fdec        0xa ./SDK/platform/drivers/src/edma/edma_irq.o
                0x0000fdec                DMA5_IRQHandler
 .text.DMA6_IRQHandler
                0x0000fdf6        0xa ./SDK/platform/drivers/src/edma/edma_irq.o
                0x0000fdf6                DMA6_IRQHandler
 .text.DMA7_IRQHandler
                0x0000fe00        0xa ./SDK/platform/drivers/src/edma/edma_irq.o
                0x0000fe00                DMA7_IRQHandler
 .text.DMA8_IRQHandler
                0x0000fe0a        0xa ./SDK/platform/drivers/src/edma/edma_irq.o
                0x0000fe0a                DMA8_IRQHandler
 .text.DMA9_IRQHandler
                0x0000fe14        0xa ./SDK/platform/drivers/src/edma/edma_irq.o
                0x0000fe14                DMA9_IRQHandler
 .text.DMA10_IRQHandler
                0x0000fe1e        0xa ./SDK/platform/drivers/src/edma/edma_irq.o
                0x0000fe1e                DMA10_IRQHandler
 .text.DMA11_IRQHandler
                0x0000fe28        0xa ./SDK/platform/drivers/src/edma/edma_irq.o
                0x0000fe28                DMA11_IRQHandler
 .text.DMA12_IRQHandler
                0x0000fe32        0xa ./SDK/platform/drivers/src/edma/edma_irq.o
                0x0000fe32                DMA12_IRQHandler
 .text.DMA13_IRQHandler
                0x0000fe3c        0xa ./SDK/platform/drivers/src/edma/edma_irq.o
                0x0000fe3c                DMA13_IRQHandler
 .text.DMA14_IRQHandler
                0x0000fe46        0xa ./SDK/platform/drivers/src/edma/edma_irq.o
                0x0000fe46                DMA14_IRQHandler
 .text.DMA15_IRQHandler
                0x0000fe50        0xa ./SDK/platform/drivers/src/edma/edma_irq.o
                0x0000fe50                DMA15_IRQHandler
 .text.DMA_Error_IRQHandler
                0x0000fe5a       0x28 ./SDK/platform/drivers/src/edma/edma_irq.o
                0x0000fe5a                DMA_Error_IRQHandler
 *fill*         0x0000fe82        0x2 
 .text.FLASH_DRV_Init
                0x0000fe84       0xcc ./SDK/platform/drivers/src/flash/flash_driver.o
                0x0000fe84                FLASH_DRV_Init
 .text.FLEXCAN_StartRxMessageBufferData
                0x0000ff50       0x8c ./SDK/platform/drivers/src/flexcan/flexcan_driver.o
 .text.FLEXCAN_StartRxMessageFifoData
                0x0000ffdc      0x114 ./SDK/platform/drivers/src/flexcan/flexcan_driver.o
 .text.FLEXCAN_CompleteRxMessageFifoData
                0x000100f0       0xb0 ./SDK/platform/drivers/src/flexcan/flexcan_driver.o
 .text.FLEXCAN_CompleteRxFifoDataDMA
                0x000101a0       0x30 ./SDK/platform/drivers/src/flexcan/flexcan_driver.o
 .text.FLEXCAN_CompleteTransfer
                0x000101d0       0x48 ./SDK/platform/drivers/src/flexcan/flexcan_driver.o
 .text.FLEXCAN_DRV_SetRxMaskType
                0x00010218       0x30 ./SDK/platform/drivers/src/flexcan/flexcan_driver.o
                0x00010218                FLEXCAN_DRV_SetRxMaskType
 .text.FLEXCAN_DRV_SetRxIndividualMask
                0x00010248      0x118 ./SDK/platform/drivers/src/flexcan/flexcan_driver.o
                0x00010248                FLEXCAN_DRV_SetRxIndividualMask
 .text.FLEXCAN_DRV_Init
                0x00010360      0x2c8 ./SDK/platform/drivers/src/flexcan/flexcan_driver.o
                0x00010360                FLEXCAN_DRV_Init
 .text.FLEXCAN_DRV_ConfigTxMb
                0x00010628       0x40 ./SDK/platform/drivers/src/flexcan/flexcan_driver.o
                0x00010628                FLEXCAN_DRV_ConfigTxMb
 .text.FLEXCAN_DRV_ConfigRxMb
                0x00010668       0x68 ./SDK/platform/drivers/src/flexcan/flexcan_driver.o
                0x00010668                FLEXCAN_DRV_ConfigRxMb
 .text.FLEXCAN_DRV_ConfigRxFifo
                0x000106d0       0x28 ./SDK/platform/drivers/src/flexcan/flexcan_driver.o
                0x000106d0                FLEXCAN_DRV_ConfigRxFifo
 .text.FLEXCAN_DRV_Receive
                0x000106f8        0xa ./SDK/platform/drivers/src/flexcan/flexcan_driver.o
                0x000106f8                FLEXCAN_DRV_Receive
 .text.FLEXCAN_DRV_RxFifo
                0x00010702        0xa ./SDK/platform/drivers/src/flexcan/flexcan_driver.o
                0x00010702                FLEXCAN_DRV_RxFifo
 .text.FLEXCAN_Error_IRQHandler
                0x0001070c       0x28 ./SDK/platform/drivers/src/flexcan/flexcan_driver.o
                0x0001070c                FLEXCAN_Error_IRQHandler
 .text.FLEXCAN_WakeUpHandler
                0x00010734       0x6c ./SDK/platform/drivers/src/flexcan/flexcan_driver.o
                0x00010734                FLEXCAN_WakeUpHandler
 .text.FLEXCAN_IRQHandler
                0x000107a0      0x1c8 ./SDK/platform/drivers/src/flexcan/flexcan_driver.o
                0x000107a0                FLEXCAN_IRQHandler
 .text.FLEXCAN_DRV_InstallEventCallback
                0x00010968       0x14 ./SDK/platform/drivers/src/flexcan/flexcan_driver.o
                0x00010968                FLEXCAN_DRV_InstallEventCallback
 .text.FLEXCAN_DRV_GetWMB
                0x0001097c       0x3c ./SDK/platform/drivers/src/flexcan/flexcan_driver.o
                0x0001097c                FLEXCAN_DRV_GetWMB
 .text.FLEXCAN_ComputePayloadSize
                0x000109b8       0x36 ./SDK/platform/drivers/src/flexcan/flexcan_hw_access.o
 *fill*         0x000109ee        0x2 
 .text.FLEXCAN_GetRxFifoMask
                0x000109f0       0x60 ./SDK/platform/drivers/src/flexcan/flexcan_hw_access.o
                0x000109f0                FLEXCAN_GetRxFifoMask
 .text.FLEXCAN_GetMaxMbNum
                0x00010a50       0x2c ./SDK/platform/drivers/src/flexcan/flexcan_hw_access.o
                0x00010a50                FLEXCAN_GetMaxMbNum
 .text.FLEXCAN_Enable
                0x00010a7c       0x2a ./SDK/platform/drivers/src/flexcan/flexcan_hw_access.o
                0x00010a7c                FLEXCAN_Enable
 .text.FLEXCAN_Disable
                0x00010aa6       0x18 ./SDK/platform/drivers/src/flexcan/flexcan_hw_access.o
                0x00010aa6                FLEXCAN_Disable
 *fill*         0x00010abe        0x2 
 .text.FLEXCAN_Init
                0x00010ac0       0x68 ./SDK/platform/drivers/src/flexcan/flexcan_hw_access.o
                0x00010ac0                FLEXCAN_Init
 .text.FLEXCAN_EnableRxFifo
                0x00010b28       0x54 ./SDK/platform/drivers/src/flexcan/flexcan_hw_access.o
                0x00010b28                FLEXCAN_EnableRxFifo
 .text.FLEXCAN_SetRxFifoFilter
                0x00010b7c      0x1d8 ./SDK/platform/drivers/src/flexcan/flexcan_hw_access.o
                0x00010b7c                FLEXCAN_SetRxFifoFilter
 .text.FLEXCAN_SetMsgBuffIntCmd
                0x00010d54       0x3c ./SDK/platform/drivers/src/flexcan/flexcan_hw_access.o
                0x00010d54                FLEXCAN_SetMsgBuffIntCmd
 .text.FLEXCAN_ExitFreezeMode
                0x00010d90       0x1a ./SDK/platform/drivers/src/flexcan/flexcan_hw_access.o
                0x00010d90                FLEXCAN_ExitFreezeMode
 .text.FLEXCAN_EnterFreezeMode
                0x00010daa       0x40 ./SDK/platform/drivers/src/flexcan/flexcan_hw_access.o
                0x00010daa                FLEXCAN_EnterFreezeMode
 *fill*         0x00010dea        0x2 
 .text.FLEXCAN_ClearErrIntStatusFlag
                0x00010dec       0x14 ./SDK/platform/drivers/src/flexcan/flexcan_hw_access.o
                0x00010dec                FLEXCAN_ClearErrIntStatusFlag
 .text.FLEXCAN_ReadRxFifo
                0x00010e00       0x56 ./SDK/platform/drivers/src/flexcan/flexcan_hw_access.o
                0x00010e00                FLEXCAN_ReadRxFifo
 .text.FLEXCAN_SetOperationMode
                0x00010e56       0x5e ./SDK/platform/drivers/src/flexcan/flexcan_hw_access.o
                0x00010e56                FLEXCAN_SetOperationMode
 .text.FLEXCAN_SetPayloadSize
                0x00010eb4       0x1a ./SDK/platform/drivers/src/flexcan/flexcan_hw_access.o
                0x00010eb4                FLEXCAN_SetPayloadSize
 .text.FLEXCAN_GetPayloadSize
                0x00010ece       0x20 ./SDK/platform/drivers/src/flexcan/flexcan_hw_access.o
                0x00010ece                FLEXCAN_GetPayloadSize
 .text.FLEXCAN_GetMsgBuffRegion
                0x00010eee       0x30 ./SDK/platform/drivers/src/flexcan/flexcan_hw_access.o
                0x00010eee                FLEXCAN_GetMsgBuffRegion
 *fill*         0x00010f1e        0x2 
 .text.FLEXCAN_SetTxMsgBuff
                0x00010f20      0x180 ./SDK/platform/drivers/src/flexcan/flexcan_hw_access.o
                0x00010f20                FLEXCAN_SetTxMsgBuff
 .text.FLEXCAN_SetRxMsgBuff
                0x000110a0       0xc8 ./SDK/platform/drivers/src/flexcan/flexcan_hw_access.o
                0x000110a0                FLEXCAN_SetRxMsgBuff
 .text.FLEXCAN_GetMsgBuff
                0x00011168       0x96 ./SDK/platform/drivers/src/flexcan/flexcan_hw_access.o
                0x00011168                FLEXCAN_GetMsgBuff
 .text.FLEXCAN_LockRxMsgBuff
                0x000111fe        0xa ./SDK/platform/drivers/src/flexcan/flexcan_hw_access.o
                0x000111fe                FLEXCAN_LockRxMsgBuff
 .text.FLEXCAN_SetMaxMsgBuffNum
                0x00011208       0x9c ./SDK/platform/drivers/src/flexcan/flexcan_hw_access.o
                0x00011208                FLEXCAN_SetMaxMsgBuffNum
 .text.CAN0_ORed_IRQHandler
                0x000112a4        0xa ./SDK/platform/drivers/src/flexcan/flexcan_irq.o
                0x000112a4                CAN0_ORed_IRQHandler
 .text.CAN0_Error_IRQHandler
                0x000112ae        0xa ./SDK/platform/drivers/src/flexcan/flexcan_irq.o
                0x000112ae                CAN0_Error_IRQHandler
 .text.CAN0_Wake_Up_IRQHandler
                0x000112b8        0xa ./SDK/platform/drivers/src/flexcan/flexcan_irq.o
                0x000112b8                CAN0_Wake_Up_IRQHandler
 .text.CAN0_ORed_0_15_MB_IRQHandler
                0x000112c2        0xa ./SDK/platform/drivers/src/flexcan/flexcan_irq.o
                0x000112c2                CAN0_ORed_0_15_MB_IRQHandler
 .text.CAN0_ORed_16_31_MB_IRQHandler
                0x000112cc        0xa ./SDK/platform/drivers/src/flexcan/flexcan_irq.o
                0x000112cc                CAN0_ORed_16_31_MB_IRQHandler
 .text.CAN1_ORed_IRQHandler
                0x000112d6        0xa ./SDK/platform/drivers/src/flexcan/flexcan_irq.o
                0x000112d6                CAN1_ORed_IRQHandler
 .text.CAN1_Error_IRQHandler
                0x000112e0        0xa ./SDK/platform/drivers/src/flexcan/flexcan_irq.o
                0x000112e0                CAN1_Error_IRQHandler
 .text.CAN1_ORed_0_15_MB_IRQHandler
                0x000112ea        0xa ./SDK/platform/drivers/src/flexcan/flexcan_irq.o
                0x000112ea                CAN1_ORed_0_15_MB_IRQHandler
 .text.CAN2_ORed_IRQHandler
                0x000112f4        0xa ./SDK/platform/drivers/src/flexcan/flexcan_irq.o
                0x000112f4                CAN2_ORed_IRQHandler
 .text.CAN2_Error_IRQHandler
                0x000112fe        0xa ./SDK/platform/drivers/src/flexcan/flexcan_irq.o
                0x000112fe                CAN2_Error_IRQHandler
 .text.CAN2_ORed_0_15_MB_IRQHandler
                0x00011308        0xa ./SDK/platform/drivers/src/flexcan/flexcan_irq.o
                0x00011308                CAN2_ORed_0_15_MB_IRQHandler
 *fill*         0x00011312        0x2 
 .text.FTM_DRV_SetSync
                0x00011314      0x1bc ./SDK/platform/drivers/src/ftm/ftm_common.o
                0x00011314                FTM_DRV_SetSync
 .text.FTM_DRV_EnableInterrupts
                0x000114d0       0xa8 ./SDK/platform/drivers/src/ftm/ftm_common.o
                0x000114d0                FTM_DRV_EnableInterrupts
 .text.FTM_DRV_DisableInterrupts
                0x00011578       0xa4 ./SDK/platform/drivers/src/ftm/ftm_common.o
                0x00011578                FTM_DRV_DisableInterrupts
 .text.FTM_DRV_GetFrequency
                0x0001161c       0x80 ./SDK/platform/drivers/src/ftm/ftm_common.o
                0x0001161c                FTM_DRV_GetFrequency
 .text.FTM_DRV_Init
                0x0001169c       0xdc ./SDK/platform/drivers/src/ftm/ftm_common.o
                0x0001169c                FTM_DRV_Init
 .text.FTM_DRV_InitModule
                0x00011778       0x18 ./SDK/platform/drivers/src/ftm/ftm_hw_access.o
                0x00011778                FTM_DRV_InitModule
 .text.FTM_DRV_Reset
                0x00011790       0x66 ./SDK/platform/drivers/src/ftm/ftm_hw_access.o
                0x00011790                FTM_DRV_Reset
 .text.FTM_DRV_SetChnTriggerCmd
                0x000117f6       0x32 ./SDK/platform/drivers/src/ftm/ftm_hw_access.o
                0x000117f6                FTM_DRV_SetChnTriggerCmd
 .text.FTM_DRV_InitOutputCompare
                0x00011828      0x15c ./SDK/platform/drivers/src/ftm/ftm_oc_driver.o
                0x00011828                FTM_DRV_InitOutputCompare
 .text.FTM_DRV_UpdateOutputCompareChannel
                0x00011984       0x44 ./SDK/platform/drivers/src/ftm/ftm_oc_driver.o
                0x00011984                FTM_DRV_UpdateOutputCompareChannel
 .text.INT_SYS_InstallHandler
                0x000119c8       0x40 ./SDK/platform/drivers/src/interrupt/interrupt_manager.o
                0x000119c8                INT_SYS_InstallHandler
 .text.INT_SYS_EnableIRQ
                0x00011a08       0x18 ./SDK/platform/drivers/src/interrupt/interrupt_manager.o
                0x00011a08                INT_SYS_EnableIRQ
 .text.INT_SYS_DisableIRQ
                0x00011a20       0x1c ./SDK/platform/drivers/src/interrupt/interrupt_manager.o
                0x00011a20                INT_SYS_DisableIRQ
 .text.INT_SYS_EnableIRQGlobal
                0x00011a3c       0x1c ./SDK/platform/drivers/src/interrupt/interrupt_manager.o
                0x00011a3c                INT_SYS_EnableIRQGlobal
 .text.INT_SYS_DisableIRQGlobal
                0x00011a58       0x10 ./SDK/platform/drivers/src/interrupt/interrupt_manager.o
                0x00011a58                INT_SYS_DisableIRQGlobal
 .text.INT_SYS_SetPriority
                0x00011a68       0x58 ./SDK/platform/drivers/src/interrupt/interrupt_manager.o
                0x00011a68                INT_SYS_SetPriority
 .text.LPUART_DRV_StartSendDataUsingInt
                0x00011ac0       0x4c ./SDK/platform/drivers/src/lpuart/lpuart_driver.o
 .text.LPUART_DRV_StartSendDataUsingDma
                0x00011b0c       0x80 ./SDK/platform/drivers/src/lpuart/lpuart_driver.o
 .text.LPUART_DRV_CompleteSendDataUsingInt
                0x00011b8c       0x64 ./SDK/platform/drivers/src/lpuart/lpuart_driver.o
 .text.LPUART_DRV_StopTxDma
                0x00011bf0       0x64 ./SDK/platform/drivers/src/lpuart/lpuart_driver.o
 .text.LPUART_DRV_TxDmaCallback
                0x00011c54       0x74 ./SDK/platform/drivers/src/lpuart/lpuart_driver.o
 .text.LPUART_DRV_PutData
                0x00011cc8       0x44 ./SDK/platform/drivers/src/lpuart/lpuart_driver.o
 .text.LPUART_DRV_StartReceiveDataUsingInt
                0x00011d0c       0x54 ./SDK/platform/drivers/src/lpuart/lpuart_driver.o
 .text.LPUART_DRV_StartReceiveDataUsingDma
                0x00011d60       0x9c ./SDK/platform/drivers/src/lpuart/lpuart_driver.o
 .text.LPUART_DRV_CompleteReceiveDataUsingInt
                0x00011dfc       0x64 ./SDK/platform/drivers/src/lpuart/lpuart_driver.o
 .text.LPUART_DRV_StopRxDma
                0x00011e60       0x64 ./SDK/platform/drivers/src/lpuart/lpuart_driver.o
 .text.LPUART_DRV_RxDmaCallback
                0x00011ec4       0xa4 ./SDK/platform/drivers/src/lpuart/lpuart_driver.o
 .text.LPUART_DRV_GetData
                0x00011f68       0x5c ./SDK/platform/drivers/src/lpuart/lpuart_driver.o
 .text.LPUART_DRV_InstallRxCallback
                0x00011fc4       0x14 ./SDK/platform/drivers/src/lpuart/lpuart_driver.o
                0x00011fc4                LPUART_DRV_InstallRxCallback
 .text.LPUART_DRV_InstallTxCallback
                0x00011fd8       0x14 ./SDK/platform/drivers/src/lpuart/lpuart_driver.o
                0x00011fd8                LPUART_DRV_InstallTxCallback
 .text.LPUART_DRV_SendDataBlocking
                0x00011fec       0x5c ./SDK/platform/drivers/src/lpuart/lpuart_driver.o
                0x00011fec                LPUART_DRV_SendDataBlocking
 .text.LPUART_DRV_ReceiveData
                0x00012048       0x24 ./SDK/platform/drivers/src/lpuart/lpuart_driver.o
                0x00012048                LPUART_DRV_ReceiveData
 .text.LPUART_DRV_SetBaudRate
                0x0001206c       0xf0 ./SDK/platform/drivers/src/lpuart/lpuart_driver.o
                0x0001206c                LPUART_DRV_SetBaudRate
 .text.LPUART_DRV_Init
                0x0001215c       0xe0 ./SDK/platform/drivers/src/lpuart/lpuart_driver.o
                0x0001215c                LPUART_DRV_Init
 .text.LPUART_DRV_IRQHandler
                0x0001223c      0x2a8 ./SDK/platform/drivers/src/lpuart/lpuart_driver.o
                0x0001223c                LPUART_DRV_IRQHandler
 .text.LPUART_Init
                0x000124e4       0x24 ./SDK/platform/drivers/src/lpuart/lpuart_hw_access.o
                0x000124e4                LPUART_Init
 .text.LPUART_SetBitCountPerChar
                0x00012508       0x30 ./SDK/platform/drivers/src/lpuart/lpuart_hw_access.o
                0x00012508                LPUART_SetBitCountPerChar
 .text.LPUART_SetParityMode
                0x00012538       0x1e ./SDK/platform/drivers/src/lpuart/lpuart_hw_access.o
                0x00012538                LPUART_SetParityMode
 .text.LPUART_Putchar9
                0x00012556       0x16 ./SDK/platform/drivers/src/lpuart/lpuart_hw_access.o
                0x00012556                LPUART_Putchar9
 .text.LPUART_Putchar10
                0x0001256c       0x22 ./SDK/platform/drivers/src/lpuart/lpuart_hw_access.o
                0x0001256c                LPUART_Putchar10
 .text.LPUART_Getchar9
                0x0001258e       0x12 ./SDK/platform/drivers/src/lpuart/lpuart_hw_access.o
                0x0001258e                LPUART_Getchar9
 .text.LPUART_Getchar10
                0x000125a0       0x1e ./SDK/platform/drivers/src/lpuart/lpuart_hw_access.o
                0x000125a0                LPUART_Getchar10
 .text.LPUART_SetIntMode
                0x000125be       0x70 ./SDK/platform/drivers/src/lpuart/lpuart_hw_access.o
                0x000125be                LPUART_SetIntMode
 .text.LPUART_GetIntMode
                0x0001262e       0x4a ./SDK/platform/drivers/src/lpuart/lpuart_hw_access.o
                0x0001262e                LPUART_GetIntMode
 .text.LPUART_GetStatusFlag
                0x00012678       0x48 ./SDK/platform/drivers/src/lpuart/lpuart_hw_access.o
                0x00012678                LPUART_GetStatusFlag
 .text.LPUART_SetErrorInterrupts
                0x000126c0       0x40 ./SDK/platform/drivers/src/lpuart/lpuart_hw_access.o
                0x000126c0                LPUART_SetErrorInterrupts
 .text.LPUART0_IrqHandler
                0x00012700        0xa ./SDK/platform/drivers/src/lpuart/lpuart_irq.o
                0x00012700                LPUART0_IrqHandler
 .text.LPUART1_IrqHandler
                0x0001270a        0xa ./SDK/platform/drivers/src/lpuart/lpuart_irq.o
                0x0001270a                LPUART1_IrqHandler
 .text.LPUART2_IrqHandler
                0x00012714        0xa ./SDK/platform/drivers/src/lpuart/lpuart_irq.o
                0x00012714                LPUART2_IrqHandler
 .text.PINS_DRV_Init
                0x0001271e       0x20 ./SDK/platform/drivers/src/pins/pins_driver.o
                0x0001271e                PINS_DRV_Init
 *fill*         0x0001273e        0x2 
 .text.PINS_GetAdcInterleaveVal
                0x00012740       0x70 ./SDK/platform/drivers/src/pins/pins_port_hw_access.o
 .text.PINS_Init
                0x000127b0      0x114 ./SDK/platform/drivers/src/pins/pins_port_hw_access.o
                0x000127b0                PINS_Init
 .text.CAN_FindFlexCANState
                0x000128c4        0x4 ./SDK/platform/pal/src/can/can_pal.o
 .text.CAN_InternalCallback
                0x000128c8       0x6c ./SDK/platform/pal/src/can/can_pal.o
 .text.CAN_Init
                0x00012934       0xe8 ./SDK/platform/pal/src/can/can_pal.o
                0x00012934                CAN_Init
 .text.CAN_ConfigTxBuff
                0x00012a1c       0x74 ./SDK/platform/pal/src/can/can_pal.o
                0x00012a1c                CAN_ConfigTxBuff
 .text.CAN_ConfigRxBuff
                0x00012a90       0x7c ./SDK/platform/pal/src/can/can_pal.o
                0x00012a90                CAN_ConfigRxBuff
 .text.CAN_Receive
                0x00012b0c       0x48 ./SDK/platform/pal/src/can/can_pal.o
                0x00012b0c                CAN_Receive
 .text.CAN_SetRxFilter
                0x00012b54       0x28 ./SDK/platform/pal/src/can/can_pal.o
                0x00012b54                CAN_SetRxFilter
 .text.CAN_InstallEventCallback
                0x00012b7c       0x40 ./SDK/platform/pal/src/can/can_pal.o
                0x00012b7c                CAN_InstallEventCallback
 .text.FTM0_Ch0_Ch1_IrqHandler
                0x00012bbc       0x40 ./SDK/platform/pal/src/timing/timing_irq.o
                0x00012bbc                FTM0_Ch0_Ch1_IrqHandler
 .text.FTM0_Ch2_Ch3_IrqHandler
                0x00012bfc       0x40 ./SDK/platform/pal/src/timing/timing_irq.o
                0x00012bfc                FTM0_Ch2_Ch3_IrqHandler
 .text.FTM0_Ch4_Ch5_IrqHandler
                0x00012c3c       0x40 ./SDK/platform/pal/src/timing/timing_irq.o
                0x00012c3c                FTM0_Ch4_Ch5_IrqHandler
 .text.FTM0_Ch6_Ch7_IrqHandler
                0x00012c7c       0x40 ./SDK/platform/pal/src/timing/timing_irq.o
                0x00012c7c                FTM0_Ch6_Ch7_IrqHandler
 .text.FTM1_Ch0_Ch1_IrqHandler
                0x00012cbc       0x40 ./SDK/platform/pal/src/timing/timing_irq.o
                0x00012cbc                FTM1_Ch0_Ch1_IrqHandler
 .text.FTM1_Ch2_Ch3_IrqHandler
                0x00012cfc       0x40 ./SDK/platform/pal/src/timing/timing_irq.o
                0x00012cfc                FTM1_Ch2_Ch3_IrqHandler
 .text.FTM1_Ch4_Ch5_IrqHandler
                0x00012d3c       0x40 ./SDK/platform/pal/src/timing/timing_irq.o
                0x00012d3c                FTM1_Ch4_Ch5_IrqHandler
 .text.FTM1_Ch6_Ch7_IrqHandler
                0x00012d7c       0x40 ./SDK/platform/pal/src/timing/timing_irq.o
                0x00012d7c                FTM1_Ch6_Ch7_IrqHandler
 .text.FTM2_Ch0_Ch1_IrqHandler
                0x00012dbc       0x40 ./SDK/platform/pal/src/timing/timing_irq.o
                0x00012dbc                FTM2_Ch0_Ch1_IrqHandler
 .text.FTM2_Ch2_Ch3_IrqHandler
                0x00012dfc       0x40 ./SDK/platform/pal/src/timing/timing_irq.o
                0x00012dfc                FTM2_Ch2_Ch3_IrqHandler
 .text.FTM2_Ch4_Ch5_IrqHandler
                0x00012e3c       0x40 ./SDK/platform/pal/src/timing/timing_irq.o
                0x00012e3c                FTM2_Ch4_Ch5_IrqHandler
 .text.FTM2_Ch6_Ch7_IrqHandler
                0x00012e7c       0x40 ./SDK/platform/pal/src/timing/timing_irq.o
                0x00012e7c                FTM2_Ch6_Ch7_IrqHandler
 .text.FTM3_Ch0_Ch1_IrqHandler
                0x00012ebc       0x40 ./SDK/platform/pal/src/timing/timing_irq.o
                0x00012ebc                FTM3_Ch0_Ch1_IrqHandler
 .text.FTM3_Ch2_Ch3_IrqHandler
                0x00012efc       0x40 ./SDK/platform/pal/src/timing/timing_irq.o
                0x00012efc                FTM3_Ch2_Ch3_IrqHandler
 .text.FTM3_Ch4_Ch5_IrqHandler
                0x00012f3c       0x40 ./SDK/platform/pal/src/timing/timing_irq.o
                0x00012f3c                FTM3_Ch4_Ch5_IrqHandler
 .text.FTM3_Ch6_Ch7_IrqHandler
                0x00012f7c       0x40 ./SDK/platform/pal/src/timing/timing_irq.o
                0x00012f7c                FTM3_Ch6_Ch7_IrqHandler
 .text.TIMING_Init
                0x00012fbc      0x17c ./SDK/platform/pal/src/timing/timing_pal.o
                0x00012fbc                TIMING_Init
 .text.TIMING_StartChannel
                0x00013138       0x84 ./SDK/platform/pal/src/timing/timing_pal.o
                0x00013138                TIMING_StartChannel
 .text.TIMING_Ftm_IrqHandler
                0x000131bc       0xf0 ./SDK/platform/pal/src/timing/timing_pal.o
                0x000131bc                TIMING_Ftm_IrqHandler
 .text.UART_Init
                0x000132ac       0xb0 ./SDK/platform/pal/src/uart/uart_pal.o
                0x000132ac                UART_Init
 .text.UART_SendDataBlocking
                0x0001335c       0x12 ./SDK/platform/pal/src/uart/uart_pal.o
                0x0001335c                UART_SendDataBlocking
 .text.UART_ReceiveData
                0x0001336e       0x12 ./SDK/platform/pal/src/uart/uart_pal.o
                0x0001336e                UART_ReceiveData
 .text.vListInitialise
                0x00013380       0x16 ./SDK/rtos/FreeRTOS_S32K/Source/list.o
                0x00013380                vListInitialise
 .text.vListInitialiseItem
                0x00013396        0x6 ./SDK/rtos/FreeRTOS_S32K/Source/list.o
                0x00013396                vListInitialiseItem
 .text.vListInsertEnd
                0x0001339c       0x18 ./SDK/rtos/FreeRTOS_S32K/Source/list.o
                0x0001339c                vListInsertEnd
 .text.vListInsert
                0x000133b4       0x34 ./SDK/rtos/FreeRTOS_S32K/Source/list.o
                0x000133b4                vListInsert
 .text.uxListRemove
                0x000133e8       0x26 ./SDK/rtos/FreeRTOS_S32K/Source/list.o
                0x000133e8                uxListRemove
 .text.prvIsQueueEmpty
                0x0001340e       0x16 ./SDK/rtos/FreeRTOS_S32K/Source/queue.o
 .text.prvCopyDataToQueue
                0x00013424       0x76 ./SDK/rtos/FreeRTOS_S32K/Source/queue.o
 .text.prvCopyDataFromQueue
                0x0001349a       0x24 ./SDK/rtos/FreeRTOS_S32K/Source/queue.o
 .text.prvUnlockQueue
                0x000134be       0x82 ./SDK/rtos/FreeRTOS_S32K/Source/queue.o
 .text.xQueueGenericReset
                0x00013540       0x80 ./SDK/rtos/FreeRTOS_S32K/Source/queue.o
                0x00013540                xQueueGenericReset
 .text.xQueueGenericCreate
                0x000135c0       0x44 ./SDK/rtos/FreeRTOS_S32K/Source/queue.o
                0x000135c0                xQueueGenericCreate
 .text.xQueueCreateCountingSemaphore
                0x00013604       0x40 ./SDK/rtos/FreeRTOS_S32K/Source/queue.o
                0x00013604                xQueueCreateCountingSemaphore
 .text.xQueueGenericSend
                0x00013644      0x188 ./SDK/rtos/FreeRTOS_S32K/Source/queue.o
                0x00013644                xQueueGenericSend
 .text.xQueueGenericSendFromISR
                0x000137cc       0xd6 ./SDK/rtos/FreeRTOS_S32K/Source/queue.o
                0x000137cc                xQueueGenericSendFromISR
 .text.xQueueGiveFromISR
                0x000138a2       0xb2 ./SDK/rtos/FreeRTOS_S32K/Source/queue.o
                0x000138a2                xQueueGiveFromISR
 .text.xQueueReceive
                0x00013954      0x158 ./SDK/rtos/FreeRTOS_S32K/Source/queue.o
                0x00013954                xQueueReceive
 .text.xQueueSemaphoreTake
                0x00013aac      0x1a8 ./SDK/rtos/FreeRTOS_S32K/Source/queue.o
                0x00013aac                xQueueSemaphoreTake
 .text.vQueueDelete
                0x00013c54       0x1c ./SDK/rtos/FreeRTOS_S32K/Source/queue.o
                0x00013c54                vQueueDelete
 .text.vQueueWaitForMessageRestricted
                0x00013c70       0x4e ./SDK/rtos/FreeRTOS_S32K/Source/queue.o
                0x00013c70                vQueueWaitForMessageRestricted
 *fill*         0x00013cbe        0x2 
 .text.prvResetNextTaskUnblockTime
                0x00013cc0       0x2c ./SDK/rtos/FreeRTOS_S32K/Source/tasks.o
 .text.prvIdleTask
                0x00013cec       0x70 ./SDK/rtos/FreeRTOS_S32K/Source/tasks.o
 .text.prvAddCurrentTaskToDelayedList
                0x00013d5c       0xa0 ./SDK/rtos/FreeRTOS_S32K/Source/tasks.o
 .text.xTaskCreate
                0x00013dfc      0x1cc ./SDK/rtos/FreeRTOS_S32K/Source/tasks.o
                0x00013dfc                xTaskCreate
 .text.vTaskStartScheduler
                0x00013fc8       0x84 ./SDK/rtos/FreeRTOS_S32K/Source/tasks.o
                0x00013fc8                vTaskStartScheduler
 .text.vTaskSuspendAll
                0x0001404c       0x10 ./SDK/rtos/FreeRTOS_S32K/Source/tasks.o
                0x0001404c                vTaskSuspendAll
 .text.xTaskGetTickCount
                0x0001405c        0xc ./SDK/rtos/FreeRTOS_S32K/Source/tasks.o
                0x0001405c                xTaskGetTickCount
 .text.xTaskIncrementTick
                0x00014068      0x128 ./SDK/rtos/FreeRTOS_S32K/Source/tasks.o
                0x00014068                xTaskIncrementTick
 .text.xTaskResumeAll
                0x00014190      0x100 ./SDK/rtos/FreeRTOS_S32K/Source/tasks.o
                0x00014190                xTaskResumeAll
 .text.vTaskDelay
                0x00014290       0x4c ./SDK/rtos/FreeRTOS_S32K/Source/tasks.o
                0x00014290                vTaskDelay
 .text.vTaskSwitchContext
                0x000142dc       0x94 ./SDK/rtos/FreeRTOS_S32K/Source/tasks.o
                0x000142dc                vTaskSwitchContext
 .text.vTaskPlaceOnEventList
                0x00014370       0x30 ./SDK/rtos/FreeRTOS_S32K/Source/tasks.o
                0x00014370                vTaskPlaceOnEventList
 .text.vTaskPlaceOnEventListRestricted
                0x000143a0       0x3c ./SDK/rtos/FreeRTOS_S32K/Source/tasks.o
                0x000143a0                vTaskPlaceOnEventListRestricted
 .text.xTaskRemoveFromEventList
                0x000143dc       0x88 ./SDK/rtos/FreeRTOS_S32K/Source/tasks.o
                0x000143dc                xTaskRemoveFromEventList
 .text.vTaskInternalSetTimeOutState
                0x00014464       0x18 ./SDK/rtos/FreeRTOS_S32K/Source/tasks.o
                0x00014464                vTaskInternalSetTimeOutState
 .text.xTaskCheckForTimeOut
                0x0001447c       0x9c ./SDK/rtos/FreeRTOS_S32K/Source/tasks.o
                0x0001447c                xTaskCheckForTimeOut
 .text.vTaskMissedYield
                0x00014518        0xc ./SDK/rtos/FreeRTOS_S32K/Source/tasks.o
                0x00014518                vTaskMissedYield
 .text.xTaskGetSchedulerState
                0x00014524       0x20 ./SDK/rtos/FreeRTOS_S32K/Source/tasks.o
                0x00014524                xTaskGetSchedulerState
 .text.xTaskPriorityInherit
                0x00014544       0xb8 ./SDK/rtos/FreeRTOS_S32K/Source/tasks.o
                0x00014544                xTaskPriorityInherit
 .text.xTaskPriorityDisinherit
                0x000145fc       0xb0 ./SDK/rtos/FreeRTOS_S32K/Source/tasks.o
                0x000145fc                xTaskPriorityDisinherit
 .text.vTaskPriorityDisinheritAfterTimeout
                0x000146ac       0xc0 ./SDK/rtos/FreeRTOS_S32K/Source/tasks.o
                0x000146ac                vTaskPriorityDisinheritAfterTimeout
 .text.pvTaskIncrementMutexHeldCount
                0x0001476c       0x1c ./SDK/rtos/FreeRTOS_S32K/Source/tasks.o
                0x0001476c                pvTaskIncrementMutexHeldCount
 .text.prvInsertTimerInActiveList
                0x00014788       0x48 ./SDK/rtos/FreeRTOS_S32K/Source/timers.o
 .text.prvCheckForValidListAndQueue
                0x000147d0       0x50 ./SDK/rtos/FreeRTOS_S32K/Source/timers.o
 .text.xTimerCreateTimerTask
                0x00014820       0x4c ./SDK/rtos/FreeRTOS_S32K/Source/timers.o
                0x00014820                xTimerCreateTimerTask
 .text.xTimerGenericCommand
                0x0001486c       0x60 ./SDK/rtos/FreeRTOS_S32K/Source/timers.o
                0x0001486c                xTimerGenericCommand
 .text.prvSampleTimeNow
                0x000148cc       0xa8 ./SDK/rtos/FreeRTOS_S32K/Source/timers.o
 .text.prvTimerTask
                0x00014974      0x1c8 ./SDK/rtos/FreeRTOS_S32K/Source/timers.o
 .text.prvTaskExitError
                0x00014b3c       0x40 ./SDK/rtos/FreeRTOS_S32K/Source/portable/GCC/ARM_CM4F/port.o
 .text.prvPortStartFirstTask
                0x00014b7c       0x28 ./SDK/rtos/FreeRTOS_S32K/Source/portable/GCC/ARM_CM4F/port.o
 .text.vPortEnableVFP
                0x00014ba4       0x14 ./SDK/rtos/FreeRTOS_S32K/Source/portable/GCC/ARM_CM4F/port.o
 .text.pxPortInitialiseStack
                0x00014bb8       0x2c ./SDK/rtos/FreeRTOS_S32K/Source/portable/GCC/ARM_CM4F/port.o
                0x00014bb8                pxPortInitialiseStack
 *fill*         0x00014be4        0xc 
 .text.SVC_Handler
                0x00014bf0       0x24 ./SDK/rtos/FreeRTOS_S32K/Source/portable/GCC/ARM_CM4F/port.o
                0x00014bf0                SVC_Handler
 .text.vPortEnterCritical
                0x00014c14       0x44 ./SDK/rtos/FreeRTOS_S32K/Source/portable/GCC/ARM_CM4F/port.o
                0x00014c14                vPortEnterCritical
 .text.vPortExitCritical
                0x00014c58       0x2c ./SDK/rtos/FreeRTOS_S32K/Source/portable/GCC/ARM_CM4F/port.o
                0x00014c58                vPortExitCritical
 *fill*         0x00014c84        0xc 
 .text.PendSV_Handler
                0x00014c90       0x64 ./SDK/rtos/FreeRTOS_S32K/Source/portable/GCC/ARM_CM4F/port.o
                0x00014c90                PendSV_Handler
 .text.SysTick_Handler
                0x00014cf4       0x2c ./SDK/rtos/FreeRTOS_S32K/Source/portable/GCC/ARM_CM4F/port.o
                0x00014cf4                SysTick_Handler
 .text.vPortSetupTimerInterrupt
                0x00014d20       0x28 ./SDK/rtos/FreeRTOS_S32K/Source/portable/GCC/ARM_CM4F/port.o
                0x00014d20                vPortSetupTimerInterrupt
 .text.xPortStartScheduler
                0x00014d48      0x118 ./SDK/rtos/FreeRTOS_S32K/Source/portable/GCC/ARM_CM4F/port.o
                0x00014d48                xPortStartScheduler
 .text.vPortValidateInterruptPriority
                0x00014e60       0x5c ./SDK/rtos/FreeRTOS_S32K/Source/portable/GCC/ARM_CM4F/port.o
                0x00014e60                vPortValidateInterruptPriority
 .text.pvPortMalloc
                0x00014ebc       0xc8 ./SDK/rtos/FreeRTOS_S32K/Source/portable/MemMang/heap_2.o
                0x00014ebc                pvPortMalloc
 .text.vPortFree
                0x00014f84       0x44 ./SDK/rtos/FreeRTOS_S32K/Source/portable/MemMang/heap_2.o
                0x00014f84                vPortFree
 .text.OSIF_SemaWait
                0x00014fc8       0x34 ./SDK/rtos/osif/osif_freertos.o
                0x00014fc8                OSIF_SemaWait
 .text.OSIF_SemaPost
                0x00014ffc       0x58 ./SDK/rtos/osif/osif_freertos.o
                0x00014ffc                OSIF_SemaPost
 .text.OSIF_SemaCreate
                0x00015054       0x14 ./SDK/rtos/osif/osif_freertos.o
                0x00015054                OSIF_SemaCreate
 .text.OSIF_SemaDestroy
                0x00015068        0xc ./SDK/rtos/osif/osif_freertos.o
                0x00015068                OSIF_SemaDestroy
 .text.app_main
                0x00015074       0x1c ./Sources/app_main.o
                0x00015074                app_main
 .text.CAN_eventHandler
                0x00015090       0x60 ./Sources/can.o
                0x00015090                CAN_eventHandler
 .text.can_init
                0x000150f0       0xec ./Sources/can.o
                0x000150f0                can_init
 .text.can_data_push
                0x000151dc      0x100 ./Sources/can_app.o
                0x000151dc                can_data_push
 .text.uart_send_received_can_data
                0x000152dc       0x18 ./Sources/can_app.o
                0x000152dc                uart_send_received_can_data
 .text.can_rx_array_queue_put
                0x000152f4       0x7c ./Sources/can_queue.o
                0x000152f4                can_rx_array_queue_put
 .text.can_rx_array_queue_get
                0x00015370       0x5c ./Sources/can_queue.o
                0x00015370                can_rx_array_queue_get
 .text.can_rx_array_queue_size
                0x000153cc       0x2c ./Sources/can_queue.o
                0x000153cc                can_rx_array_queue_size
 .text.can_queue_init
                0x000153f8       0x24 ./Sources/can_queue.o
                0x000153f8                can_queue_init
 .text.can_comm_rx_task_v
                0x0001541c       0x30 ./Sources/can_rx_task.o
                0x0001541c                can_comm_rx_task_v
 .text.clock_init_u8
                0x0001544c       0x28 ./Sources/clock.o
                0x0001544c                clock_init_u8
 .text.core_main_u8
                0x00015474       0x38 ./Sources/core_main.o
                0x00015474                core_main_u8
 .text.rtos_init_u8
                0x000154ac        0x8 ./Sources/core_main.o
                0x000154ac                rtos_init_u8
 .text.rtos_run
                0x000154b4        0x8 ./Sources/core_main.o
                0x000154b4                rtos_run
 .text.diagnostic_task_v
                0x000154bc       0x1c ./Sources/diagnostic_task.o
                0x000154bc                diagnostic_task_v
 .text.gpio_init_u8
                0x000154d8       0x14 ./Sources/gpio.o
                0x000154d8                gpio_init_u8
 .text.internal_flash_init
                0x000154ec       0x1c ./Sources/internal_flash.o
                0x000154ec                internal_flash_init
 .text.internal_flash_app_init
                0x00015508        0x8 ./Sources/internal_flash_app.o
                0x00015508                internal_flash_app_init
 .text.main     0x00015510       0x18 ./Sources/main.o
                0x00015510                main
 .text.operating_system_init_u8
                0x00015528      0x148 ./Sources/operating_system.o
                0x00015528                operating_system_init_u8
 .text.operating_system_start_scheduler_v
                0x00015670        0x8 ./Sources/operating_system.o
                0x00015670                operating_system_start_scheduler_v
 .text.nvic_init_v
                0x00015678       0x78 ./Sources/rr_nvic.o
                0x00015678                nvic_init_v
 .text.nvic_enable_all_Interrupts_v
                0x000156f0       0x3c ./Sources/rr_nvic.o
                0x000156f0                nvic_enable_all_Interrupts_v
 .text.nvic_disable_all_Interrupts_v
                0x0001572c       0x2c ./Sources/rr_nvic.o
                0x0001572c                nvic_disable_all_Interrupts_v
 .text.timer_init_u8
                0x00015758       0x30 ./Sources/timer.o
                0x00015758                timer_init_u8
 .text.timer_start_base_v
                0x00015788       0x48 ./Sources/timer.o
                0x00015788                timer_start_base_v
 .text.timer_pal_chan0_callback_1000ms_v
                0x000157d0       0x20 ./Sources/timer.o
                0x000157d0                timer_pal_chan0_callback_1000ms_v
 .text.timer_pal_chan1_callback_5000ms_v
                0x000157f0       0x78 ./Sources/timer.o
                0x000157f0                timer_pal_chan1_callback_5000ms_v
 .text.uart_rx_data_queue
                0x00015868       0x1c ./Sources/uart.o
                0x00015868                uart_rx_data_queue
 .text.uart_init
                0x00015884       0x20 ./Sources/uart.o
                0x00015884                uart_init
 .text.uart_tx_data
                0x000158a4       0x1c ./Sources/uart.o
                0x000158a4                uart_tx_data
 .text.uart0_rx_callback
                0x000158c0       0x3c ./Sources/uart.o
                0x000158c0                uart0_rx_callback
 .text.bootloader_app_uart_cmd_ack_send_v
                0x000158fc       0x46 ./Sources/uart_rx_task.o
                0x000158fc                bootloader_app_uart_cmd_ack_send_v
 *fill*         0x00015942        0x2 
 .text.uart_rx_task_v
                0x00015944       0x68 ./Sources/uart_rx_task.o
                0x00015944                uart_rx_task_v
 .text.send_heartbeat
                0x000159ac       0x44 ./Sources/uart_state_machine.o
                0x000159ac                send_heartbeat
 .text.execute_command
                0x000159f0       0xac ./Sources/uart_state_machine.o
                0x000159f0                execute_command
 .text.process_uart_data
                0x00015a9c      0x11c ./Sources/uart_state_machine.o
                0x00015a9c                process_uart_data
 .text.uart_tx_task_v
                0x00015bb8       0xdc ./Sources/uart_tx_task.o
                0x00015bb8                uart_tx_task_v
 .text.memcpy   0x00015c94       0x16 C:/NXP/S32DS_ARM_v2.2/S32DS/build_tools/gcc_v6.3/gcc-6.3-arm32-eabi/arm-none-eabi/newlib/lib/thumb/v7e-m/fpv4-sp/hard\libc_nano.a(lib_a-memcpy-stub.o)
                0x00015c94                memcpy
 .text.memset   0x00015caa       0x10 C:/NXP/S32DS_ARM_v2.2/S32DS/build_tools/gcc_v6.3/gcc-6.3-arm32-eabi/arm-none-eabi/newlib/lib/thumb/v7e-m/fpv4-sp/hard\libc_nano.a(lib_a-memset.o)
                0x00015caa                memset
 *(.rodata)
 *(.rodata*)
 *fill*         0x00015cba        0x2 
 .rodata.internal_flash_config_st
                0x00015cbc       0x14 ./Generated_Code/Flash1.o
                0x00015cbc                internal_flash_config_st
 .rodata.can_pal1_Config0
                0x00015cd0       0x34 ./Generated_Code/can_pal1.o
                0x00015cd0                can_pal1_Config0
 .rodata.can_pal1_instance
                0x00015d04        0x8 ./Generated_Code/can_pal1.o
                0x00015d04                can_pal1_instance
 .rodata.timing_pal1_instance
                0x00015d0c        0x8 ./Generated_Code/timing_pal1.o
                0x00015d0c                timing_pal1_instance
 .rodata.uart_pal1_Config0
                0x00015d14       0x20 ./Generated_Code/uart_pal1.o
                0x00015d14                uart_pal1_Config0
 .rodata.uart_pal1_instance
                0x00015d34        0x8 ./Generated_Code/uart_pal1.o
                0x00015d34                uart_pal1_instance
 .rodata.clockNameMappings
                0x00015d3c       0x9e ./SDK/platform/drivers/src/clock/S32K1xx/clock_S32K1xx.o
                0x00015d3c                clockNameMappings
 *fill*         0x00015dda        0x2 
 .rodata.maxSysClksInHSRUN.7598
                0x00015ddc       0x54 ./SDK/platform/drivers/src/clock/S32K1xx/clock_S32K1xx.o
 .rodata.maxSysClksInRUN.7597
                0x00015e30       0x54 ./SDK/platform/drivers/src/clock/S32K1xx/clock_S32K1xx.o
 .rodata.maxSysClksInVLPR.7596
                0x00015e84       0x54 ./SDK/platform/drivers/src/clock/S32K1xx/clock_S32K1xx.o
 .rodata.peripheralFeaturesList
                0x00015ed8       0x4f ./SDK/platform/drivers/src/clock/S32K1xx/clock_S32K1xx.o
                0x00015ed8                peripheralFeaturesList
 *fill*         0x00015f27        0x1 
 .rodata.g_flexcanBase
                0x00015f28        0xc ./SDK/platform/drivers/src/flexcan/flexcan_driver.o
 .rodata.g_flexcanBusOffIrqId
                0x00015f34        0x3 ./SDK/platform/drivers/src/flexcan/flexcan_driver.o
 *fill*         0x00015f37        0x1 
 .rodata.g_flexcanErrorIrqId
                0x00015f38        0x3 ./SDK/platform/drivers/src/flexcan/flexcan_driver.o
 *fill*         0x00015f3b        0x1 
 .rodata.g_flexcanOredMessageBufferIrqId
                0x00015f3c        0x6 ./SDK/platform/drivers/src/flexcan/flexcan_driver.o
 *fill*         0x00015f42        0x2 
 .rodata.g_flexcanWakeUpIrqId
                0x00015f44        0x3 ./SDK/platform/drivers/src/flexcan/flexcan_driver.o
 *fill*         0x00015f47        0x1 
 .rodata.payload_code.7574
                0x00015f48       0x41 ./SDK/platform/drivers/src/flexcan/flexcan_hw_access.o
 *fill*         0x00015f89        0x3 
 .rodata.g_ftmBase
                0x00015f8c       0x10 ./SDK/platform/drivers/src/ftm/ftm_common.o
                0x00015f8c                g_ftmBase
 .rodata.g_ftmExtClockSel
                0x00015f9c        0x8 ./SDK/platform/drivers/src/ftm/ftm_common.o
 .rodata.g_ftmFaultIrqId
                0x00015fa4        0x4 ./SDK/platform/drivers/src/ftm/ftm_common.o
                0x00015fa4                g_ftmFaultIrqId
 .rodata.g_ftmIrqId
                0x00015fa8       0x20 ./SDK/platform/drivers/src/ftm/ftm_common.o
                0x00015fa8                g_ftmIrqId
 .rodata.g_ftmOverflowIrqId
                0x00015fc8        0x4 ./SDK/platform/drivers/src/ftm/ftm_common.o
                0x00015fc8                g_ftmOverflowIrqId
 .rodata.g_ftmReloadIrqId
                0x00015fcc        0x4 ./SDK/platform/drivers/src/ftm/ftm_common.o
                0x00015fcc                g_ftmReloadIrqId
 .rodata.s_lpuartBase
                0x00015fd0        0xc ./SDK/platform/drivers/src/lpuart/lpuart_driver.o
 .rodata.s_lpuartClkNames
                0x00015fdc        0x3 ./SDK/platform/drivers/src/lpuart/lpuart_driver.o
 *fill*         0x00015fdf        0x1 
 .rodata.s_lpuartRxTxIrqId
                0x00015fe0        0x3 ./SDK/platform/drivers/src/lpuart/lpuart_driver.o
 *fill*         0x00015fe3        0x1 
 .rodata.s_timingOverFtmIsr
                0x00015fe4       0x80 ./SDK/platform/pal/src/timing/timing_irq.o
                0x00015fe4                s_timingOverFtmIsr
 .rodata.ftmBase
                0x00016064       0x10 ./SDK/platform/pal/src/timing/timing_pal.o
                0x00016064                ftmBase
 .rodata.s_ftmIrq
                0x00016074       0x20 ./SDK/platform/pal/src/timing/timing_pal.o
 .rodata.vTaskStartScheduler.str1.4
                0x00016094        0x5 ./SDK/rtos/FreeRTOS_S32K/Source/tasks.o
 *fill*         0x00016099        0x3 
 .rodata.xTimerCreateTimerTask.str1.4
                0x0001609c        0x8 ./SDK/rtos/FreeRTOS_S32K/Source/timers.o
 .rodata.operating_system_init_u8.str1.4
                0x000160a4       0x38 ./Sources/operating_system.o
                                 0x37 (size before relaxing)
 *(.init)
 .init          0x000160dc        0x4 c:/nxp/s32ds_arm_v2.2/s32ds/build_tools/gcc_v6.3/gcc-6.3-arm32-eabi/bin/../lib/gcc/arm-none-eabi/6.3.1/thumb/v7e-m/fpv4-sp/hard/crti.o
                0x000160dc                _init
 *(.fini)
 .fini          0x000160e0        0x4 c:/nxp/s32ds_arm_v2.2/s32ds/build_tools/gcc_v6.3/gcc-6.3-arm32-eabi/bin/../lib/gcc/arm-none-eabi/6.3.1/thumb/v7e-m/fpv4-sp/hard/crti.o
                0x000160e0                _fini
 *(.eh_frame)
                0x000160e4                . = ALIGN (0x4)

.glue_7         0x000160e4        0x0
 .glue_7        0x000160e4        0x0 linker stubs

.glue_7t        0x000160e4        0x0
 .glue_7t       0x000160e4        0x0 linker stubs

.vfp11_veneer   0x000160e4        0x0
 .vfp11_veneer  0x000160e4        0x0 linker stubs

.v4_bx          0x000160e4        0x0
 .v4_bx         0x000160e4        0x0 linker stubs

.iplt           0x000160e4        0x0
 .iplt          0x000160e4        0x0 c:/nxp/s32ds_arm_v2.2/s32ds/build_tools/gcc_v6.3/gcc-6.3-arm32-eabi/bin/../lib/gcc/arm-none-eabi/6.3.1/thumb/v7e-m/fpv4-sp/hard/crtbegin.o

.rel.dyn        0x000160e4        0x0
 .rel.iplt      0x000160e4        0x0 c:/nxp/s32ds_arm_v2.2/s32ds/build_tools/gcc_v6.3/gcc-6.3-arm32-eabi/bin/../lib/gcc/arm-none-eabi/6.3.1/thumb/v7e-m/fpv4-sp/hard/crtbegin.o

.ARM            0x000160e4        0x0
                0x000160e4                __exidx_start = .
 *(.ARM.exidx*)
                0x000160e4                __exidx_end = .
                0x000160e4                __etext = .
                0x000160e4                __DATA_ROM = .

.interrupts_ram
                0x1fff8000      0x400
                0x1fff8000                . = ALIGN (0x4)
                0x1fff8000                __VECTOR_RAM__ = .
                0x1fff8000                __RAM_START = .
                0x1fff8000                __interrupts_ram_start__ = .
 *(.m_interrupts_ram)
                0x1fff8400                . = (. + M_VECTOR_RAM_SIZE)
 *fill*         0x1fff8000      0x400 
                0x1fff8400                . = ALIGN (0x4)
                0x1fff8400                __interrupts_ram_end__ = .
                0x1fff8000                __VECTOR_RAM = DEFINED (__flash_vector_table__)?ORIGIN (m_interrupts):__VECTOR_RAM__
                0x00000400                __RAM_VECTOR_TABLE_SIZE = DEFINED (__flash_vector_table__)?0x0:(__interrupts_ram_end__ - __interrupts_ram_start__)

.data           0x1fff8400     0x1294 load address 0x000160e4
                0x1fff8400                . = ALIGN (0x4)
                0x1fff8400                __DATA_RAM = .
                0x1fff8400                __data_start__ = .
 *(.data)
 *(.data*)
 .data.clockMan1_InitConfig0
                0x1fff8400       0x78 ./Generated_Code/clockMan1.o
                0x1fff8400                clockMan1_InitConfig0
 .data.g_clockManConfigsArr
                0x1fff8478        0x4 ./Generated_Code/clockMan1.o
                0x1fff8478                g_clockManConfigsArr
 .data.peripheralClockConfig0
                0x1fff847c       0x50 ./Generated_Code/clockMan1.o
                0x1fff847c                peripheralClockConfig0
 .data.g_pin_mux_InitConfigArr
                0x1fff84cc       0x60 ./Generated_Code/pin_mux.o
                0x1fff84cc                g_pin_mux_InitConfigArr
 .data.timing_pal1_InitConfig
                0x1fff852c        0xc ./Generated_Code/timing_pal1.o
                0x1fff852c                timing_pal1_InitConfig
 .data.timing_pal1_channelConfigs
                0x1fff8538       0x18 ./Generated_Code/timing_pal1.o
                0x1fff8538                timing_pal1_channelConfigs
 .data.timing_pal1_ftmExtension
                0x1fff8550        0x4 ./Generated_Code/timing_pal1.o
                0x1fff8550                timing_pal1_ftmExtension
 .data.peripheralClockConfig.7360
                0x1fff8554       0xa0 ./SDK/platform/drivers/src/clock/S32K1xx/clock_S32K1xx.o
 .data.g_lpuartIsr
                0x1fff85f4        0xc ./SDK/platform/drivers/src/lpuart/lpuart_irq.o
                0x1fff85f4                g_lpuartIsr
 .data.uxCriticalNesting
                0x1fff8600        0x4 ./SDK/rtos/FreeRTOS_S32K/Source/portable/GCC/ARM_CM4F/port.o
 .data.xFreeBytesRemaining
                0x1fff8604        0x4 ./SDK/rtos/FreeRTOS_S32K/Source/portable/MemMang/heap_2.o
 .data.can_data
                0x1fff8608     0x1070 ./Sources/can_app.o
                0x1fff8608                can_data
 .data.nvic_init_st
                0x1fff9678       0x18 ./Sources/rr_nvic.o
                0x1fff9678                nvic_init_st
 .data.uart_receive_counter_u16
                0x1fff9690        0x2 ./Sources/uart.o
                0x1fff9690                uart_receive_counter_u16
                0x1fff9694                . = ALIGN (0x4)
 *fill*         0x1fff9692        0x2 
                0x1fff9694                __data_end__ = .
                0x00017378                __DATA_END = (__DATA_ROM + (__data_end__ - __data_start__))
                0x00017378                __CODE_ROM = __DATA_END

.igot.plt       0x1fff9694        0x0 load address 0x00017378
 .igot.plt      0x1fff9694        0x0 c:/nxp/s32ds_arm_v2.2/s32ds/build_tools/gcc_v6.3/gcc-6.3-arm32-eabi/bin/../lib/gcc/arm-none-eabi/6.3.1/thumb/v7e-m/fpv4-sp/hard/crtbegin.o

m_data          0x1fff9694     0x1780 load address 0x00017378
 m_data         0x1fff9694     0x1780 ./Sources/can_queue.o

m_data_2        0x1fffae14     0x1780 load address 0x00018af8
 m_data_2       0x1fffae14     0x1780 ./Sources/can_queue.o

.code           0x1fffc594        0x0 load address 0x00017378
                0x1fffc594                . = ALIGN (0x4)
                0x1fffc594                __CODE_RAM = .
                0x1fffc594                __code_start__ = .
                0x1fffc594                __code_ram_start__ = .
 *(.code_ram)
                0x1fffc594                . = ALIGN (0x4)
                0x1fffc594                __code_end__ = .
                0x1fffc594                __code_ram_end__ = .
                0x00017378                __CODE_END = (__CODE_ROM + (__code_end__ - __code_start__))
                0x00017378                __CUSTOM_ROM = __CODE_END

.customSectionBlock
                0x20000000        0x0 load address 0x00017378
                0x20000000                __customSection_start__ = .
 *(.customSection)
                0x20000000                __customSection_end__ = .
                0x00017378                __CUSTOM_END = (__CUSTOM_ROM + (__customSection_end__ - __customSection_start__))

.bss            0x20000000     0x5b38
                0x20000000                . = ALIGN (0x4)
                0x20000000                __BSS_START = .
                0x20000000                __bss_start__ = .
 *(.bss)
 *(.bss*)
 .bss.g_clockManCallbacksArr
                0x20000000        0x4 ./Generated_Code/clockMan1.o
                0x20000000                g_clockManCallbacksArr
 .bss.g_RtcClkInFreq
                0x20000004        0x4 ./SDK/platform/drivers/src/clock/S32K1xx/clock_S32K1xx.o
                0x20000004                g_RtcClkInFreq
 .bss.g_TClkFreq
                0x20000008        0xc ./SDK/platform/drivers/src/clock/S32K1xx/clock_S32K1xx.o
                0x20000008                g_TClkFreq
 .bss.g_clockState
                0x20000014       0x10 ./SDK/platform/drivers/src/clock/S32K1xx/clock_S32K1xx.o
 .bss.g_xtal0ClkFreq
                0x20000024        0x4 ./SDK/platform/drivers/src/clock/S32K1xx/clock_S32K1xx.o
                0x20000024                g_xtal0ClkFreq
 .bss.s_virtEdmaState
                0x20000028        0x4 ./SDK/platform/drivers/src/edma/edma_driver.o
 .bss.g_flexcanStatePtr
                0x2000002c        0xc ./SDK/platform/drivers/src/flexcan/flexcan_driver.o
 .bss.ftmStatePtr
                0x20000038       0x10 ./SDK/platform/drivers/src/ftm/ftm_common.o
                0x20000038                ftmStatePtr
 .bss.g_interruptDisableCount
                0x20000048        0x4 ./SDK/platform/drivers/src/interrupt/interrupt_manager.o
 .bss.s_lpuartStatePtr
                0x2000004c        0xc ./SDK/platform/drivers/src/lpuart/lpuart_driver.o
 .bss.s_flexcanRxFifoState
                0x20000058        0x2 ./SDK/platform/pal/src/can/can_pal.o
 *fill*         0x2000005a        0x2 
 .bss.s_flexcanState
                0x2000005c      0x194 ./SDK/platform/pal/src/can/can_pal.o
 .bss.s_flexcanStateInstanceMapping
                0x200001f0        0x4 ./SDK/platform/pal/src/can/can_pal.o
 .bss.s_flexcanStateIsAllocated
                0x200001f4        0x1 ./SDK/platform/pal/src/can/can_pal.o
 *fill*         0x200001f5        0x3 
 .bss.s_hwObjConfigs
                0x200001f8       0x80 ./SDK/platform/pal/src/can/can_pal.o
 .bss.userCallbacks
                0x20000278        0x4 ./SDK/platform/pal/src/can/can_pal.o
 .bss.ftmState.7463
                0x2000027c      0x180 ./SDK/platform/pal/src/timing/timing_pal.o
 .bss.g_ftmChannelRunning
                0x200003fc       0x20 ./SDK/platform/pal/src/timing/timing_pal.o
                0x200003fc                g_ftmChannelRunning
 .bss.s_ftmState
                0x2000041c      0x300 ./SDK/platform/pal/src/timing/timing_pal.o
 .bss.s_lpuartState
                0x2000071c       0x38 ./SDK/platform/pal/src/uart/uart_pal.o
 .bss.s_lpuartStateInstanceMapping
                0x20000754        0x1 ./SDK/platform/pal/src/uart/uart_pal.o
 *fill*         0x20000755        0x3 
 .bss.s_lpuartStateIsAllocated
                0x20000758        0x1 ./SDK/platform/pal/src/uart/uart_pal.o
 *fill*         0x20000759        0x3 
 .bss.pxCurrentTCB
                0x2000075c        0x4 ./SDK/rtos/FreeRTOS_S32K/Source/tasks.o
                0x2000075c                pxCurrentTCB
 .bss.pxDelayedTaskList
                0x20000760        0x4 ./SDK/rtos/FreeRTOS_S32K/Source/tasks.o
 .bss.pxOverflowDelayedTaskList
                0x20000764        0x4 ./SDK/rtos/FreeRTOS_S32K/Source/tasks.o
 .bss.pxReadyTasksLists
                0x20000768       0xa0 ./SDK/rtos/FreeRTOS_S32K/Source/tasks.o
 .bss.uxCurrentNumberOfTasks
                0x20000808        0x4 ./SDK/rtos/FreeRTOS_S32K/Source/tasks.o
 .bss.uxDeletedTasksWaitingCleanUp
                0x2000080c        0x4 ./SDK/rtos/FreeRTOS_S32K/Source/tasks.o
 .bss.uxPendedTicks
                0x20000810        0x4 ./SDK/rtos/FreeRTOS_S32K/Source/tasks.o
 .bss.uxSchedulerSuspended
                0x20000814        0x4 ./SDK/rtos/FreeRTOS_S32K/Source/tasks.o
 .bss.uxTaskNumber
                0x20000818        0x4 ./SDK/rtos/FreeRTOS_S32K/Source/tasks.o
 .bss.uxTopReadyPriority
                0x2000081c        0x4 ./SDK/rtos/FreeRTOS_S32K/Source/tasks.o
 .bss.xDelayedTaskList1
                0x20000820       0x14 ./SDK/rtos/FreeRTOS_S32K/Source/tasks.o
 .bss.xDelayedTaskList2
                0x20000834       0x14 ./SDK/rtos/FreeRTOS_S32K/Source/tasks.o
 .bss.xIdleTaskHandle
                0x20000848        0x4 ./SDK/rtos/FreeRTOS_S32K/Source/tasks.o
 .bss.xNextTaskUnblockTime
                0x2000084c        0x4 ./SDK/rtos/FreeRTOS_S32K/Source/tasks.o
 .bss.xNumOfOverflows
                0x20000850        0x4 ./SDK/rtos/FreeRTOS_S32K/Source/tasks.o
 .bss.xPendingReadyList
                0x20000854       0x14 ./SDK/rtos/FreeRTOS_S32K/Source/tasks.o
 .bss.xSchedulerRunning
                0x20000868        0x4 ./SDK/rtos/FreeRTOS_S32K/Source/tasks.o
 .bss.xSuspendedTaskList
                0x2000086c       0x14 ./SDK/rtos/FreeRTOS_S32K/Source/tasks.o
 .bss.xTasksWaitingTermination
                0x20000880       0x14 ./SDK/rtos/FreeRTOS_S32K/Source/tasks.o
 .bss.xTickCount
                0x20000894        0x4 ./SDK/rtos/FreeRTOS_S32K/Source/tasks.o
 .bss.xYieldPending
                0x20000898        0x4 ./SDK/rtos/FreeRTOS_S32K/Source/tasks.o
 .bss.pxCurrentTimerList
                0x2000089c        0x4 ./SDK/rtos/FreeRTOS_S32K/Source/timers.o
 .bss.pxOverflowTimerList
                0x200008a0        0x4 ./SDK/rtos/FreeRTOS_S32K/Source/timers.o
 .bss.xActiveTimerList1
                0x200008a4       0x14 ./SDK/rtos/FreeRTOS_S32K/Source/timers.o
 .bss.xActiveTimerList2
                0x200008b8       0x14 ./SDK/rtos/FreeRTOS_S32K/Source/timers.o
 .bss.xLastTime.6385
                0x200008cc        0x4 ./SDK/rtos/FreeRTOS_S32K/Source/timers.o
 .bss.xTimerQueue
                0x200008d0        0x4 ./SDK/rtos/FreeRTOS_S32K/Source/timers.o
 .bss.xTimerTaskHandle
                0x200008d4        0x4 ./SDK/rtos/FreeRTOS_S32K/Source/timers.o
 .bss.ucMaxSysCallPriority
                0x200008d8        0x1 ./SDK/rtos/FreeRTOS_S32K/Source/portable/GCC/ARM_CM4F/port.o
 *fill*         0x200008d9        0x3 
 .bss.ulMaxPRIGROUPValue
                0x200008dc        0x4 ./SDK/rtos/FreeRTOS_S32K/Source/portable/GCC/ARM_CM4F/port.o
 .bss.ucHeap    0x200008e0     0x4e20 ./SDK/rtos/FreeRTOS_S32K/Source/portable/MemMang/heap_2.o
 .bss.xEnd      0x20005700        0x8 ./SDK/rtos/FreeRTOS_S32K/Source/portable/MemMang/heap_2.o
 .bss.xHeapHasBeenInitialised.6103
                0x20005708        0x4 ./SDK/rtos/FreeRTOS_S32K/Source/portable/MemMang/heap_2.o
 .bss.xStart    0x2000570c        0x8 ./SDK/rtos/FreeRTOS_S32K/Source/portable/MemMang/heap_2.o
 .bss.can_tx_buff_config
                0x20005714        0x5 ./Sources/can.o
                0x20005714                can_tx_buff_config
 *fill*         0x20005719        0x3 
 .bss.can_tx_buff_config1
                0x2000571c        0x5 ./Sources/can.o
                0x2000571c                can_tx_buff_config1
 .bss.last_can_command_ack_pending
                0x20005721        0x1 ./Sources/can.o
                0x20005721                last_can_command_ack_pending
 *fill*         0x20005722        0x2 
 .bss.message_can
                0x20005724       0x4c ./Sources/can.o
                0x20005724                message_can
 .bss.can_uart_tx_queue_data_st
                0x20005770        0x2 ./Sources/can_app.o
                0x20005770                can_uart_tx_queue_data_st
 *fill*         0x20005772        0x2 
 .bss.i.9617    0x20005774        0x4 ./Sources/can_app.o
 .bss.total_uart_length_u16
                0x20005778        0x2 ./Sources/can_app.o
                0x20005778                total_uart_length_u16
 *fill*         0x2000577a        0x2 
 .bss.flashSSDConfig
                0x2000577c       0x1c ./Sources/internal_flash.o
                0x2000577c                flashSSDConfig
 .bss.exit_code
                0x20005798        0x4 ./Sources/main.o
                0x20005798                exit_code
 .bss.can_rx_intrupt_Semaphore
                0x2000579c        0x4 ./Sources/operating_system.o
                0x2000579c                can_rx_intrupt_Semaphore
 .bss.os_can_rx_task_handle_ge
                0x200057a0        0x4 ./Sources/operating_system.o
                0x200057a0                os_can_rx_task_handle_ge
 .bss.os_diagnostic_task_handle_ge
                0x200057a4        0x4 ./Sources/operating_system.o
                0x200057a4                os_diagnostic_task_handle_ge
 .bss.os_uart_rx_queue_handler_ge
                0x200057a8        0x4 ./Sources/operating_system.o
                0x200057a8                os_uart_rx_queue_handler_ge
 .bss.os_uart_rx_task_handle_ge
                0x200057ac        0x4 ./Sources/operating_system.o
                0x200057ac                os_uart_rx_task_handle_ge
 .bss.os_uart_tx_queue_handler_ge
                0x200057b0        0x4 ./Sources/operating_system.o
                0x200057b0                os_uart_tx_queue_handler_ge
 .bss.os_uart_tx_task_handle_ge
                0x200057b4        0x4 ./Sources/operating_system.o
                0x200057b4                os_uart_tx_task_handle_ge
 .bss.uart_rx_intrupt_Semaphore
                0x200057b8        0x4 ./Sources/operating_system.o
                0x200057b8                uart_rx_intrupt_Semaphore
 .bss.uart_tx_intrupt_Semaphore
                0x200057bc        0x4 ./Sources/operating_system.o
                0x200057bc                uart_tx_intrupt_Semaphore
 .bss.nvic_num_of_slots_configured_gu8
                0x200057c0        0x1 ./Sources/rr_nvic.o
                0x200057c0                nvic_num_of_slots_configured_gu8
 *fill*         0x200057c1        0x3 
 .bss.ftm_tim_sys_freq_u32
                0x200057c4       0x10 ./Sources/timer.o
                0x200057c4                ftm_tim_sys_freq_u32
 .bss.n58_communication_start_vu8
                0x200057d4        0x1 ./Sources/timer.o
                0x200057d4                n58_communication_start_vu8
 .bss.timer_10s_counter_u8.9303
                0x200057d5        0x1 ./Sources/timer.o
 .bss.timer_5s_counter_u8.9302
                0x200057d6        0x1 ./Sources/timer.o
 *fill*         0x200057d7        0x1 
 .bss.uart_received_data_au8
                0x200057d8      0x20d ./Sources/uart.o
                0x200057d8                uart_received_data_au8
 *fill*         0x200059e5        0x3 
 .bss.queue_received_uart_ack_gst
                0x200059e8        0x2 ./Sources/uart_rx_task.o
                0x200059e8                queue_received_uart_ack_gst
 .bss.bootloader_enable_command_received_u8
                0x200059ea        0x1 ./Sources/uart_state_machine.o
                0x200059ea                bootloader_enable_command_received_u8
 .bss.crc_byte_1.9676
                0x200059eb        0x1 ./Sources/uart_state_machine.o
 .bss.data_process_state.9672
                0x200059ec        0x1 ./Sources/uart_state_machine.o
 .bss.heart_beat_flag
                0x200059ed        0x1 ./Sources/uart_state_machine.o
                0x200059ed                heart_beat_flag
 .bss.last_uart_command_ack_pending
                0x200059ee        0x1 ./Sources/uart_state_machine.o
                0x200059ee                last_uart_command_ack_pending
 .bss.len_byte1.9674
                0x200059ef        0x1 ./Sources/uart_state_machine.o
 .bss.len_counter.9680
                0x200059f0        0x2 ./Sources/uart_state_machine.o
 .bss.length_16.9678
                0x200059f2        0x2 ./Sources/uart_state_machine.o
 .bss.uart_rx_data.9673
                0x200059f4      0x13c ./Sources/uart_state_machine.o
 .bss.can_mst_try_u8
                0x20005b30        0x1 ./Sources/uart_tx_task.o
                0x20005b30                can_mst_try_u8
 .bss.heart_beat_mst_try_u8
                0x20005b31        0x1 ./Sources/uart_tx_task.o
                0x20005b31                heart_beat_mst_try_u8
 *fill*         0x20005b32        0x2 
 .bss.queue_received_uart_send_gst
                0x20005b34        0x2 ./Sources/uart_tx_task.o
                0x20005b34                queue_received_uart_send_gst
 *(COMMON)
                0x20005b38                . = ALIGN (0x4)
 *fill*         0x20005b36        0x2 
                0x20005b38                __bss_end__ = .
                0x20005b38                __BSS_END = .

.heap           0x20005b38      0x400
                0x20005b38                . = ALIGN (0x8)
                0x20005b38                __end__ = .
                0x20005b38                __heap_start__ = .
                [!provide]                PROVIDE (end, .)
                [!provide]                PROVIDE (_end, .)
                [!provide]                PROVIDE (__end, .)
                0x20005b38                __HeapBase = .
                0x20005f38                . = (. + HEAP_SIZE)
 *fill*         0x20005b38      0x400 
                0x20005f38                __HeapLimit = .
                0x20005f38                __heap_limit = .
                0x20005f38                __heap_end__ = .
                0x20007000                __StackTop = (ORIGIN (m_data_2) + LENGTH (m_data_2))
                0x20006c00                __StackLimit = (__StackTop - STACK_SIZE)
                0x20007000                PROVIDE (__stack, __StackTop)
                0x20007000                __RAM_END = __StackTop

.stack          0x20006c00      0x400
                0x20006c00                . = ALIGN (0x8)
                0x20006c00                __stack_start__ = .
                0x20007000                . = (. + STACK_SIZE)
 *fill*         0x20006c00      0x400 
                0x20007000                __stack_end__ = .

.ARM.attributes
                0x00000000       0x30
 *(.ARM.attributes)
 .ARM.attributes
                0x00000000       0x22 c:/nxp/s32ds_arm_v2.2/s32ds/build_tools/gcc_v6.3/gcc-6.3-arm32-eabi/bin/../lib/gcc/arm-none-eabi/6.3.1/thumb/v7e-m/fpv4-sp/hard/crti.o
 .ARM.attributes
                0x00000022       0x39 ./Generated_Code/Flash1.o
 .ARM.attributes
                0x0000005b       0x39 ./Generated_Code/can_pal1.o
 .ARM.attributes
                0x00000094       0x39 ./Generated_Code/clockMan1.o
 .ARM.attributes
                0x000000cd       0x39 ./Generated_Code/pin_mux.o
 .ARM.attributes
                0x00000106       0x39 ./Generated_Code/timing_pal1.o
 .ARM.attributes
                0x0000013f       0x39 ./Generated_Code/uart_pal1.o
 .ARM.attributes
                0x00000178       0x1f ./Project_Settings/Startup_Code/startup_S32K144.o
 .ARM.attributes
                0x00000197       0x39 ./SDK/platform/devices/S32K144/startup/system_S32K144.o
 .ARM.attributes
                0x000001d0       0x39 ./SDK/platform/devices/startup.o
 .ARM.attributes
                0x00000209       0x39 ./SDK/platform/drivers/src/clock/S32K1xx/clock_S32K1xx.o
 .ARM.attributes
                0x00000242       0x39 ./SDK/platform/drivers/src/edma/edma_driver.o
 .ARM.attributes
                0x0000027b       0x39 ./SDK/platform/drivers/src/edma/edma_hw_access.o
 .ARM.attributes
                0x000002b4       0x39 ./SDK/platform/drivers/src/edma/edma_irq.o
 .ARM.attributes
                0x000002ed       0x39 ./SDK/platform/drivers/src/flash/flash_driver.o
 .ARM.attributes
                0x00000326       0x39 ./SDK/platform/drivers/src/flexcan/flexcan_driver.o
 .ARM.attributes
                0x0000035f       0x39 ./SDK/platform/drivers/src/flexcan/flexcan_hw_access.o
 .ARM.attributes
                0x00000398       0x39 ./SDK/platform/drivers/src/flexcan/flexcan_irq.o
 .ARM.attributes
                0x000003d1       0x39 ./SDK/platform/drivers/src/ftm/ftm_common.o
 .ARM.attributes
                0x0000040a       0x39 ./SDK/platform/drivers/src/ftm/ftm_hw_access.o
 .ARM.attributes
                0x00000443       0x39 ./SDK/platform/drivers/src/ftm/ftm_oc_driver.o
 .ARM.attributes
                0x0000047c       0x39 ./SDK/platform/drivers/src/interrupt/interrupt_manager.o
 .ARM.attributes
                0x000004b5       0x39 ./SDK/platform/drivers/src/lpuart/lpuart_driver.o
 .ARM.attributes
                0x000004ee       0x39 ./SDK/platform/drivers/src/lpuart/lpuart_hw_access.o
 .ARM.attributes
                0x00000527       0x39 ./SDK/platform/drivers/src/lpuart/lpuart_irq.o
 .ARM.attributes
                0x00000560       0x39 ./SDK/platform/drivers/src/pins/pins_driver.o
 .ARM.attributes
                0x00000599       0x39 ./SDK/platform/drivers/src/pins/pins_port_hw_access.o
 .ARM.attributes
                0x000005d2       0x39 ./SDK/platform/pal/src/can/can_pal.o
 .ARM.attributes
                0x0000060b       0x39 ./SDK/platform/pal/src/timing/timing_irq.o
 .ARM.attributes
                0x00000644       0x39 ./SDK/platform/pal/src/timing/timing_pal.o
 .ARM.attributes
                0x0000067d       0x39 ./SDK/platform/pal/src/uart/uart_pal.o
 .ARM.attributes
                0x000006b6       0x39 ./SDK/rtos/FreeRTOS_S32K/Source/list.o
 .ARM.attributes
                0x000006ef       0x39 ./SDK/rtos/FreeRTOS_S32K/Source/queue.o
 .ARM.attributes
                0x00000728       0x39 ./SDK/rtos/FreeRTOS_S32K/Source/tasks.o
 .ARM.attributes
                0x00000761       0x39 ./SDK/rtos/FreeRTOS_S32K/Source/timers.o
 .ARM.attributes
                0x0000079a       0x39 ./SDK/rtos/FreeRTOS_S32K/Source/portable/GCC/ARM_CM4F/port.o
 .ARM.attributes
                0x000007d3       0x39 ./SDK/rtos/FreeRTOS_S32K/Source/portable/MemMang/heap_2.o
 .ARM.attributes
                0x0000080c       0x39 ./SDK/rtos/osif/osif_freertos.o
 .ARM.attributes
                0x00000845       0x39 ./Sources/app_main.o
 .ARM.attributes
                0x0000087e       0x39 ./Sources/can.o
 .ARM.attributes
                0x000008b7       0x39 ./Sources/can_app.o
 .ARM.attributes
                0x000008f0       0x39 ./Sources/can_queue.o
 .ARM.attributes
                0x00000929       0x39 ./Sources/can_rx_task.o
 .ARM.attributes
                0x00000962       0x39 ./Sources/clock.o
 .ARM.attributes
                0x0000099b       0x39 ./Sources/core_main.o
 .ARM.attributes
                0x000009d4       0x39 ./Sources/diagnostic_task.o
 .ARM.attributes
                0x00000a0d       0x39 ./Sources/gpio.o
 .ARM.attributes
                0x00000a46       0x39 ./Sources/internal_flash.o
 .ARM.attributes
                0x00000a7f       0x39 ./Sources/internal_flash_app.o
 .ARM.attributes
                0x00000ab8       0x39 ./Sources/main.o
 .ARM.attributes
                0x00000af1       0x39 ./Sources/operating_system.o
 .ARM.attributes
                0x00000b2a       0x39 ./Sources/rr_nvic.o
 .ARM.attributes
                0x00000b63       0x39 ./Sources/timer.o
 .ARM.attributes
                0x00000b9c       0x39 ./Sources/uart.o
 .ARM.attributes
                0x00000bd5       0x39 ./Sources/uart_rx_task.o
 .ARM.attributes
                0x00000c0e       0x39 ./Sources/uart_state_machine.o
 .ARM.attributes
                0x00000c47       0x39 ./Sources/uart_tx_task.o
 .ARM.attributes
                0x00000c80       0x34 C:/NXP/S32DS_ARM_v2.2/S32DS/build_tools/gcc_v6.3/gcc-6.3-arm32-eabi/arm-none-eabi/newlib/lib/thumb/v7e-m/fpv4-sp/hard\libc_nano.a(lib_a-memcpy-stub.o)
 .ARM.attributes
                0x00000cb4       0x34 C:/NXP/S32DS_ARM_v2.2/S32DS/build_tools/gcc_v6.3/gcc-6.3-arm32-eabi/arm-none-eabi/newlib/lib/thumb/v7e-m/fpv4-sp/hard\libc_nano.a(lib_a-memset.o)
                0x00000001                ASSERT ((__StackLimit >= __HeapLimit), region m_data_2 overflowed with stack and heap)
OUTPUT(bytebeam_nxp_s32k144.elf elf32-littlearm)

.debug_info     0x00000000    0x657ed
 .debug_info    0x00000000     0x27d5 ./Generated_Code/Flash1.o
 .debug_info    0x000027d5     0x27e2 ./Generated_Code/can_pal1.o
 .debug_info    0x00004fb7     0x290a ./Generated_Code/clockMan1.o
 .debug_info    0x000078c1      0x406 ./Generated_Code/pin_mux.o
 .debug_info    0x00007cc7     0x27fc ./Generated_Code/timing_pal1.o
 .debug_info    0x0000a4c3     0x27e2 ./Generated_Code/uart_pal1.o
 .debug_info    0x0000cca5       0x26 ./Project_Settings/Startup_Code/startup_S32K144.o
 .debug_info    0x0000cccb      0x521 ./SDK/platform/devices/S32K144/startup/system_S32K144.o
 .debug_info    0x0000d1ec      0x2ad ./SDK/platform/devices/startup.o
 .debug_info    0x0000d499     0x5ae6 ./SDK/platform/drivers/src/clock/S32K1xx/clock_S32K1xx.o
 .debug_info    0x00012f7f     0x3771 ./SDK/platform/drivers/src/edma/edma_driver.o
 .debug_info    0x000166f0      0x960 ./SDK/platform/drivers/src/edma/edma_hw_access.o
 .debug_info    0x00017050      0x6db ./SDK/platform/drivers/src/edma/edma_irq.o
 .debug_info    0x0001772b     0x188f ./SDK/platform/drivers/src/flash/flash_driver.o
 .debug_info    0x00018fba     0x5054 ./SDK/platform/drivers/src/flexcan/flexcan_driver.o
 .debug_info    0x0001e00e     0x1d7b ./SDK/platform/drivers/src/flexcan/flexcan_hw_access.o
 .debug_info    0x0001fd89      0x275 ./SDK/platform/drivers/src/flexcan/flexcan_irq.o
 .debug_info    0x0001fffe     0x2c43 ./SDK/platform/drivers/src/ftm/ftm_common.o